<html>
<body>
<pre>
<h1>µVision Build Log</h1>
<h2>Tool Versions:</h2>
IDE-Version: µVision V5.29.0.0
Copyright (C) 2019 ARM Ltd and ARM Germany GmbH. All rights reserved.
License Information: Alex -, -, LIC=7YK12-949TV-F14PT-RNVTK-4YUSM-YJV9N
 
Tool Versions:
Toolchain:       MDK-ARM Professional  Version: 5.29.0.0
Toolchain Path:  C:\Keil_v5\ARM\ARMCC\Bin
C Compiler:      Armcc.exe V5.06 update 6 (build 750)
Assembler:       Armasm.exe V5.06 update 6 (build 750)
Linker/Locator:  ArmLink.exe V5.06 update 6 (build 750)
Library Manager: ArmAr.exe V5.06 update 6 (build 750)
Hex Converter:   FromElf.exe V5.06 update 6 (build 750)
CPU DLL:         SARMCM3.DLL V5.29.0.0
Dialog DLL:      DCM.DLL V1.17.3.0
Target DLL:      STLink\ST-LINKIII-KEIL_SWO.dll V3.0.7.0
Dialog DLL:      TCM.DLL V1.36.5.0
 
<h2>Project:</h2>
D:\STM\rubbish_21_01\MDK-ARM\rubbish.uvprojx
Project File Date:  02/18/2020

<h2>Output:</h2>
*** Using Compiler 'V5.06 update 6 (build 750)', folder: 'C:\Keil_v5\ARM\ARMCC\Bin'
Build target 'rubbish'
compiling freertos.c...
../Src/freertos.c(133): warning:  #177-D: variable "i"  was declared but never referenced
  	uint8_t i=0, j=0, k=0;
../Src/freertos.c(133): warning:  #177-D: variable "j"  was declared but never referenced
  	uint8_t i=0, j=0, k=0;
../Src/freertos.c(133): warning:  #177-D: variable "k"  was declared but never referenced
  	uint8_t i=0, j=0, k=0;
../Src/freertos.c(234): warning:  #192-D: unrecognized character escape sequence
  				sprintf((char*)lcd_string, "QRSTUVWXYZ[\]^_`a");
../Src/freertos.c: 4 warnings, 0 errors
compiling main.c...
compiling gui.c...
gui.c(188): warning:  #177-D: variable "touchscreen_color_idx"  was declared but never referenced
  static uint32_t touchscreen_color_idx = 0;
gui.c(193): warning:  #177-D: variable "x2"  was declared but never referenced
    uint16_t x2 = 0;
gui.c(194): warning:  #177-D: variable "y2"  was declared but never referenced
    uint16_t y2 = 0;
gui.c(195): warning:  #177-D: variable "drawTouch1"  was declared but never referenced
    uint32_t drawTouch1 = 0; /* activate/deactivate draw of footprint of touch 1 */
gui.c(196): warning:  #177-D: variable "drawTouch2"  was declared but never referenced
    uint32_t drawTouch2 = 0; /* activate/deactivate draw of footprint of touch 2 */
gui.c(197): warning:  #177-D: variable "colors"  was declared but never referenced
    uint32_t colors[24] = {LCD_COLOR_BLUE, LCD_COLOR_GREEN, LCD_COLOR_RED, LCD_COLOR_CYAN, LCD_COLOR_MAGENTA, LCD_COLOR_YELLOW,
gui.c(493): warning:  #177-D: variable "ind"  was declared but never referenced
  	uint32_t ind=0,sz=0,i1=0,ind1=0;
gui.c(493): warning:  #177-D: variable "sz"  was declared but never referenced
  	uint32_t ind=0,sz=0,i1=0,ind1=0;
gui.c(493): warning:  #177-D: variable "i1"  was declared but never referenced
  	uint32_t ind=0,sz=0,i1=0,ind1=0;
gui.c(493): warning:  #177-D: variable "ind1"  was declared but never referenced
  	uint32_t ind=0,sz=0,i1=0,ind1=0;
gui.c: 10 warnings, 0 errors
linking...
Program Size: Code=55164 RO-data=48756 RW-data=416 ZI-data=39320  
FromELF: creating hex file...
"rubbish\rubbish.axf" - 0 Error(s), 14 Warning(s).

<h2>Software Packages used:</h2>

Package Vendor: ARM
                http://www.keil.com/pack/ARM.CMSIS.5.6.0.pack
                ARM.CMSIS.5.6.0
                CMSIS (Cortex Microcontroller Software Interface Standard)
   * Component: CORE Version: 5.3.0

Package Vendor: Keil
                https://www.keil.com/pack/Keil.STM32F7xx_DFP.2.12.0.pack
                Keil.STM32F7xx_DFP.2.12.0
                STMicroelectronics STM32F7 Series Device Support, Drivers and Examples

<h2>Collection of Component include folders:</h2>
  .\RTE\_rubbish
  C:\Users\user\AppData\Local\Arm\Packs\ARM\CMSIS\5.6.0\CMSIS\Core\Include
  C:\Users\user\AppData\Local\Arm\Packs\Keil\STM32F7xx_DFP\2.12.0\Drivers\CMSIS\Device\ST\STM32F7xx\Include

<h2>Collection of Component Files used:</h2>

   * Component: ARM::CMSIS:CORE:5.3.0
Build Time Elapsed:  00:00:06
</pre>
</body>
</html>
