Component: ARM Compiler 5.06 update 6 (build 750) Tool: armlink [4d35ed]

==============================================================================

Section Cross References

    startup_stm32f769xx.o(RESET) refers to startup_stm32f769xx.o(STACK) for __initial_sp
    startup_stm32f769xx.o(RESET) refers to startup_stm32f769xx.o(.text) for Reset_Handler
    startup_stm32f769xx.o(RESET) refers to stm32f7xx_it.o(i.NMI_Handler) for NMI_Handler
    startup_stm32f769xx.o(RESET) refers to stm32f7xx_it.o(i.MemManage_Handler) for MemManage_Handler
    startup_stm32f769xx.o(RESET) refers to stm32f7xx_it.o(i.BusFault_Handler) for BusFault_Handler
    startup_stm32f769xx.o(RESET) refers to stm32f7xx_it.o(i.UsageFault_Handler) for UsageFault_Handler
    startup_stm32f769xx.o(RESET) refers to port.o(.emb_text) for SVC_Handler
    startup_stm32f769xx.o(RESET) refers to stm32f7xx_it.o(i.DebugMon_Handler) for DebugMon_Handler
    startup_stm32f769xx.o(RESET) refers to port.o(i.SysTick_Handler) for SysTick_Handler
    startup_stm32f769xx.o(RESET) refers to stm32f7xx_it.o(i.EXTI0_IRQHandler) for EXTI0_IRQHandler
    startup_stm32f769xx.o(RESET) refers to stm32f7xx_it.o(i.TIM1_UP_TIM10_IRQHandler) for TIM1_UP_TIM10_IRQHandler
    startup_stm32f769xx.o(RESET) refers to stm32f7xx_it.o(i.EXTI15_10_IRQHandler) for EXTI15_10_IRQHandler
    startup_stm32f769xx.o(.text) refers to stm32f7xx_it.o(i.hard_fault_handler_c) for hard_fault_handler_c
    startup_stm32f769xx.o(.text) refers to system_stm32f7xx.o(i.SystemInit) for SystemInit
    startup_stm32f769xx.o(.text) refers to entry.o(.ARM.Collect$$$$00000000) for __main
    stm32f769i_discovery.o(i.AUDIO_IO_Delay) refers to stm32f7xx_hal.o(i.HAL_Delay) for HAL_Delay
    stm32f769i_discovery.o(i.AUDIO_IO_Init) refers to stm32f769i_discovery.o(i.I2Cx_Init) for I2Cx_Init
    stm32f769i_discovery.o(i.AUDIO_IO_Init) refers to stm32f769i_discovery.o(.bss) for hI2cAudioHandler
    stm32f769i_discovery.o(i.AUDIO_IO_Read) refers to stm32f769i_discovery.o(i.I2Cx_ReadMultiple) for I2Cx_ReadMultiple
    stm32f769i_discovery.o(i.AUDIO_IO_Read) refers to stm32f769i_discovery.o(.bss) for hI2cAudioHandler
    stm32f769i_discovery.o(i.AUDIO_IO_Write) refers to stm32f769i_discovery.o(i.I2Cx_WriteMultiple) for I2Cx_WriteMultiple
    stm32f769i_discovery.o(i.AUDIO_IO_Write) refers to stm32f769i_discovery.o(.bss) for hI2cAudioHandler
    stm32f769i_discovery.o(i.BSP_LED_DeInit) refers to stm32f7xx_hal_gpio.o(i.HAL_GPIO_WritePin) for HAL_GPIO_WritePin
    stm32f769i_discovery.o(i.BSP_LED_DeInit) refers to stm32f7xx_hal_gpio.o(i.HAL_GPIO_DeInit) for HAL_GPIO_DeInit
    stm32f769i_discovery.o(i.BSP_LED_DeInit) refers to stm32f769i_discovery.o(.data) for GPIO_PIN
    stm32f769i_discovery.o(i.BSP_LED_Init) refers to stm32f7xx_hal_gpio.o(i.HAL_GPIO_Init) for HAL_GPIO_Init
    stm32f769i_discovery.o(i.BSP_LED_Init) refers to stm32f769i_discovery.o(.data) for GPIO_PIN
    stm32f769i_discovery.o(i.BSP_LED_Off) refers to stm32f7xx_hal_gpio.o(i.HAL_GPIO_WritePin) for HAL_GPIO_WritePin
    stm32f769i_discovery.o(i.BSP_LED_Off) refers to stm32f769i_discovery.o(.data) for GPIO_PIN
    stm32f769i_discovery.o(i.BSP_LED_On) refers to stm32f7xx_hal_gpio.o(i.HAL_GPIO_WritePin) for HAL_GPIO_WritePin
    stm32f769i_discovery.o(i.BSP_LED_On) refers to stm32f769i_discovery.o(.data) for GPIO_PIN
    stm32f769i_discovery.o(i.BSP_LED_Toggle) refers to stm32f7xx_hal_gpio.o(i.HAL_GPIO_TogglePin) for HAL_GPIO_TogglePin
    stm32f769i_discovery.o(i.BSP_LED_Toggle) refers to stm32f769i_discovery.o(.data) for GPIO_PIN
    stm32f769i_discovery.o(i.BSP_PB_DeInit) refers to stm32f7xx_hal_cortex.o(i.HAL_NVIC_DisableIRQ) for HAL_NVIC_DisableIRQ
    stm32f769i_discovery.o(i.BSP_PB_DeInit) refers to stm32f7xx_hal_gpio.o(i.HAL_GPIO_DeInit) for HAL_GPIO_DeInit
    stm32f769i_discovery.o(i.BSP_PB_DeInit) refers to stm32f769i_discovery.o(.constdata) for BUTTON_PIN
    stm32f769i_discovery.o(i.BSP_PB_DeInit) refers to stm32f769i_discovery.o(.data) for BUTTON_PORT
    stm32f769i_discovery.o(i.BSP_PB_GetState) refers to stm32f7xx_hal_gpio.o(i.HAL_GPIO_ReadPin) for HAL_GPIO_ReadPin
    stm32f769i_discovery.o(i.BSP_PB_GetState) refers to stm32f769i_discovery.o(.constdata) for BUTTON_PIN
    stm32f769i_discovery.o(i.BSP_PB_GetState) refers to stm32f769i_discovery.o(.data) for BUTTON_PORT
    stm32f769i_discovery.o(i.BSP_PB_Init) refers to stm32f7xx_hal_gpio.o(i.HAL_GPIO_Init) for HAL_GPIO_Init
    stm32f769i_discovery.o(i.BSP_PB_Init) refers to stm32f7xx_hal_cortex.o(i.HAL_NVIC_SetPriority) for HAL_NVIC_SetPriority
    stm32f769i_discovery.o(i.BSP_PB_Init) refers to stm32f7xx_hal_cortex.o(i.HAL_NVIC_EnableIRQ) for HAL_NVIC_EnableIRQ
    stm32f769i_discovery.o(i.BSP_PB_Init) refers to stm32f769i_discovery.o(.constdata) for BUTTON_PIN
    stm32f769i_discovery.o(i.BSP_PB_Init) refers to stm32f769i_discovery.o(.data) for BUTTON_PORT
    stm32f769i_discovery.o(i.EEPROM_IO_Init) refers to stm32f769i_discovery.o(i.I2Cx_Init) for I2Cx_Init
[...]
    HAL_SD_Init                              0x08005603   Thumb Code    54  stm32f7xx_hal_sd.o(i.HAL_SD_Init)
    HAL_SD_InitCard                          0x08005639   Thumb Code   136  stm32f7xx_hal_sd.o(i.HAL_SD_InitCard)
    HAL_SD_MspInit                           0x080056c1   Thumb Code   252  stm32f7xx_hal_msp.o(i.HAL_SD_MspInit)
    HAL_SD_ReadBlocks                        0x080057d1   Thumb Code   586  stm32f7xx_hal_sd.o(i.HAL_SD_ReadBlocks)
    HAL_SD_WriteBlocks                       0x08005a1b   Thumb Code   514  stm32f7xx_hal_sd.o(i.HAL_SD_WriteBlocks)
    HAL_TIMEx_Break2Callback                 0x08005c1d   Thumb Code     2  stm32f7xx_hal_tim_ex.o(i.HAL_TIMEx_Break2Callback)
    HAL_TIMEx_BreakCallback                  0x08005c1f   Thumb Code     2  stm32f7xx_hal_tim_ex.o(i.HAL_TIMEx_BreakCallback)
    HAL_TIMEx_CommutCallback                 0x08005c21   Thumb Code     2  stm32f7xx_hal_tim_ex.o(i.HAL_TIMEx_CommutCallback)
    HAL_TIM_Base_Init                        0x08005c23   Thumb Code    52  stm32f7xx_hal_tim.o(i.HAL_TIM_Base_Init)
    HAL_TIM_Base_MspInit                     0x08005c57   Thumb Code     2  stm32f7xx_hal_tim.o(i.HAL_TIM_Base_MspInit)
    HAL_TIM_Base_Start_IT                    0x08005c59   Thumb Code    50  stm32f7xx_hal_tim.o(i.HAL_TIM_Base_Start_IT)
    HAL_TIM_IC_CaptureCallback               0x08005c91   Thumb Code     2  stm32f7xx_hal_tim.o(i.HAL_TIM_IC_CaptureCallback)
    HAL_TIM_IRQHandler                       0x08005c93   Thumb Code   440  stm32f7xx_hal_tim.o(i.HAL_TIM_IRQHandler)
    HAL_TIM_OC_DelayElapsedCallback          0x08005e4b   Thumb Code     2  stm32f7xx_hal_tim.o(i.HAL_TIM_OC_DelayElapsedCallback)
    HAL_TIM_PWM_PulseFinishedCallback        0x08005e4d   Thumb Code     2  stm32f7xx_hal_tim.o(i.HAL_TIM_PWM_PulseFinishedCallback)
    HAL_TIM_PeriodElapsedCallback            0x08005e51   Thumb Code    18  main.o(i.HAL_TIM_PeriodElapsedCallback)
    HAL_TIM_TriggerCallback                  0x08005e69   Thumb Code     2  stm32f7xx_hal_tim.o(i.HAL_TIM_TriggerCallback)
    HAL_UART_Init                            0x08005e6b   Thumb Code   116  stm32f7xx_hal_uart.o(i.HAL_UART_Init)
    HAL_UART_MspInit                         0x08005ee1   Thumb Code   116  stm32f7xx_hal_msp.o(i.HAL_UART_MspInit)
    HAL_UART_Transmit                        0x08005f61   Thumb Code   208  stm32f7xx_hal_uart.o(i.HAL_UART_Transmit)
    LCD_DrawBitmap                           0x08006585   Thumb Code   190  gui.o(i.LCD_DrawBitmap)
    LoadImagesFromSdToRAM                    0x0800685d   Thumb Code   396  gui.o(i.LoadImagesFromSdToRAM)
    MX_FATFS_Init                            0x08006ca9   Thumb Code    16  fatfs.o(i.MX_FATFS_Init)
    MemManage_Handler                        0x08007059   Thumb Code     4  stm32f7xx_it.o(i.MemManage_Handler)
    NMI_Handler                              0x0800705d   Thumb Code     2  stm32f7xx_it.o(i.NMI_Handler)
    OTM8009A_IO_Delay                        0x0800705f   Thumb Code    12  stm32f769i_discovery.o(i.OTM8009A_IO_Delay)
    OTM8009A_Init                            0x0800706d   Thumb Code   862  otm8009a.o(i.OTM8009A_Init)
    OpenBMP                                  0x08007505   Thumb Code   214  gui.o(i.OpenBMP)
    PrintFullness                            0x080075e1   Thumb Code   162  gui.o(i.PrintFullness)
    ReadImage                                0x08007685   Thumb Code   218  gui.o(i.ReadImage)
    SDMMC_CmdAppCommand                      0x08007895   Thumb Code    58  stm32f7xx_ll_sdmmc.o(i.SDMMC_CmdAppCommand)
    SDMMC_CmdAppOperCommand                  0x080078d1   Thumb Code    56  stm32f7xx_ll_sdmmc.o(i.SDMMC_CmdAppOperCommand)
    SDMMC_CmdBlockLength                     0x0800790d   Thumb Code    58  stm32f7xx_ll_sdmmc.o(i.SDMMC_CmdBlockLength)
    SDMMC_CmdBusWidth                        0x08007947   Thumb Code    58  stm32f7xx_ll_sdmmc.o(i.SDMMC_CmdBusWidth)
    SDMMC_CmdGoIdleState                     0x08007981   Thumb Code    46  stm32f7xx_ll_sdmmc.o(i.SDMMC_CmdGoIdleState)
    SDMMC_CmdOperCond                        0x080079af   Thumb Code    54  stm32f7xx_ll_sdmmc.o(i.SDMMC_CmdOperCond)
    SDMMC_CmdReadMultiBlock                  0x080079e5   Thumb Code    58  stm32f7xx_ll_sdmmc.o(i.SDMMC_CmdReadMultiBlock)
    SDMMC_CmdReadSingleBlock                 0x08007a1f   Thumb Code    58  stm32f7xx_ll_sdmmc.o(i.SDMMC_CmdReadSingleBlock)
    SDMMC_CmdSelDesel                        0x08007a59   Thumb Code    60  stm32f7xx_ll_sdmmc.o(i.SDMMC_CmdSelDesel)
    SDMMC_CmdSendCID                         0x08007a95   Thumb Code    52  stm32f7xx_ll_sdmmc.o(i.SDMMC_CmdSendCID)
    SDMMC_CmdSendCSD                         0x08007ac9   Thumb Code    52  stm32f7xx_ll_sdmmc.o(i.SDMMC_CmdSendCSD)
    SDMMC_CmdSendSCR                         0x08007afd   Thumb Code    58  stm32f7xx_ll_sdmmc.o(i.SDMMC_CmdSendSCR)
    SDMMC_CmdSendStatus                      0x08007b37   Thumb Code    58  stm32f7xx_ll_sdmmc.o(i.SDMMC_CmdSendStatus)
    SDMMC_CmdSetRelAdd                       0x08007b71   Thumb Code    58  stm32f7xx_ll_sdmmc.o(i.SDMMC_CmdSetRelAdd)
    SDMMC_CmdStopTransfer                    0x08007bad   Thumb Code    56  stm32f7xx_ll_sdmmc.o(i.SDMMC_CmdStopTransfer)
    SDMMC_CmdWriteMultiBlock                 0x08007be9   Thumb Code    58  stm32f7xx_ll_sdmmc.o(i.SDMMC_CmdWriteMultiBlock)
    SDMMC_CmdWriteSingleBlock                0x08007c23   Thumb Code    58  stm32f7xx_ll_sdmmc.o(i.SDMMC_CmdWriteSingleBlock)
    SDMMC_ConfigData                         0x08007c5d   Thumb Code    44  stm32f7xx_ll_sdmmc.o(i.SDMMC_ConfigData)
    SDMMC_GetCommandResponse                 0x08008021   Thumb Code     8  stm32f7xx_ll_sdmmc.o(i.SDMMC_GetCommandResponse)
    SDMMC_GetPowerState                      0x08008029   Thumb Code    10  stm32f7xx_ll_sdmmc.o(i.SDMMC_GetPowerState)
    SDMMC_GetResponse                        0x08008033   Thumb Code    22  stm32f7xx_ll_sdmmc.o(i.SDMMC_GetResponse)
    SDMMC_Init                               0x08008049   Thumb Code    52  stm32f7xx_ll_sdmmc.o(i.SDMMC_Init)
    SDMMC_PowerState_ON                      0x0800807d   Thumb Code    10  stm32f7xx_ll_sdmmc.o(i.SDMMC_PowerState_ON)
    SDMMC_ReadFIFO                           0x08008087   Thumb Code     8  stm32f7xx_ll_sdmmc.o(i.SDMMC_ReadFIFO)
    SDMMC_SendCommand                        0x0800808f   Thumb Code    40  stm32f7xx_ll_sdmmc.o(i.SDMMC_SendCommand)
    SDMMC_WriteFIFO                          0x080080b7   Thumb Code    12  stm32f7xx_ll_sdmmc.o(i.SDMMC_WriteFIFO)
    SD_initialize                            0x08008509   Thumb Code    32  sd_diskio.o(i.SD_initialize)
    SD_ioctl                                 0x0800852d   Thumb Code   102  sd_diskio.o(i.SD_ioctl)
    SD_read                                  0x08008599   Thumb Code    46  sd_diskio.o(i.SD_read)
    SD_status                                0x080085c7   Thumb Code    12  sd_diskio.o(i.SD_status)
    SD_write                                 0x080085d3   Thumb Code    46  sd_diskio.o(i.SD_write)
    ScreensDrawer                            0x08008601   Thumb Code   856  freertos.o(i.ScreensDrawer)
    StartBlinkTask                           0x08008a05   Thumb Code    20  freertos.o(i.StartBlinkTask)
    StartDefaultTask                         0x08008a1d   Thumb Code    18  freertos.o(i.StartDefaultTask)
    StartTouchTask                           0x08008a31   Thumb Code   498  freertos.o(i.StartTouchTask)
    SysTick_Handler                          0x08008c51   Thumb Code    50  port.o(i.SysTick_Handler)
    SystemClock_Config                       0x08008c89   Thumb Code   228  main.o(i.SystemClock_Config)
    SystemInit                               0x08008d79   Thumb Code    82  system_stm32f7xx.o(i.SystemInit)
    TFT_FillRectangle                        0x08008ddd   Thumb Code   114  gui.o(i.TFT_FillRectangle)
    TFT_FillScreen                           0x08008e59   Thumb Code    58  gui.o(i.TFT_FillScreen)
    TIM1_UP_TIM10_IRQHandler                 0x08008e9d   Thumb Code    10  stm32f7xx_it.o(i.TIM1_UP_TIM10_IRQHandler)
    TIM_Base_SetConfig                       0x08008ead   Thumb Code   170  stm32f7xx_hal_tim.o(i.TIM_Base_SetConfig)
    TS_IO_Init                               0x08008f85   Thumb Code    10  stm32f769i_discovery.o(i.TS_IO_Init)
    TS_IO_Read                               0x08008f95   Thumb Code    36  stm32f769i_discovery.o(i.TS_IO_Read)
    TS_IO_ReadMultiple                       0x08008fbd   Thumb Code    32  stm32f769i_discovery.o(i.TS_IO_ReadMultiple)
    TS_IO_Write                              0x08008fe1   Thumb Code    32  stm32f769i_discovery.o(i.TS_IO_Write)
    UART_AdvFeatureConfig                    0x08009005   Thumb Code   248  stm32f7xx_hal_uart.o(i.UART_AdvFeatureConfig)
    UART_CheckIdleState                      0x080090fd   Thumb Code    72  stm32f7xx_hal_uart.o(i.UART_CheckIdleState)
    UART_SetConfig                           0x08009145   Thumb Code   884  stm32f7xx_hal_uart.o(i.UART_SetConfig)
    UART_WaitOnFlagUntilTimeout              0x080094e9   Thumb Code   104  stm32f7xx_hal_uart.o(i.UART_WaitOnFlagUntilTimeout)
    UsageFault_Handler                       0x08009551   Thumb Code     4  stm32f7xx_it.o(i.UsageFault_Handler)
    __0sprintf$1                             0x08009555   Thumb Code    34  printf1.o(i.__0sprintf$1)
    __1sprintf$1                             0x08009555   Thumb Code     0  printf1.o(i.__0sprintf$1)
    __2sprintf                               0x08009555   Thumb Code     0  printf1.o(i.__0sprintf$1)
    __aeabi_errno_addr                       0x080095b5   Thumb Code     4  errno.o(i.__aeabi_errno_addr)
    __rt_errno_addr                          0x080095b5   Thumb Code     0  errno.o(i.__aeabi_errno_addr)
    __scatterload_copy                       0x080095bd   Thumb Code    14  handlers.o(i.__scatterload_copy)
    __scatterload_null                       0x080095cb   Thumb Code     2  handlers.o(i.__scatterload_null)
    __scatterload_zeroinit                   0x080095cd   Thumb Code    14  handlers.o(i.__scatterload_zeroinit)
    disk_initialize                          0x08009ca5   Thumb Code    40  diskio.o(i.disk_initialize)
    disk_ioctl                               0x08009cd1   Thumb Code    36  diskio.o(i.disk_ioctl)
    disk_read                                0x08009cf9   Thumb Code    42  diskio.o(i.disk_read)
    disk_status                              0x08009d29   Thumb Code    24  diskio.o(i.disk_status)
    disk_write                               0x08009d45   Thumb Code    42  diskio.o(i.disk_write)
    f_close                                  0x08009d75   Thumb Code    42  ff.o(i.f_close)
    f_lseek                                  0x08009d9f   Thumb Code   872  ff.o(i.f_lseek)
    f_mount                                  0x0800a109   Thumb Code   122  ff.o(i.f_mount)
    f_open                                   0x0800a189   Thumb Code   524  ff.o(i.f_open)
    f_read                                   0x0800a395   Thumb Code   564  ff.o(i.f_read)
    f_sync                                   0x0800a5c9   Thumb Code   176  ff.o(i.f_sync)
    ff_cre_syncobj                           0x0800a679   Thumb Code    38  syscall.o(i.ff_cre_syncobj)
    ff_del_syncobj                           0x0800a69f   Thumb Code    14  syscall.o(i.ff_del_syncobj)
    ff_rel_grant                             0x0800a6ad   Thumb Code    12  syscall.o(i.ff_rel_grant)
    ff_req_grant                             0x0800a6b9   Thumb Code    24  syscall.o(i.ff_req_grant)
    ft6x06_Init                              0x0800aaf9   Thumb Code    38  ft6x06.o(i.ft6x06_Init)
    ft6x06_ReadID                            0x0800ab25   Thumb Code    18  ft6x06.o(i.ft6x06_ReadID)
    ft6x06_Reset                             0x0800ab37   Thumb Code     2  ft6x06.o(i.ft6x06_Reset)
    ft6x06_TS_ClearIT                        0x0800ab39   Thumb Code     2  ft6x06.o(i.ft6x06_TS_ClearIT)
    ft6x06_TS_DetectTouch                    0x0800ab41   Thumb Code    58  ft6x06.o(i.ft6x06_TS_DetectTouch)
    ft6x06_TS_DisableIT                      0x0800ab81   Thumb Code    20  ft6x06.o(i.ft6x06_TS_DisableIT)
    ft6x06_TS_EnableIT                       0x0800ab95   Thumb Code    20  ft6x06.o(i.ft6x06_TS_EnableIT)
    ft6x06_TS_GetXY                          0x0800aba9   Thumb Code   106  ft6x06.o(i.ft6x06_TS_GetXY)
    ft6x06_TS_ITStatus                       0x0800ac19   Thumb Code     6  ft6x06.o(i.ft6x06_TS_ITStatus)
    ft6x06_TS_Start                          0x0800ac1f   Thumb Code    18  ft6x06.o(i.ft6x06_TS_Start)
    get_fattime                              0x0800ad63   Thumb Code     4  fatfs.o(i.get_fattime)
    get_touch_pos                            0x0800adaf   Thumb Code    38  gui.o(i.get_touch_pos)
    hard_fault_handler_c                     0x0800add5   Thumb Code     4  stm32f7xx_it.o(i.hard_fault_handler_c)
    main                                     0x0800ae49   Thumb Code   738  main.o(i.main)
    osDelay                                  0x0800b307   Thumb Code    24  cmsis_os.o(i.osDelay)
    osKernelStart                            0x0800b31f   Thumb Code    10  cmsis_os.o(i.osKernelStart)
    osMessageCreate                          0x0800b329   Thumb Code    40  cmsis_os.o(i.osMessageCreate)
    osMessageGet                             0x0800b351   Thumb Code   150  cmsis_os.o(i.osMessageGet)
    osMessagePut                             0x0800b3ed   Thumb Code    92  cmsis_os.o(i.osMessagePut)
    osSemaphoreCreate                        0x0800b44d   Thumb Code    74  cmsis_os.o(i.osSemaphoreCreate)
    osSemaphoreDelete                        0x0800b497   Thumb Code    24  cmsis_os.o(i.osSemaphoreDelete)
    osSemaphoreRelease                       0x0800b4b1   Thumb Code    76  cmsis_os.o(i.osSemaphoreRelease)
    osSemaphoreWait                          0x0800b501   Thumb Code   100  cmsis_os.o(i.osSemaphoreWait)
    osThreadCreate                           0x0800b569   Thumb Code    94  cmsis_os.o(i.osThreadCreate)
    placePrBar                               0x0800b5c7   Thumb Code   158  gui.o(i.placePrBar)
    print_touch_pos                          0x0800b665   Thumb Code    70  gui.o(i.print_touch_pos)
    pvPortMalloc                             0x0800be75   Thumb Code   308  heap_4.o(i.pvPortMalloc)
    pvTaskIncrementMutexHeldCount            0x0800bfbd   Thumb Code    26  tasks.o(i.pvTaskIncrementMutexHeldCount)
    pxPortInitialiseStack                    0x0800bfdd   Thumb Code    38  port.o(i.pxPortInitialiseStack)
    uxListRemove                             0x0800c1eb   Thumb Code    40  list.o(i.uxListRemove)
    vApplicationGetIdleTaskMemory            0x0800c215   Thumb Code    14  freertos.o(i.vApplicationGetIdleTaskMemory)
    vListInitialise                          0x0800c22d   Thumb Code    26  list.o(i.vListInitialise)
    vListInitialiseItem                      0x0800c247   Thumb Code     6  list.o(i.vListInitialiseItem)
    vListInsert                              0x0800c24d   Thumb Code    52  list.o(i.vListInsert)
    vListInsertEnd                           0x0800c281   Thumb Code    24  list.o(i.vListInsertEnd)
    vPortEnterCritical                       0x0800c299   Thumb Code    84  port.o(i.vPortEnterCritical)
    vPortExitCritical                        0x0800c2f5   Thumb Code    60  port.o(i.vPortExitCritical)
    vPortFree                                0x0800c335   Thumb Code   148  heap_4.o(i.vPortFree)
    vPortSetupTimerInterrupt                 0x0800c3d1   Thumb Code    36  port.o(i.vPortSetupTimerInterrupt)
    vPortValidateInterruptPriority           0x0800c3f9   Thumb Code   114  port.o(i.vPortValidateInterruptPriority)
    vQueueDelete                             0x0800c479   Thumb Code    54  queue.o(i.vQueueDelete)
    vQueueUnregisterQueue                    0x0800c4b1   Thumb Code    44  queue.o(i.vQueueUnregisterQueue)
    vTaskDelay                               0x0800c4e1   Thumb Code    86  tasks.o(i.vTaskDelay)
    vTaskInternalSetTimeOutState             0x0800c541   Thumb Code    14  tasks.o(i.vTaskInternalSetTimeOutState)
    vTaskMissedYield                         0x0800c559   Thumb Code     8  tasks.o(i.vTaskMissedYield)
    vTaskPlaceOnEventList                    0x0800c565   Thumb Code    56  tasks.o(i.vTaskPlaceOnEventList)
    vTaskPriorityDisinheritAfterTimeout      0x0800c5a1   Thumb Code   238  tasks.o(i.vTaskPriorityDisinheritAfterTimeout)
    vTaskStartScheduler                      0x0800c69d   Thumb Code   154  tasks.o(i.vTaskStartScheduler)
    vTaskSuspendAll                          0x0800c755   Thumb Code    12  tasks.o(i.vTaskSuspendAll)
    vTaskSwitchContext                       0x0800c765   Thumb Code   122  tasks.o(i.vTaskSwitchContext)
    xPortStartScheduler                      0x0800c849   Thumb Code   252  port.o(i.xPortStartScheduler)
    xQueueGenericCreate                      0x0800c95d   Thumb Code    98  queue.o(i.xQueueGenericCreate)
    xQueueGenericCreateStatic                0x0800c9bf   Thumb Code   242  queue.o(i.xQueueGenericCreateStatic)
    xQueueGenericReset                       0x0800cab1   Thumb Code   150  queue.o(i.xQueueGenericReset)
    xQueueGenericSend                        0x0800cb4d   Thumb Code   436  queue.o(i.xQueueGenericSend)
    xQueueGenericSendFromISR                 0x0800cd05   Thumb Code   264  queue.o(i.xQueueGenericSendFromISR)
    xQueueGiveFromISR                        0x0800ce0d   Thumb Code   240  queue.o(i.xQueueGiveFromISR)
    xQueueReceive                            0x0800cefd   Thumb Code   368  queue.o(i.xQueueReceive)
    xQueueReceiveFromISR                     0x0800d071   Thumb Code   214  queue.o(i.xQueueReceiveFromISR)
    xQueueSemaphoreTake                      0x0800d149   Thumb Code   450  queue.o(i.xQueueSemaphoreTake)
    xTaskCheckForTimeOut                     0x0800d311   Thumb Code   140  tasks.o(i.xTaskCheckForTimeOut)
    xTaskCreate                              0x0800d3a5   Thumb Code   100  tasks.o(i.xTaskCreate)
    xTaskCreateStatic                        0x0800d409   Thumb Code   196  tasks.o(i.xTaskCreateStatic)
    xTaskGetSchedulerState                   0x0800d4cd   Thumb Code    24  tasks.o(i.xTaskGetSchedulerState)
    xTaskIncrementTick                       0x0800d4ed   Thumb Code   286  tasks.o(i.xTaskIncrementTick)
    xTaskPriorityDisinherit                  0x0800d639   Thumb Code   196  tasks.o(i.xTaskPriorityDisinherit)
    xTaskPriorityInherit                     0x0800d709   Thumb Code   186  tasks.o(i.xTaskPriorityInherit)
    xTaskRemoveFromEventList                 0x0800d7d1   Thumb Code   132  tasks.o(i.xTaskRemoveFromEventList)
    xTaskResumeAll                           0x0800d86d   Thumb Code   228  tasks.o(i.xTaskResumeAll)
    Font24_Table                             0x0800d974   Data        6840  stm32f769i_discovery_lcd.o(.constdata)
    Font20_Table                             0x0800f42c   Data        3800  stm32f769i_discovery_lcd.o(.constdata)
    Font16_Table                             0x08010304   Data        3040  stm32f769i_discovery_lcd.o(.constdata)
    Font12_Table                             0x08010ee4   Data        1140  stm32f769i_discovery_lcd.o(.constdata)
    rus24_Table                              0x08011358   Data        4848  stm32f769i_discovery_lcd.o(.constdata)
    bahn24_Table                             0x08012648   Data        7344  stm32f769i_discovery_lcd.o(.constdata)
    Font8_Table                              0x080142f8   Data         760  stm32f769i_discovery_lcd.o(.constdata)
    rus48_Table                              0x080145f0   Data       19400  stm32f769i_discovery_lcd.o(.constdata)
    lcdRegData1                              0x080191b8   Data           4  otm8009a.o(.constdata)
    lcdRegData2                              0x080191bc   Data           3  otm8009a.o(.constdata)
    lcdRegData3                              0x080191bf   Data          17  otm8009a.o(.constdata)
    lcdRegData4                              0x080191d0   Data          17  otm8009a.o(.constdata)
    lcdRegData5                              0x080191e1   Data           3  otm8009a.o(.constdata)
    lcdRegData6                              0x080191e4   Data           3  otm8009a.o(.constdata)
    lcdRegData7                              0x080191e7   Data           7  otm8009a.o(.constdata)
    lcdRegData8                              0x080191ee   Data          15  otm8009a.o(.constdata)
    lcdRegData9                              0x080191fd   Data          15  otm8009a.o(.constdata)
    lcdRegData10                             0x0801920c   Data          11  otm8009a.o(.constdata)
    lcdRegData11                             0x08019217   Data          11  otm8009a.o(.constdata)
    lcdRegData12                             0x08019222   Data          16  otm8009a.o(.constdata)
    lcdRegData13                             0x08019232   Data          16  otm8009a.o(.constdata)
    lcdRegData14                             0x08019242   Data          11  otm8009a.o(.constdata)
    lcdRegData15                             0x0801924d   Data          16  otm8009a.o(.constdata)
    lcdRegData16                             0x0801925d   Data          16  otm8009a.o(.constdata)
    lcdRegData17                             0x0801926d   Data          11  otm8009a.o(.constdata)
    lcdRegData18                             0x08019278   Data          11  otm8009a.o(.constdata)
    lcdRegData19                             0x08019283   Data          11  otm8009a.o(.constdata)
    lcdRegData20                             0x0801928e   Data          16  otm8009a.o(.constdata)
    lcdRegData21                             0x0801929e   Data          16  otm8009a.o(.constdata)
    lcdRegData22                             0x080192ae   Data          11  otm8009a.o(.constdata)
    lcdRegData23                             0x080192b9   Data          16  otm8009a.o(.constdata)
    lcdRegData24                             0x080192c9   Data          16  otm8009a.o(.constdata)
    lcdRegData25                             0x080192d9   Data           4  otm8009a.o(.constdata)
    lcdRegData27                             0x080192dd   Data           5  otm8009a.o(.constdata)
    lcdRegData28                             0x080192e2   Data           5  otm8009a.o(.constdata)
    ShortRegData1                            0x080192e7   Data           2  otm8009a.o(.constdata)
    ShortRegData2                            0x080192e9   Data           2  otm8009a.o(.constdata)
    ShortRegData3                            0x080192eb   Data           2  otm8009a.o(.constdata)
    ShortRegData4                            0x080192ed   Data           2  otm8009a.o(.constdata)
    ShortRegData5                            0x080192ef   Data           2  otm8009a.o(.constdata)
    ShortRegData6                            0x080192f1   Data           2  otm8009a.o(.constdata)
    ShortRegData7                            0x080192f3   Data           2  otm8009a.o(.constdata)
    ShortRegData8                            0x080192f5   Data           2  otm8009a.o(.constdata)
    ShortRegData9                            0x080192f7   Data           2  otm8009a.o(.constdata)
    ShortRegData10                           0x080192f9   Data           2  otm8009a.o(.constdata)
    ShortRegData11                           0x080192fb   Data           2  otm8009a.o(.constdata)
    ShortRegData12                           0x080192fd   Data           2  otm8009a.o(.constdata)
    ShortRegData13                           0x080192ff   Data           2  otm8009a.o(.constdata)
    ShortRegData14                           0x08019301   Data           2  otm8009a.o(.constdata)
    ShortRegData15                           0x08019303   Data           2  otm8009a.o(.constdata)
    ShortRegData16                           0x08019305   Data           2  otm8009a.o(.constdata)
    ShortRegData17                           0x08019307   Data           2  otm8009a.o(.constdata)
    ShortRegData18                           0x08019309   Data           2  otm8009a.o(.constdata)
    ShortRegData19                           0x0801930b   Data           2  otm8009a.o(.constdata)
    ShortRegData20                           0x0801930d   Data           2  otm8009a.o(.constdata)
    ShortRegData21                           0x0801930f   Data           2  otm8009a.o(.constdata)
    ShortRegData22                           0x08019311   Data           2  otm8009a.o(.constdata)
    ShortRegData23                           0x08019313   Data           2  otm8009a.o(.constdata)
    ShortRegData24                           0x08019315   Data           2  otm8009a.o(.constdata)
    ShortRegData25                           0x08019317   Data           2  otm8009a.o(.constdata)
    ShortRegData26                           0x08019319   Data           2  otm8009a.o(.constdata)
    ShortRegData27                           0x0801931b   Data           2  otm8009a.o(.constdata)
    ShortRegData28                           0x0801931d   Data           2  otm8009a.o(.constdata)
    ShortRegData29                           0x0801931f   Data           2  otm8009a.o(.constdata)
    ShortRegData30                           0x08019321   Data           2  otm8009a.o(.constdata)
    ShortRegData31                           0x08019323   Data           2  otm8009a.o(.constdata)
    ShortRegData32                           0x08019325   Data           2  otm8009a.o(.constdata)
    ShortRegData33                           0x08019327   Data           2  otm8009a.o(.constdata)
    ShortRegData34                           0x08019329   Data           2  otm8009a.o(.constdata)
    ShortRegData35                           0x0801932b   Data           2  otm8009a.o(.constdata)
    ShortRegData36                           0x0801932d   Data           2  otm8009a.o(.constdata)
    ShortRegData37                           0x0801932f   Data           2  otm8009a.o(.constdata)
    ShortRegData38                           0x08019331   Data           2  otm8009a.o(.constdata)
    ShortRegData39                           0x08019333   Data           2  otm8009a.o(.constdata)
    ShortRegData40                           0x08019335   Data           2  otm8009a.o(.constdata)
    ShortRegData41                           0x08019337   Data           2  otm8009a.o(.constdata)
    ShortRegData42                           0x08019339   Data           2  otm8009a.o(.constdata)
    ShortRegData43                           0x0801933b   Data           2  otm8009a.o(.constdata)
    ShortRegData44                           0x0801933d   Data           2  otm8009a.o(.constdata)
    ShortRegData45                           0x0801933f   Data           2  otm8009a.o(.constdata)
    ShortRegData46                           0x08019341   Data           2  otm8009a.o(.constdata)
    ShortRegData47                           0x08019343   Data           2  otm8009a.o(.constdata)
    ShortRegData48                           0x08019345   Data           2  otm8009a.o(.constdata)
    ShortRegData49                           0x08019347   Data           2  otm8009a.o(.constdata)
    ShortRegData50                           0x08019349   Data           2  otm8009a.o(.constdata)
    ShortRegData51                           0x0801934b   Data           2  otm8009a.o(.constdata)
    NumberOfOdjectsToLoadFromSD              0x08019350   Data           1  main.o(.constdata)
    LoadProgressBarPosY                      0x08019352   Data           2  main.o(.constdata)
    LoadProgressBarPosX                      0x08019354   Data           2  main.o(.constdata)
    LoadProgressBarLength                    0x08019356   Data           2  main.o(.constdata)
    LoadProgressBarWidth                     0x08019358   Data           1  main.o(.constdata)
    DistanceBetweenStrings48                 0x08019359   Data           1  main.o(.constdata)
    RightButtonX                             0x0801935a   Data           2  main.o(.constdata)
    LeftButtonX                              0x0801935c   Data           2  main.o(.constdata)
    TopButtonY                               0x0801935e   Data           2  main.o(.constdata)
    BottomButtonY                            0x08019360   Data           2  main.o(.constdata)
    SD_Driver                                0x080193e4   Data          20  sd_diskio.o(.constdata)
    AHBPrescTable                            0x080193f8   Data          16  system_stm32f7xx.o(.constdata)
    APBPrescTable                            0x08019408   Data           8  system_stm32f7xx.o(.constdata)
    __ctype_table                            0x080194b4   Data         129  ctype_o.o(.constdata)
    Region$$Table$$Base                      0x080195d0   Number         0  anon$$obj.o(Region$$Table)
    Region$$Table$$Limit                     0x080195f0   Number         0  anon$$obj.o(Region$$Table)
    Font24                                   0x20000000   Data           8  stm32f769i_discovery_lcd.o(.data)
    Font20                                   0x20000008   Data           8  stm32f769i_discovery_lcd.o(.data)
    Font16                                   0x20000010   Data           8  stm32f769i_discovery_lcd.o(.data)
    Font12                                   0x20000018   Data           8  stm32f769i_discovery_lcd.o(.data)
    rus24                                    0x20000020   Data           8  stm32f769i_discovery_lcd.o(.data)
    bahn24                                   0x20000028   Data           8  stm32f769i_discovery_lcd.o(.data)
    Font8                                    0x20000030   Data           8  stm32f769i_discovery_lcd.o(.data)
    rus48                                    0x20000038   Data           8  stm32f769i_discovery_lcd.o(.data)
    lcd_x_size                               0x20000040   Data           4  stm32f769i_discovery_lcd.o(.data)
    lcd_y_size                               0x20000044   Data           4  stm32f769i_discovery_lcd.o(.data)
    addr                                     0x2000004c   Data           4  stm32f769i_discovery_lcd.o(.data)
    size                                     0x20000054   Data           4  gui.o(.data)
    width                                    0x20000058   Data           2  gui.o(.data)
    height                                   0x2000005a   Data           2  gui.o(.data)
    ex                                       0x2000005c   Data           4  gui.o(.data)
    a                                        0x20000060   Data           1  gui.o(.data)
    bytesread                                0x20000064   Data           4  gui.o(.data)
    I2C_Address                              0x20000075   Data           1  stm32f769i_discovery_ts.o(.data)
    ts_event_string_tab                      0x20000078   Data          16  stm32f769i_discovery_ts.o(.data)
    ts_gesture_id_string_tab                 0x20000088   Data          28  stm32f769i_discovery_ts.o(.data)
    ft6x06_ts_drv                            0x200000c4   Data          40  ft6x06.o(.data)
    ft6x06                                   0x200000ec   Data           2  ft6x06.o(.data)
    CurrentScreen                            0x200000f4   Data           1  main.o(.data)
    gui_msg_q                                0x200000f8   Data           4  main.o(.data)
    TOUCH_Queue                              0x200000fc   Data           4  main.o(.data)
    ts_status                                0x20000100   Data           4  main.o(.data)
    defaultTaskHandle                        0x20000104   Data           4  main.o(.data)
    blinkTaskHandle                          0x20000108   Data           4  main.o(.data)
    drawTaskHandle                           0x2000010c   Data           4  main.o(.data)
    touchTaskHandle                          0x20000110   Data           4  main.o(.data)
    retSD                                    0x20000115   Data           1  fatfs.o(.data)
    SDPath                                   0x20000116   Data           4  fatfs.o(.data)
    ScreenToLoad                             0x2000011a   Data           1  stm32f7xx_it.o(.data)
    SystemCoreClock                          0x20000124   Data           4  system_stm32f7xx.o(.data)
    uwTick                                   0x20000128   Data           4  stm32f7xx_hal.o(.data)
    uwTickPrio                               0x2000012c   Data           4  stm32f7xx_hal.o(.data)
    uwTickFreq                               0x20000130   Data           1  stm32f7xx_hal.o(.data)
    pxCurrentTCB                             0x2000013c   Data           4  tasks.o(.data)
    hdma2d_discovery                         0x200002a4   Data          88  stm32f769i_discovery_lcd.o(.bss)
    hltdc_discovery                          0x200002fc   Data         168  stm32f769i_discovery_lcd.o(.bss)
    hdsi_discovery                           0x200003a4   Data          28  stm32f769i_discovery_lcd.o(.bss)
    sdramHandle                              0x20000468   Data          52  stm32f769i_discovery_sdram.o(.bss)
    b                                        0x20000588   Data          16  gui.o(.bss)
    b1                                       0x20000598   Data          64  gui.o(.bss)
    sect                                     0x200005d8   Data        4096  main.o(.bss)
    images                                   0x200015d8   Data         680  main.o(.bss)
    hadc1                                    0x20001880   Data          72  main.o(.bss)
    hdma2d                                   0x200018c8   Data          88  main.o(.bss)
    hdsi                                     0x20001920   Data          28  main.o(.bss)
    hi2c1                                    0x2000193c   Data          76  main.o(.bss)
    hltdc                                    0x20001988   Data         168  main.o(.bss)
    hsd2                                     0x20001a30   Data         132  main.o(.bss)
    huart1                                   0x20001ab4   Data         128  main.o(.bss)
    hsdram1                                  0x20001b34   Data          52  main.o(.bss)
    htim1                                    0x20001dbc   Data          64  stm32f7xx_hal_timebase_tim.o(.bss)
    disk                                     0x20001dfc   Data          12  ff_gen_drv.o(.bss)
    xQueueRegistry                           0x20001e08   Data          64  queue.o(.bss)
    __initial_sp                             0x20009b38   Data           0  startup_stm32f769xx.o(STACK)



==============================================================================

Memory Map of the image

  Image Entry point : 0x080001f9

  Load Region LR_IROM1 (Base: 0x08000000, Size: 0x00019790, Max: 0x00200000, ABSOLUTE, COMPRESSED[0x00019690])

    Execution Region ER_IROM1 (Exec base: 0x08000000, Load base: 0x08000000, Size: 0x000195f0, Max: 0x00200000, ABSOLUTE)

    Exec Addr    Load Addr    Size         Type   Attr      Idx    E Section Name        Object

    0x08000000   0x08000000   0x000001f8   Data   RO            3    RESET               startup_stm32f769xx.o
    0x080001f8   0x080001f8   0x00000000   Code   RO         8670  * .ARM.Collect$$$$00000000  mc_w.l(entry.o)
    0x080001f8   0x080001f8   0x00000004   Code   RO         8950    .ARM.Collect$$$$00000001  mc_w.l(entry2.o)
    0x080001fc   0x080001fc   0x00000004   Code   RO         8953    .ARM.Collect$$$$00000004  mc_w.l(entry5.o)
    0x08000200   0x08000200   0x00000000   Code   RO         8955    .ARM.Collect$$$$00000008  mc_w.l(entry7b.o)
    0x08000200   0x08000200   0x00000000   Code   RO         8957    .ARM.Collect$$$$0000000A  mc_w.l(entry8b.o)
    0x08000200   0x08000200   0x00000008   Code   RO         8958    .ARM.Collect$$$$0000000B  mc_w.l(entry9a.o)
    0x08000208   0x08000208   0x00000000   Code   RO         8960    .ARM.Collect$$$$0000000D  mc_w.l(entry10a.o)
    0x08000208   0x08000208   0x00000000   Code   RO         8962    .ARM.Collect$$$$0000000F  mc_w.l(entry11a.o)
    0x08000208   0x08000208   0x00000004   Code   RO         8951    .ARM.Collect$$$$00002712  mc_w.l(entry2.o)
    0x0800020c   0x0800020c   0x000000c2   Code   RO         8593    .emb_text           port.o
    0x080002ce   0x080002ce   0x00000002   PAD
    0x080002d0   0x080002d0   0x0000003c   Code   RO            4    .text               startup_stm32f769xx.o
    0x0800030c   0x0800030c   0x00000062   Code   RO         8673    .text               mc_w.l(uldiv.o)
    0x0800036e   0x0800036e   0x00000024   Code   RO         8675    .text               mc_w.l(memcpya.o)
    0x08000392   0x08000392   0x00000024   Code   RO         8679    .text               mc_w.l(memseta.o)
    0x080003b6   0x080003b6   0x00000012   Code   RO         8681    .text               mc_w.l(strcpy.o)
    0x080003c8   0x080003c8   0x00000070   Code   RO         8946    .text               mc_w.l(strtol.o)
    0x08000438   0x08000438   0x00000004   Code   RO         8948    .text               mc_w.l(strtoll.o)
    0x0800043c   0x0800043c   0x0000002c   Code   RO         8967    .text               mc_w.l(uidiv.o)
    0x08000468   0x08000468   0x0000001e   Code   RO         8969    .text               mc_w.l(llshl.o)
    0x08000486   0x08000486   0x00000020   Code   RO         8971    .text               mc_w.l(llushr.o)
    0x080004a6   0x080004a6   0x00000002   PAD
    0x080004a8   0x080004a8   0x00000008   Code   RO         8973    .text               mc_w.l(ctype_o.o)
    0x080004b0   0x080004b0   0x0000009e   Code   RO         9008    .text               mc_w.l(_strtoul.o)
    0x0800054e   0x0800054e   0x00000090   Code   RO         9010    .text               mc_w.l(__strtoll.o)
    0x080005de   0x080005de   0x00000002   PAD
    0x080005e0   0x080005e0   0x00000024   Code   RO         9023    .text               mc_w.l(init.o)
    0x08000604   0x08000604   0x0000001c   Code   RO         9028    .text               mc_w.l(_chval.o)
    0x08000620   0x08000620   0x000000c2   Code   RO         9030    .text               mc_w.l(_strtoull.o)
    0x080006e2   0x080006e2   0x00000056   Code   RO         9043    .text               mc_w.l(__dczerorl2.o)
    0x08000738   0x08000738   0x00000170   Code   RO         1921    i.ADC_Init          stm32f7xx_hal_adc.o
    0x080008a8   0x080008a8   0x0000006c   Code   RO          375    i.BSP_LCD_DisplayChar  stm32f769i_discovery_lcd.o
    0x08000914   0x08000914   0x00000150   Code   RO          378    i.BSP_LCD_DisplayStringAt  stm32f769i_discovery_lcd.o
    0x08000a64   0x08000a64   0x00000030   Code   RO          385    i.BSP_LCD_DrawPixel  stm32f769i_discovery_lcd.o
    0x08000a94   0x08000a94   0x0000000c   Code   RO          396    i.BSP_LCD_GetXSize  stm32f769i_discovery_lcd.o
    0x08000aa0   0x08000aa0   0x0000000c   Code   RO          397    i.BSP_LCD_GetYSize  stm32f769i_discovery_lcd.o
    0x08000aac   0x08000aac   0x0000000a   Code   RO          398    i.BSP_LCD_Init      stm32f769i_discovery_lcd.o
    0x08000ab6   0x08000ab6   0x00000002   PAD
    0x08000ab8   0x08000ab8   0x000001e4   Code   RO          399    i.BSP_LCD_InitEx    stm32f769i_discovery_lcd.o
    0x08000c9c   0x08000c9c   0x00000090   Code   RO          400    i.BSP_LCD_LayerDefaultInit  stm32f769i_discovery_lcd.o
    0x08000d2c   0x08000d2c   0x000000e0   Code   RO          402    i.BSP_LCD_MspInit   stm32f769i_discovery_lcd.o
    0x08000e0c   0x08000e0c   0x00000068   Code   RO          404    i.BSP_LCD_Reset     stm32f769i_discovery_lcd.o
    0x08000e74   0x08000e74   0x0000000c   Code   RO          406    i.BSP_LCD_SelectLayer  stm32f769i_discovery_lcd.o
    0x08000e80   0x08000e80   0x0000001c   Code   RO          410    i.BSP_LCD_SetFont   stm32f769i_discovery_lcd.o
    0x08000e9c   0x08000e9c   0x00000018   Code   RO          414    i.BSP_LCD_SetTextColor  stm32f769i_discovery_lcd.o
    0x08000eb4   0x08000eb4   0x00000018   Code   RO         1533    i.BSP_PlatformIsDetected  fatfs_platform.o
    0x08000ecc   0x08000ecc   0x0000008c   Code   RO          745    i.BSP_SDRAM_Init    stm32f769i_discovery_sdram.o
    0x08000f58   0x08000f58   0x00000098   Code   RO          746    i.BSP_SDRAM_Initialization_sequence  stm32f769i_discovery_sdram.o
    0x08000ff0   0x08000ff0   0x000001cc   Code   RO          748    i.BSP_SDRAM_MspInit  stm32f769i_discovery_sdram.o
    0x080011bc   0x080011bc   0x00000014   Code   RO         1358    i.BSP_SD_GetCardInfo  bsp_driver_sd.o
    0x080011d0   0x080011d0   0x00000018   Code   RO         1359    i.BSP_SD_GetCardState  bsp_driver_sd.o
    0x080011e8   0x080011e8   0x00000030   Code   RO         1361    i.BSP_SD_Init       bsp_driver_sd.o
    0x08001218   0x08001218   0x00000016   Code   RO         1362    i.BSP_SD_IsDetected  bsp_driver_sd.o
    0x0800122e   0x0800122e   0x00000002   PAD
    0x08001230   0x08001230   0x00000030   Code   RO         1363    i.BSP_SD_ReadBlocks  bsp_driver_sd.o
    0x08001260   0x08001260   0x00000030   Code   RO         1365    i.BSP_SD_WriteBlocks  bsp_driver_sd.o
    0x08001290   0x08001290   0x000000d4   Code   RO         1073    i.BSP_TS_GetState_mod  stm32f769i_discovery_ts.o
    0x08001364   0x08001364   0x00000048   Code   RO         1075    i.BSP_TS_INT_MspInit  stm32f769i_discovery_ts.o
    0x080013ac   0x080013ac   0x00000058   Code   RO         1076    i.BSP_TS_ITConfig   stm32f769i_discovery_ts.o
    0x08001404   0x08001404   0x00000094   Code   RO         1077    i.BSP_TS_Init       stm32f769i_discovery_ts.o
    0x08001498   0x08001498   0x00000004   Code   RO         1625    i.BusFault_Handler  stm32f7xx_it.o
    0x0800149c   0x0800149c   0x00000064   Code   RO          851    i.ConvertLineToARGB8888  gui.o
    0x08001500   0x08001500   0x00000094   Code   RO          852    i.DMA2D_DrawImage   gui.o
    0x08001594   0x08001594   0x000000e6   Code   RO         3932    i.DMA2D_SetConfig   stm32f7xx_hal_dma2d.o
    0x0800167a   0x0800167a   0x00000002   PAD
    0x0800167c   0x0800167c   0x00000034   Code   RO         2648    i.DMA_CalcBaseAndBitshift  stm32f7xx_hal_dma.o
    0x080016b0   0x080016b0   0x000000aa   Code   RO         2649    i.DMA_CheckFifoParam  stm32f7xx_hal_dma.o
    0x0800175a   0x0800175a   0x00000014   Code   RO         4129    i.DSI_ConfigPacketHeader  stm32f7xx_hal_dsi.o
    0x0800176e   0x0800176e   0x00000002   PAD
    0x08001770   0x08001770   0x00000034   Code   RO          418    i.DSI_IO_WriteCmd   stm32f769i_discovery_lcd.o
    0x080017a4   0x080017a4   0x0000004c   Code   RO         4130    i.DSI_ShortWrite    stm32f7xx_hal_dsi.o
    0x080017f0   0x080017f0   0x00000002   Code   RO         1626    i.DebugMon_Handler  stm32f7xx_it.o
    0x080017f2   0x080017f2   0x00000002   PAD
    0x080017f4   0x080017f4   0x000000f4   Code   RO          419    i.DrawChar          stm32f769i_discovery_lcd.o
    0x080018e8   0x080018e8   0x000006b4   Code   RO          853    i.DrawNumOnContainer  gui.o
    0x08001f9c   0x08001f9c   0x00000058   Code   RO          854    i.DrawPercents      gui.o
    0x08001ff4   0x08001ff4   0x00000024   Code   RO         1627    i.EXTI0_IRQHandler  stm32f7xx_it.o
    0x08002018   0x08002018   0x00000020   Code   RO         1628    i.EXTI15_10_IRQHandler  stm32f7xx_it.o
    0x08002038   0x08002038   0x00000014   Code   RO         1237    i.Error_Handler     main.o
    0x0800204c   0x0800204c   0x00000012   Code   RO         7287    i.FATFS_LinkDriver  ff_gen_drv.o
    0x0800205e   0x0800205e   0x00000002   PAD
    0x08002060   0x08002060   0x00000054   Code   RO         7288    i.FATFS_LinkDriverEx  ff_gen_drv.o
    0x080020b4   0x080020b4   0x00000074   Code   RO         4424    i.FMC_SDRAM_Init    stm32f7xx_ll_fmc.o
    0x08002128   0x08002128   0x0000000e   Code   RO         4425    i.FMC_SDRAM_ProgramRefreshRate  stm32f7xx_ll_fmc.o
    0x08002136   0x08002136   0x00000026   Code   RO         4426    i.FMC_SDRAM_SendCommand  stm32f7xx_ll_fmc.o
    0x0800215c   0x0800215c   0x0000009c   Code   RO         4428    i.FMC_SDRAM_Timing_Init  stm32f7xx_ll_fmc.o
    0x080021f8   0x080021f8   0x000001b4   Code   RO         1923    i.HAL_ADC_ConfigChannel  stm32f7xx_hal_adc.o
    0x080023ac   0x080023ac   0x00000068   Code   RO         1932    i.HAL_ADC_Init      stm32f7xx_hal_adc.o
    0x08002414   0x08002414   0x00000078   Code   RO         1711    i.HAL_ADC_MspInit   stm32f7xx_hal_msp.o
    0x0800248c   0x0800248c   0x00000052   Code   RO         3934    i.HAL_DMA2D_BlendingStart  stm32f7xx_hal_dma2d.o
    0x080024de   0x080024de   0x00000002   PAD
    0x080024e0   0x080024e0   0x000000dc   Code   RO         3944    i.HAL_DMA2D_ConfigLayer  stm32f7xx_hal_dma2d.o
    0x080025bc   0x080025bc   0x00000078   Code   RO         3952    i.HAL_DMA2D_Init    stm32f7xx_hal_dma2d.o
    0x08002634   0x08002634   0x00000030   Code   RO         1713    i.HAL_DMA2D_MspInit  stm32f7xx_hal_msp.o
    0x08002664   0x08002664   0x00000166   Code   RO         3956    i.HAL_DMA2D_PollForTransfer  stm32f7xx_hal_dma2d.o
    0x080027ca   0x080027ca   0x0000004e   Code   RO         3959    i.HAL_DMA2D_Start   stm32f7xx_hal_dma2d.o
    0x08002818   0x08002818   0x0000006e   Code   RO         2653    i.HAL_DMA_DeInit    stm32f7xx_hal_dma.o
    0x08002886   0x08002886   0x00000002   PAD
    0x08002888   0x08002888   0x000000ec   Code   RO         2657    i.HAL_DMA_Init      stm32f7xx_hal_dma.o
    0x08002974   0x08002974   0x00000110   Code   RO         4134    i.HAL_DSI_ConfigErrorMonitor  stm32f7xx_hal_dsi.o
    0x08002a84   0x08002a84   0x00000036   Code   RO         4135    i.HAL_DSI_ConfigFlowControl  stm32f7xx_hal_dsi.o
    0x08002aba   0x08002aba   0x00000122   Code   RO         4136    i.HAL_DSI_ConfigHostTimeouts  stm32f7xx_hal_dsi.o
    0x08002bdc   0x08002bdc   0x000000a2   Code   RO         4137    i.HAL_DSI_ConfigPhyTimer  stm32f7xx_hal_dsi.o
    0x08002c7e   0x08002c7e   0x000002d0   Code   RO         4138    i.HAL_DSI_ConfigVideoMode  stm32f7xx_hal_dsi.o
    0x08002f4e   0x08002f4e   0x000000c6   Code   RO         4139    i.HAL_DSI_DeInit    stm32f7xx_hal_dsi.o
    0x08003014   0x08003014   0x000001c0   Code   RO         4152    i.HAL_DSI_Init      stm32f7xx_hal_dsi.o
    0x080031d4   0x080031d4   0x000000e4   Code   RO         4153    i.HAL_DSI_LongWrite  stm32f7xx_hal_dsi.o
    0x080032b8   0x080032b8   0x00000020   Code   RO         1714    i.HAL_DSI_MspDeInit  stm32f7xx_hal_msp.o
    0x080032d8   0x080032d8   0x00000030   Code   RO         1715    i.HAL_DSI_MspInit   stm32f7xx_hal_msp.o
    0x08003308   0x08003308   0x00000036   Code   RO         4161    i.HAL_DSI_SetGenericVCID  stm32f7xx_hal_dsi.o
    0x0800333e   0x0800333e   0x00000040   Code   RO         4163    i.HAL_DSI_SetLowPowerRXFilter  stm32f7xx_hal_dsi.o
    0x0800337e   0x0800337e   0x00000042   Code   RO         4168    i.HAL_DSI_ShortWrite  stm32f7xx_hal_dsi.o
    0x080033c0   0x080033c0   0x00000068   Code   RO         4170    i.HAL_DSI_Start     stm32f7xx_hal_dsi.o
    0x08003428   0x08003428   0x00000028   Code   RO         3158    i.HAL_Delay         stm32f7xx_hal.o
    0x08003450   0x08003450   0x00000110   Code   RO         1717    i.HAL_FMC_MspInit   stm32f7xx_hal_msp.o
    0x08003560   0x08003560   0x00000180   Code   RO         2582    i.HAL_GPIO_DeInit   stm32f7xx_hal_gpio.o
    0x080036e0   0x080036e0   0x00000002   Code   RO         2583    i.HAL_GPIO_EXTI_Callback  stm32f7xx_hal_gpio.o
    0x080036e2   0x080036e2   0x00000002   PAD
    0x080036e4   0x080036e4   0x0000001c   Code   RO         2584    i.HAL_GPIO_EXTI_IRQHandler  stm32f7xx_hal_gpio.o
    0x08003700   0x08003700   0x00000218   Code   RO         2585    i.HAL_GPIO_Init     stm32f7xx_hal_gpio.o
    0x08003918   0x08003918   0x00000010   Code   RO         2587    i.HAL_GPIO_ReadPin  stm32f7xx_hal_gpio.o
    0x08003928   0x08003928   0x00000012   Code   RO         2588    i.HAL_GPIO_TogglePin  stm32f7xx_hal_gpio.o
    0x0800393a   0x0800393a   0x0000000c   Code   RO         2589    i.HAL_GPIO_WritePin  stm32f7xx_hal_gpio.o
    0x08003946   0x08003946   0x00000002   PAD
    0x08003948   0x08003948   0x0000000c   Code   RO         3168    i.HAL_GetTick       stm32f7xx_hal.o
    0x08003954   0x08003954   0x0000006a   Code   RO         3818    i.HAL_I2CEx_ConfigAnalogFilter  stm32f7xx_hal_i2c_ex.o
    0x080039be   0x080039be   0x00000068   Code   RO         3819    i.HAL_I2CEx_ConfigDigitalFilter  stm32f7xx_hal_i2c_ex.o
    0x08003a26   0x08003a26   0x0000003c   Code   RO         3363    i.HAL_I2C_DeInit    stm32f7xx_hal_i2c.o
    0x08003a62   0x08003a62   0x00000008   Code   RO         3371    i.HAL_I2C_GetState  stm32f7xx_hal_i2c.o
    0x08003a6a   0x08003a6a   0x00000002   PAD
    0x08003a6c   0x08003a6c   0x000000c4   Code   RO         3372    i.HAL_I2C_Init      stm32f7xx_hal_i2c.o
    0x08003b30   0x08003b30   0x000001a0   Code   RO         3390    i.HAL_I2C_Mem_Read  stm32f7xx_hal_i2c.o
    0x08003cd0   0x08003cd0   0x00000198   Code   RO         3393    i.HAL_I2C_Mem_Write  stm32f7xx_hal_i2c.o
    0x08003e68   0x08003e68   0x00000030   Code   RO         1718    i.HAL_I2C_MspDeInit  stm32f7xx_hal_msp.o
    0x08003e98   0x08003e98   0x00000080   Code   RO         1719    i.HAL_I2C_MspInit   stm32f7xx_hal_msp.o
    0x08003f18   0x08003f18   0x00000018   Code   RO         3174    i.HAL_IncTick       stm32f7xx_hal.o
    0x08003f30   0x08003f30   0x00000030   Code   RO         3175    i.HAL_Init          stm32f7xx_hal.o
    0x08003f60   0x08003f60   0x00000088   Code   RO         1842    i.HAL_InitTick      stm32f7xx_hal_timebase_tim.o
    0x08003fe8   0x08003fe8   0x00000060   Code   RO         4973    i.HAL_LTDCEx_StructInitFromVideoConfig  stm32f7xx_hal_ltdc_ex.o
    0x08004048   0x08004048   0x0000005e   Code   RO         4718    i.HAL_LTDC_ConfigLayer  stm32f7xx_hal_ltdc.o
    0x080040a6   0x080040a6   0x00000002   PAD
    0x080040a8   0x080040a8   0x00000118   Code   RO         4735    i.HAL_LTDC_Init     stm32f7xx_hal_ltdc.o
    0x080041c0   0x080041c0   0x00000030   Code   RO         1721    i.HAL_LTDC_MspInit  stm32f7xx_hal_msp.o
    0x080041f0   0x080041f0   0x0000004c   Code   RO         1722    i.HAL_MspInit       stm32f7xx_hal_msp.o
    0x0800423c   0x0800423c   0x00000020   Code   RO         3016    i.HAL_NVIC_EnableIRQ  stm32f7xx_hal_cortex.o
    0x0800425c   0x0800425c   0x0000007c   Code   RO         3022    i.HAL_NVIC_SetPriority  stm32f7xx_hal_cortex.o
    0x080042d8   0x080042d8   0x00000028   Code   RO         3023    i.HAL_NVIC_SetPriorityGrouping  stm32f7xx_hal_cortex.o
    0x08004300   0x08004300   0x00000090   Code   RO         2925    i.HAL_PWREx_EnableOverDrive  stm32f7xx_hal_pwr_ex.o
    0x08004390   0x08004390   0x00000758   Code   RO         2301    i.HAL_RCCEx_PeriphCLKConfig  stm32f7xx_hal_rcc_ex.o
    0x08004ae8   0x08004ae8   0x00000190   Code   RO         2194    i.HAL_RCC_ClockConfig  stm32f7xx_hal_rcc.o
    0x08004c78   0x08004c78   0x00000044   Code   RO         2198    i.HAL_RCC_GetClockConfig  stm32f7xx_hal_rcc.o
    0x08004cbc   0x08004cbc   0x0000000c   Code   RO         2199    i.HAL_RCC_GetHCLKFreq  stm32f7xx_hal_rcc.o
    0x08004cc8   0x08004cc8   0x00000020   Code   RO         2201    i.HAL_RCC_GetPCLK1Freq  stm32f7xx_hal_rcc.o
    0x08004ce8   0x08004ce8   0x00000020   Code   RO         2202    i.HAL_RCC_GetPCLK2Freq  stm32f7xx_hal_rcc.o
    0x08004d08   0x08004d08   0x000000b0   Code   RO         2203    i.HAL_RCC_GetSysClockFreq  stm32f7xx_hal_rcc.o
    0x08004db8   0x08004db8   0x000004b8   Code   RO         2206    i.HAL_RCC_OscConfig  stm32f7xx_hal_rcc.o
    0x08005270   0x08005270   0x00000040   Code   RO         4565    i.HAL_SDRAM_Init    stm32f7xx_hal_sdram.o
    0x080052b0   0x080052b0   0x0000000a   Code   RO         1724    i.HAL_SDRAM_MspInit  stm32f7xx_hal_msp.o
    0x080052ba   0x080052ba   0x00000028   Code   RO         4568    i.HAL_SDRAM_ProgramRefreshRate  stm32f7xx_hal_sdram.o
    0x080052e2   0x080052e2   0x0000003a   Code   RO         4574    i.HAL_SDRAM_SendCommand  stm32f7xx_hal_sdram.o
    0x0800531c   0x0800531c   0x000000a8   Code   RO         5281    i.HAL_SD_ConfigWideBusOperation  stm32f7xx_hal_sd.o
    0x080053c4   0x080053c4   0x000001f0   Code   RO         5286    i.HAL_SD_GetCardCSD  stm32f7xx_hal_sd.o
    0x080055b4   0x080055b4   0x00000026   Code   RO         5287    i.HAL_SD_GetCardInfo  stm32f7xx_hal_sd.o
    0x080055da   0x080055da   0x00000028   Code   RO         5288    i.HAL_SD_GetCardState  stm32f7xx_hal_sd.o
    0x08005602   0x08005602   0x00000036   Code   RO         5293    i.HAL_SD_Init       stm32f7xx_hal_sd.o
    0x08005638   0x08005638   0x00000088   Code   RO         5294    i.HAL_SD_InitCard   stm32f7xx_hal_sd.o
    0x080056c0   0x080056c0   0x00000110   Code   RO         1726    i.HAL_SD_MspInit    stm32f7xx_hal_msp.o
    0x080057d0   0x080057d0   0x0000024a   Code   RO         5297    i.HAL_SD_ReadBlocks  stm32f7xx_hal_sd.o
    0x08005a1a   0x08005a1a   0x00000202   Code   RO         5302    i.HAL_SD_WriteBlocks  stm32f7xx_hal_sd.o
    0x08005c1c   0x08005c1c   0x00000002   Code   RO         6231    i.HAL_TIMEx_Break2Callback  stm32f7xx_hal_tim_ex.o
    0x08005c1e   0x08005c1e   0x00000002   Code   RO         6232    i.HAL_TIMEx_BreakCallback  stm32f7xx_hal_tim_ex.o
    0x08005c20   0x08005c20   0x00000002   Code   RO         6233    i.HAL_TIMEx_CommutCallback  stm32f7xx_hal_tim_ex.o
    0x08005c22   0x08005c22   0x00000034   Code   RO         5535    i.HAL_TIM_Base_Init  stm32f7xx_hal_tim.o
    0x08005c56   0x08005c56   0x00000002   Code   RO         5537    i.HAL_TIM_Base_MspInit  stm32f7xx_hal_tim.o
    0x08005c58   0x08005c58   0x00000038   Code   RO         5540    i.HAL_TIM_Base_Start_IT  stm32f7xx_hal_tim.o
    0x08005c90   0x08005c90   0x00000002   Code   RO         5564    i.HAL_TIM_IC_CaptureCallback  stm32f7xx_hal_tim.o
    0x08005c92   0x08005c92   0x000001b8   Code   RO         5578    i.HAL_TIM_IRQHandler  stm32f7xx_hal_tim.o
    0x08005e4a   0x08005e4a   0x00000002   Code   RO         5581    i.HAL_TIM_OC_DelayElapsedCallback  stm32f7xx_hal_tim.o
    0x08005e4c   0x08005e4c   0x00000002   Code   RO         5608    i.HAL_TIM_PWM_PulseFinishedCallback  stm32f7xx_hal_tim.o
    0x08005e4e   0x08005e4e   0x00000002   PAD
    0x08005e50   0x08005e50   0x00000018   Code   RO         1238    i.HAL_TIM_PeriodElapsedCallback  main.o
    0x08005e68   0x08005e68   0x00000002   Code   RO         5621    i.HAL_TIM_TriggerCallback  stm32f7xx_hal_tim.o
    0x08005e6a   0x08005e6a   0x00000074   Code   RO         6526    i.HAL_UART_Init     stm32f7xx_hal_uart.o
    0x08005ede   0x08005ede   0x00000002   PAD
    0x08005ee0   0x08005ee0   0x00000080   Code   RO         1728    i.HAL_UART_MspInit  stm32f7xx_hal_msp.o
    0x08005f60   0x08005f60   0x000000d0   Code   RO         6534    i.HAL_UART_Transmit  stm32f7xx_hal_uart.o
    0x08006030   0x08006030   0x00000028   Code   RO         3419    i.I2C_Flush_TXDR    stm32f7xx_hal_i2c.o
    0x08006058   0x08006058   0x00000098   Code   RO         3427    i.I2C_IsAcknowledgeFailed  stm32f7xx_hal_i2c.o
    0x080060f0   0x080060f0   0x0000007c   Code   RO         3430    i.I2C_RequestMemoryRead  stm32f7xx_hal_i2c.o
    0x0800616c   0x0800616c   0x0000007c   Code   RO         3431    i.I2C_RequestMemoryWrite  stm32f7xx_hal_i2c.o
    0x080061e8   0x080061e8   0x00000034   Code   RO         3434    i.I2C_TransferConfig  stm32f7xx_hal_i2c.o
    0x0800621c   0x0800621c   0x0000005e   Code   RO         3435    i.I2C_WaitOnFlagUntilTimeout  stm32f7xx_hal_i2c.o
    0x0800627a   0x0800627a   0x00000056   Code   RO         3437    i.I2C_WaitOnSTOPFlagUntilTimeout  stm32f7xx_hal_i2c.o
    0x080062d0   0x080062d0   0x0000005a   Code   RO         3438    i.I2C_WaitOnTXISFlagUntilTimeout  stm32f7xx_hal_i2c.o
    0x0800632a   0x0800632a   0x00000014   Code   RO           35    i.I2Cx_Error        stm32f769i_discovery.o
    0x0800633e   0x0800633e   0x00000002   PAD
    0x08006340   0x08006340   0x00000050   Code   RO           36    i.I2Cx_Init         stm32f769i_discovery.o
    0x08006390   0x08006390   0x00000180   Code   RO           38    i.I2Cx_MspInit      stm32f769i_discovery.o
    0x08006510   0x08006510   0x0000003a   Code   RO           39    i.I2Cx_ReadMultiple  stm32f769i_discovery.o
    0x0800654a   0x0800654a   0x0000003a   Code   RO           40    i.I2Cx_WriteMultiple  stm32f769i_discovery.o
    0x08006584   0x08006584   0x000000c4   Code   RO          855    i.LCD_DrawBitmap    gui.o
    0x08006648   0x08006648   0x00000004   Code   RO          421    i.LCD_IO_GetID      stm32f769i_discovery_lcd.o
    0x0800664c   0x0800664c   0x00000210   Code   RO         4754    i.LTDC_SetConfig    stm32f7xx_hal_ltdc.o
    0x0800685c   0x0800685c   0x00000240   Code   RO          856    i.LoadImagesFromSdToRAM  gui.o
    0x08006a9c   0x08006a9c   0x00000074   Code   RO         1239    i.MX_ADC1_Init      main.o
    0x08006b10   0x08006b10   0x00000044   Code   RO         1240    i.MX_DMA2D_Init     main.o
    0x08006b54   0x08006b54   0x00000154   Code   RO         1241    i.MX_DSIHOST_DSI_Init  main.o
    0x08006ca8   0x08006ca8   0x0000001c   Code   RO         1496    i.MX_FATFS_Init     fatfs.o
    0x08006cc4   0x08006cc4   0x00000074   Code   RO         1242    i.MX_FMC_Init       main.o
    0x08006d38   0x08006d38   0x00000198   Code   RO         1243    i.MX_GPIO_Init      main.o
    0x08006ed0   0x08006ed0   0x00000058   Code   RO         1244    i.MX_I2C1_Init      main.o
    0x08006f28   0x08006f28   0x000000c8   Code   RO         1245    i.MX_LTDC_Init      main.o
    0x08006ff0   0x08006ff0   0x00000028   Code   RO         1246    i.MX_SDMMC2_SD_Init  main.o
    0x08007018   0x08007018   0x00000040   Code   RO         1247    i.MX_USART1_UART_Init  main.o
    0x08007058   0x08007058   0x00000004   Code   RO         1629    i.MemManage_Handler  stm32f7xx_it.o
    0x0800705c   0x0800705c   0x00000002   Code   RO         1630    i.NMI_Handler       stm32f7xx_it.o
    0x0800705e   0x0800705e   0x0000000c   Code   RO           41    i.OTM8009A_IO_Delay  stm32f769i_discovery.o
    0x0800706a   0x0800706a   0x00000002   PAD
    0x0800706c   0x0800706c   0x00000498   Code   RO          824    i.OTM8009A_Init     otm8009a.o
    0x08007504   0x08007504   0x000000dc   Code   RO          857    i.OpenBMP           gui.o
    0x080075e0   0x080075e0   0x000000a2   Code   RO          858    i.PrintFullness     gui.o
    0x08007682   0x08007682   0x00000002   PAD
    0x08007684   0x08007684   0x000000f8   Code   RO          859    i.ReadImage         gui.o
    0x0800777c   0x0800777c   0x0000009c   Code   RO         1248    i.SCB_EnableDCache  main.o
    0x08007818   0x08007818   0x0000007c   Code   RO         1249    i.SCB_EnableICache  main.o
    0x08007894   0x08007894   0x0000003a   Code   RO         5002    i.SDMMC_CmdAppCommand  stm32f7xx_ll_sdmmc.o
    0x080078ce   0x080078ce   0x00000002   PAD
    0x080078d0   0x080078d0   0x0000003c   Code   RO         5003    i.SDMMC_CmdAppOperCommand  stm32f7xx_ll_sdmmc.o
    0x0800790c   0x0800790c   0x0000003a   Code   RO         5004    i.SDMMC_CmdBlockLength  stm32f7xx_ll_sdmmc.o
    0x08007946   0x08007946   0x0000003a   Code   RO         5005    i.SDMMC_CmdBusWidth  stm32f7xx_ll_sdmmc.o
    0x08007980   0x08007980   0x0000002e   Code   RO         5009    i.SDMMC_CmdGoIdleState  stm32f7xx_ll_sdmmc.o
    0x080079ae   0x080079ae   0x00000036   Code   RO         5011    i.SDMMC_CmdOperCond  stm32f7xx_ll_sdmmc.o
    0x080079e4   0x080079e4   0x0000003a   Code   RO         5012    i.SDMMC_CmdReadMultiBlock  stm32f7xx_ll_sdmmc.o
    0x08007a1e   0x08007a1e   0x0000003a   Code   RO         5013    i.SDMMC_CmdReadSingleBlock  stm32f7xx_ll_sdmmc.o
    0x08007a58   0x08007a58   0x0000003c   Code   RO         5016    i.SDMMC_CmdSelDesel  stm32f7xx_ll_sdmmc.o
    0x08007a94   0x08007a94   0x00000034   Code   RO         5017    i.SDMMC_CmdSendCID  stm32f7xx_ll_sdmmc.o
    0x08007ac8   0x08007ac8   0x00000034   Code   RO         5018    i.SDMMC_CmdSendCSD  stm32f7xx_ll_sdmmc.o
    0x08007afc   0x08007afc   0x0000003a   Code   RO         5019    i.SDMMC_CmdSendSCR  stm32f7xx_ll_sdmmc.o
    0x08007b36   0x08007b36   0x0000003a   Code   RO         5020    i.SDMMC_CmdSendStatus  stm32f7xx_ll_sdmmc.o
    0x08007b70   0x08007b70   0x0000003a   Code   RO         5021    i.SDMMC_CmdSetRelAdd  stm32f7xx_ll_sdmmc.o
    0x08007baa   0x08007baa   0x00000002   PAD
    0x08007bac   0x08007bac   0x0000003c   Code   RO         5023    i.SDMMC_CmdStopTransfer  stm32f7xx_ll_sdmmc.o
    0x08007be8   0x08007be8   0x0000003a   Code   RO         5025    i.SDMMC_CmdWriteMultiBlock  stm32f7xx_ll_sdmmc.o
    0x08007c22   0x08007c22   0x0000003a   Code   RO         5026    i.SDMMC_CmdWriteSingleBlock  stm32f7xx_ll_sdmmc.o
    0x08007c5c   0x08007c5c   0x0000002c   Code   RO         5027    i.SDMMC_ConfigData  stm32f7xx_ll_sdmmc.o
    0x08007c88   0x08007c88   0x00000040   Code   RO         5028    i.SDMMC_GetCmdError  stm32f7xx_ll_sdmmc.o
    0x08007cc8   0x08007cc8   0x000001a4   Code   RO         5029    i.SDMMC_GetCmdResp1  stm32f7xx_ll_sdmmc.o
    0x08007e6c   0x08007e6c   0x0000005c   Code   RO         5030    i.SDMMC_GetCmdResp2  stm32f7xx_ll_sdmmc.o
    0x08007ec8   0x08007ec8   0x00000050   Code   RO         5031    i.SDMMC_GetCmdResp3  stm32f7xx_ll_sdmmc.o
    0x08007f18   0x08007f18   0x000000b0   Code   RO         5032    i.SDMMC_GetCmdResp6  stm32f7xx_ll_sdmmc.o
    0x08007fc8   0x08007fc8   0x00000058   Code   RO         5033    i.SDMMC_GetCmdResp7  stm32f7xx_ll_sdmmc.o
    0x08008020   0x08008020   0x00000008   Code   RO         5034    i.SDMMC_GetCommandResponse  stm32f7xx_ll_sdmmc.o
    0x08008028   0x08008028   0x0000000a   Code   RO         5037    i.SDMMC_GetPowerState  stm32f7xx_ll_sdmmc.o
    0x08008032   0x08008032   0x00000016   Code   RO         5038    i.SDMMC_GetResponse  stm32f7xx_ll_sdmmc.o
    0x08008048   0x08008048   0x00000034   Code   RO         5039    i.SDMMC_Init        stm32f7xx_ll_sdmmc.o
    0x0800807c   0x0800807c   0x0000000a   Code   RO         5041    i.SDMMC_PowerState_ON  stm32f7xx_ll_sdmmc.o
    0x08008086   0x08008086   0x00000008   Code   RO         5042    i.SDMMC_ReadFIFO    stm32f7xx_ll_sdmmc.o
    0x0800808e   0x0800808e   0x00000028   Code   RO         5043    i.SDMMC_SendCommand  stm32f7xx_ll_sdmmc.o
    0x080080b6   0x080080b6   0x0000000c   Code   RO         5045    i.SDMMC_WriteFIFO   stm32f7xx_ll_sdmmc.o
    0x080080c2   0x080080c2   0x00000002   PAD
    0x080080c4   0x080080c4   0x00000028   Code   RO         1436    i.SD_CheckStatus    sd_diskio.o
    0x080080ec   0x080080ec   0x0000012c   Code   RO         5310    i.SD_FindSCR        stm32f7xx_hal_sd.o
    0x08008218   0x08008218   0x000000fc   Code   RO         5311    i.SD_InitCard       stm32f7xx_hal_sd.o
    0x08008314   0x08008314   0x000000ee   Code   RO         5313    i.SD_PowerON        stm32f7xx_hal_sd.o
    0x08008402   0x08008402   0x00000032   Code   RO         5316    i.SD_SendStatus     stm32f7xx_hal_sd.o
    0x08008434   0x08008434   0x0000006a   Code   RO         5317    i.SD_WideBus_Disable  stm32f7xx_hal_sd.o
    0x0800849e   0x0800849e   0x0000006a   Code   RO         5318    i.SD_WideBus_Enable  stm32f7xx_hal_sd.o
    0x08008508   0x08008508   0x00000024   Code   RO         1437    i.SD_initialize     sd_diskio.o
    0x0800852c   0x0800852c   0x0000006c   Code   RO         1438    i.SD_ioctl          sd_diskio.o
    0x08008598   0x08008598   0x0000002e   Code   RO         1439    i.SD_read           sd_diskio.o
    0x080085c6   0x080085c6   0x0000000c   Code   RO         1440    i.SD_status         sd_diskio.o
    0x080085d2   0x080085d2   0x0000002e   Code   RO         1441    i.SD_write          sd_diskio.o
    0x08008600   0x08008600   0x00000404   Code   RO         1557    i.ScreensDrawer     freertos.o
    0x08008a04   0x08008a04   0x00000018   Code   RO         1558    i.StartBlinkTask    freertos.o
    0x08008a1c   0x08008a1c   0x00000012   Code   RO         1559    i.StartDefaultTask  freertos.o
    0x08008a2e   0x08008a2e   0x00000002   PAD
    0x08008a30   0x08008a30   0x00000220   Code   RO         1560    i.StartTouchTask    freertos.o
    0x08008c50   0x08008c50   0x00000038   Code   RO         8594    i.SysTick_Handler   port.o
    0x08008c88   0x08008c88   0x000000f0   Code   RO         1250    i.SystemClock_Config  main.o
    0x08008d78   0x08008d78   0x00000064   Code   RO         1882    i.SystemInit        system_stm32f7xx.o
    0x08008ddc   0x08008ddc   0x0000007c   Code   RO          860    i.TFT_FillRectangle  gui.o
    0x08008e58   0x08008e58   0x00000044   Code   RO          861    i.TFT_FillScreen    gui.o
    0x08008e9c   0x08008e9c   0x00000010   Code   RO         1631    i.TIM1_UP_TIM10_IRQHandler  stm32f7xx_it.o
    0x08008eac   0x08008eac   0x000000d8   Code   RO         5623    i.TIM_Base_SetConfig  stm32f7xx_hal_tim.o
    0x08008f84   0x08008f84   0x00000010   Code   RO           43    i.TS_IO_Init        stm32f769i_discovery.o
    0x08008f94   0x08008f94   0x00000028   Code   RO           44    i.TS_IO_Read        stm32f769i_discovery.o
    0x08008fbc   0x08008fbc   0x00000024   Code   RO           45    i.TS_IO_ReadMultiple  stm32f769i_discovery.o
    0x08008fe0   0x08008fe0   0x00000024   Code   RO           46    i.TS_IO_Write       stm32f769i_discovery.o
    0x08009004   0x08009004   0x000000f8   Code   RO         6539    i.UART_AdvFeatureConfig  stm32f7xx_hal_uart.o
    0x080090fc   0x080090fc   0x00000048   Code   RO         6540    i.UART_CheckIdleState  stm32f7xx_hal_uart.o
    0x08009144   0x08009144   0x000003a4   Code   RO         6556    i.UART_SetConfig    stm32f7xx_hal_uart.o
    0x080094e8   0x080094e8   0x00000068   Code   RO         6559    i.UART_WaitOnFlagUntilTimeout  stm32f7xx_hal_uart.o
    0x08009550   0x08009550   0x00000004   Code   RO         1632    i.UsageFault_Handler  stm32f7xx_it.o
    0x08009554   0x08009554   0x00000028   Code   RO         8732    i.__0sprintf$1      mc_w.l(printf1.o)
    0x0800957c   0x0800957c   0x00000010   Code   RO         3029    i.__NVIC_GetPriorityGrouping  stm32f7xx_hal_cortex.o
    0x0800958c   0x0800958c   0x00000028   Code   RO         3030    i.__NVIC_SetPriority  stm32f7xx_hal_cortex.o
    0x080095b4   0x080095b4   0x00000008   Code   RO         9001    i.__aeabi_errno_addr  mc_w.l(errno.o)
    0x080095bc   0x080095bc   0x0000000e   Code   RO         9037    i.__scatterload_copy  mc_w.l(handlers.o)
    0x080095ca   0x080095ca   0x00000002   Code   RO         9038    i.__scatterload_null  mc_w.l(handlers.o)
    0x080095cc   0x080095cc   0x0000000e   Code   RO         9039    i.__scatterload_zeroinit  mc_w.l(handlers.o)
    0x080095da   0x080095da   0x00000002   PAD
    0x080095dc   0x080095dc   0x00000154   Code   RO         8737    i._printf_core      mc_w.l(printf1.o)
    0x08009730   0x08009730   0x0000000a   Code   RO         8739    i._sputc            mc_w.l(printf1.o)
    0x0800973a   0x0800973a   0x00000002   PAD
    0x0800973c   0x0800973c   0x0000007c   Code   RO         6946    i.check_fs          ff.o
    0x080097b8   0x080097b8   0x00000014   Code   RO         6947    i.chk_chr           ff.o
    0x080097cc   0x080097cc   0x00000036   Code   RO         6948    i.clmt_clust        ff.o
    0x08009802   0x08009802   0x0000001a   Code   RO         6949    i.clust2sect        ff.o
    0x0800981c   0x0800981c   0x000000de   Code   RO         6950    i.create_chain      ff.o
    0x080098fa   0x080098fa   0x00000002   PAD
    0x080098fc   0x080098fc   0x000000e0   Code   RO         6951    i.create_name       ff.o
    0x080099dc   0x080099dc   0x00000060   Code   RO         6952    i.dir_alloc         ff.o
    0x08009a3c   0x08009a3c   0x0000006c   Code   RO         6953    i.dir_find          ff.o
    0x08009aa8   0x08009aa8   0x0000011a   Code   RO         6954    i.dir_next          ff.o
    0x08009bc2   0x08009bc2   0x0000003c   Code   RO         6956    i.dir_register      ff.o
    0x08009bfe   0x08009bfe   0x000000a6   Code   RO         6958    i.dir_sdi           ff.o
    0x08009ca4   0x08009ca4   0x0000002c   Code   RO         6891    i.disk_initialize   diskio.o
    0x08009cd0   0x08009cd0   0x00000028   Code   RO         6892    i.disk_ioctl        diskio.o
    0x08009cf8   0x08009cf8   0x00000030   Code   RO         6893    i.disk_read         diskio.o
    0x08009d28   0x08009d28   0x0000001c   Code   RO         6894    i.disk_status       diskio.o
    0x08009d44   0x08009d44   0x00000030   Code   RO         6895    i.disk_write        diskio.o
    0x08009d74   0x08009d74   0x0000002a   Code   RO         6959    i.f_close           ff.o
    0x08009d9e   0x08009d9e   0x00000368   Code   RO         6963    i.f_lseek           ff.o
    0x0800a106   0x0800a106   0x00000002   PAD
    0x0800a108   0x0800a108   0x00000080   Code   RO         6966    i.f_mount           ff.o
    0x0800a188   0x0800a188   0x0000020c   Code   RO         6967    i.f_open            ff.o
    0x0800a394   0x0800a394   0x00000234   Code   RO         6972    i.f_read            ff.o
    0x0800a5c8   0x0800a5c8   0x000000b0   Code   RO         6976    i.f_sync            ff.o
    0x0800a678   0x0800a678   0x00000026   Code   RO         7337    i.ff_cre_syncobj    syscall.o
    0x0800a69e   0x0800a69e   0x0000000e   Code   RO         7338    i.ff_del_syncobj    syscall.o
    0x0800a6ac   0x0800a6ac   0x0000000c   Code   RO         7339    i.ff_rel_grant      syscall.o
    0x0800a6b8   0x0800a6b8   0x00000018   Code   RO         7340    i.ff_req_grant      syscall.o
    0x0800a6d0   0x0800a6d0   0x00000354   Code   RO         6980    i.find_volume       ff.o
    0x0800aa24   0x0800aa24   0x000000ae   Code   RO         6981    i.follow_path       ff.o
    0x0800aad2   0x0800aad2   0x00000002   PAD
    0x0800aad4   0x0800aad4   0x00000024   Code   RO         1137    i.ft6x06_GetInstance  ft6x06.o
    0x0800aaf8   0x0800aaf8   0x0000002c   Code   RO         1138    i.ft6x06_Init       ft6x06.o
    0x0800ab24   0x0800ab24   0x00000012   Code   RO         1139    i.ft6x06_ReadID     ft6x06.o
    0x0800ab36   0x0800ab36   0x00000002   Code   RO         1140    i.ft6x06_Reset      ft6x06.o
    0x0800ab38   0x0800ab38   0x00000002   Code   RO         1141    i.ft6x06_TS_ClearIT  ft6x06.o
    0x0800ab3a   0x0800ab3a   0x00000006   Code   RO         1142    i.ft6x06_TS_Configure  ft6x06.o
    0x0800ab40   0x0800ab40   0x00000040   Code   RO         1143    i.ft6x06_TS_DetectTouch  ft6x06.o
    0x0800ab80   0x0800ab80   0x00000014   Code   RO         1144    i.ft6x06_TS_DisableIT  ft6x06.o
    0x0800ab94   0x0800ab94   0x00000014   Code   RO         1145    i.ft6x06_TS_EnableIT  ft6x06.o
    0x0800aba8   0x0800aba8   0x00000070   Code   RO         1148    i.ft6x06_TS_GetXY   ft6x06.o
    0x0800ac18   0x0800ac18   0x00000006   Code   RO         1149    i.ft6x06_TS_ITStatus  ft6x06.o
    0x0800ac1e   0x0800ac1e   0x00000012   Code   RO         1150    i.ft6x06_TS_Start   ft6x06.o
    0x0800ac30   0x0800ac30   0x00000132   Code   RO         6982    i.get_fat           ff.o
    0x0800ad62   0x0800ad62   0x00000004   Code   RO         1497    i.get_fattime       fatfs.o
    0x0800ad66   0x0800ad66   0x00000048   Code   RO         6984    i.get_ldnumber      ff.o
    0x0800adae   0x0800adae   0x00000026   Code   RO          863    i.get_touch_pos     gui.o
    0x0800add4   0x0800add4   0x00000004   Code   RO         1633    i.hard_fault_handler_c  stm32f7xx_it.o
    0x0800add8   0x0800add8   0x00000010   Code   RO         8163    i.inHandlerMode     cmsis_os.o
    0x0800ade8   0x0800ade8   0x00000026   Code   RO         6985    i.ld_clust          ff.o
    0x0800ae0e   0x0800ae0e   0x00000018   Code   RO         6986    i.ld_dword          ff.o
    0x0800ae26   0x0800ae26   0x0000000c   Code   RO         6987    i.ld_word           ff.o
    0x0800ae32   0x0800ae32   0x00000016   Code   RO         6988    i.lock_fs           ff.o
    0x0800ae48   0x0800ae48   0x0000042c   Code   RO         1251    i.main              main.o
    0x0800b274   0x0800b274   0x0000000e   Code   RO         8165    i.makeFreeRtosPriority  cmsis_os.o
    0x0800b282   0x0800b282   0x00000024   Code   RO         6989    i.mem_cmp           ff.o
    0x0800b2a6   0x0800b2a6   0x0000001a   Code   RO         6990    i.mem_cpy           ff.o
    0x0800b2c0   0x0800b2c0   0x00000012   Code   RO         6991    i.mem_set           ff.o
    0x0800b2d2   0x0800b2d2   0x00000034   Code   RO         6992    i.move_window       ff.o
    0x0800b306   0x0800b306   0x00000018   Code   RO         8167    i.osDelay           cmsis_os.o
    0x0800b31e   0x0800b31e   0x0000000a   Code   RO         8170    i.osKernelStart     cmsis_os.o
    0x0800b328   0x0800b328   0x00000028   Code   RO         8179    i.osMessageCreate   cmsis_os.o
    0x0800b350   0x0800b350   0x0000009c   Code   RO         8181    i.osMessageGet      cmsis_os.o
    0x0800b3ec   0x0800b3ec   0x00000060   Code   RO         8183    i.osMessagePut      cmsis_os.o
    0x0800b44c   0x0800b44c   0x0000004a   Code   RO         8196    i.osSemaphoreCreate  cmsis_os.o
    0x0800b496   0x0800b496   0x00000018   Code   RO         8197    i.osSemaphoreDelete  cmsis_os.o
    0x0800b4ae   0x0800b4ae   0x00000002   PAD
    0x0800b4b0   0x0800b4b0   0x00000050   Code   RO         8199    i.osSemaphoreRelease  cmsis_os.o
    0x0800b500   0x0800b500   0x00000068   Code   RO         8200    i.osSemaphoreWait   cmsis_os.o
    0x0800b568   0x0800b568   0x0000005e   Code   RO         8204    i.osThreadCreate    cmsis_os.o
    0x0800b5c6   0x0800b5c6   0x0000009e   Code   RO          864    i.placePrBar        gui.o
    0x0800b664   0x0800b664   0x00000060   Code   RO          865    i.print_touch_pos   gui.o
    0x0800b6c4   0x0800b6c4   0x00000098   Code   RO         7851    i.prvAddCurrentTaskToDelayedList  tasks.o
    0x0800b75c   0x0800b75c   0x000000b4   Code   RO         7852    i.prvAddNewTaskToReadyList  tasks.o
    0x0800b810   0x0800b810   0x00000048   Code   RO         7853    i.prvCheckTasksWaitingTermination  tasks.o
    0x0800b858   0x0800b858   0x0000002a   Code   RO         7526    i.prvCopyDataFromQueue  queue.o
    0x0800b882   0x0800b882   0x0000007c   Code   RO         7527    i.prvCopyDataToQueue  queue.o
    0x0800b8fe   0x0800b8fe   0x00000054   Code   RO         7854    i.prvDeleteTCB      tasks.o
    0x0800b952   0x0800b952   0x00000014   Code   RO         7528    i.prvGetDisinheritPriorityAfterTimeout  queue.o
    0x0800b966   0x0800b966   0x00000002   PAD
    0x0800b968   0x0800b968   0x0000007c   Code   RO         8532    i.prvHeapInit       heap_4.o
    0x0800b9e4   0x0800b9e4   0x00000028   Code   RO         7855    i.prvIdleTask       tasks.o
    0x0800ba0c   0x0800ba0c   0x00000026   Code   RO         7530    i.prvInitialiseNewQueue  queue.o
    0x0800ba32   0x0800ba32   0x000000ae   Code   RO         7856    i.prvInitialiseNewTask  tasks.o
    0x0800bae0   0x0800bae0   0x00000068   Code   RO         7857    i.prvInitialiseTaskLists  tasks.o
    0x0800bb48   0x0800bb48   0x00000068   Code   RO         8533    i.prvInsertBlockIntoFreeList  heap_4.o
    0x0800bbb0   0x0800bbb0   0x0000001a   Code   RO         7531    i.prvIsQueueEmpty   queue.o
    0x0800bbca   0x0800bbca   0x0000001e   Code   RO         7532    i.prvIsQueueFull    queue.o
    0x0800bbe8   0x0800bbe8   0x00000034   Code   RO         7858    i.prvResetNextTaskUnblockTime  tasks.o
    0x0800bc1c   0x0800bc1c   0x00000048   Code   RO         8595    i.prvTaskExitError  port.o
    0x0800bc64   0x0800bc64   0x0000007e   Code   RO         7533    i.prvUnlockQueue    queue.o
    0x0800bce2   0x0800bce2   0x00000190   Code   RO         6993    i.put_fat           ff.o
    0x0800be72   0x0800be72   0x00000002   PAD
    0x0800be74   0x0800be74   0x00000148   Code   RO         8534    i.pvPortMalloc      heap_4.o
    0x0800bfbc   0x0800bfbc   0x00000020   Code   RO         7860    i.pvTaskIncrementMutexHeldCount  tasks.o
    0x0800bfdc   0x0800bfdc   0x0000002c   Code   RO         8596    i.pxPortInitialiseStack  port.o
    0x0800c008   0x0800c008   0x0000009a   Code   RO         6997    i.remove_chain      ff.o
    0x0800c0a2   0x0800c0a2   0x00000024   Code   RO         6998    i.st_clust          ff.o
    0x0800c0c6   0x0800c0c6   0x00000018   Code   RO         6999    i.st_dword          ff.o
    0x0800c0de   0x0800c0de   0x0000000c   Code   RO         7000    i.st_word           ff.o
    0x0800c0ea   0x0800c0ea   0x00000002   PAD
    0x0800c0ec   0x0800c0ec   0x00000090   Code   RO         7001    i.sync_fs           ff.o
    0x0800c17c   0x0800c17c   0x00000052   Code   RO         7002    i.sync_window       ff.o
    0x0800c1ce   0x0800c1ce   0x0000001c   Code   RO         7003    i.unlock_fs         ff.o
    0x0800c1ea   0x0800c1ea   0x00000028   Code   RO         7486    i.uxListRemove      list.o
    0x0800c212   0x0800c212   0x00000002   PAD
    0x0800c214   0x0800c214   0x00000018   Code   RO         1561    i.vApplicationGetIdleTaskMemory  freertos.o
    0x0800c22c   0x0800c22c   0x0000001a   Code   RO         7487    i.vListInitialise   list.o
    0x0800c246   0x0800c246   0x00000006   Code   RO         7488    i.vListInitialiseItem  list.o
    0x0800c24c   0x0800c24c   0x00000034   Code   RO         7489    i.vListInsert       list.o
    0x0800c280   0x0800c280   0x00000018   Code   RO         7490    i.vListInsertEnd    list.o
    0x0800c298   0x0800c298   0x0000005c   Code   RO         8598    i.vPortEnterCritical  port.o
    0x0800c2f4   0x0800c2f4   0x00000040   Code   RO         8599    i.vPortExitCritical  port.o
    0x0800c334   0x0800c334   0x0000009c   Code   RO         8535    i.vPortFree         heap_4.o
    0x0800c3d0   0x0800c3d0   0x00000028   Code   RO         8600    i.vPortSetupTimerInterrupt  port.o
    0x0800c3f8   0x0800c3f8   0x00000080   Code   RO         8601    i.vPortValidateInterruptPriority  port.o
    0x0800c478   0x0800c478   0x00000036   Code   RO         7538    i.vQueueDelete      queue.o
    0x0800c4ae   0x0800c4ae   0x00000002   PAD
    0x0800c4b0   0x0800c4b0   0x00000030   Code   RO         7539    i.vQueueUnregisterQueue  queue.o
    0x0800c4e0   0x0800c4e0   0x00000060   Code   RO         7866    i.vTaskDelay        tasks.o
    0x0800c540   0x0800c540   0x00000018   Code   RO         7869    i.vTaskInternalSetTimeOutState  tasks.o
    0x0800c558   0x0800c558   0x0000000c   Code   RO         7870    i.vTaskMissedYield  tasks.o
    0x0800c564   0x0800c564   0x0000003c   Code   RO         7872    i.vTaskPlaceOnEventList  tasks.o
    0x0800c5a0   0x0800c5a0   0x000000fc   Code   RO         7874    i.vTaskPriorityDisinheritAfterTimeout  tasks.o
    0x0800c69c   0x0800c69c   0x000000b8   Code   RO         7879    i.vTaskStartScheduler  tasks.o
    0x0800c754   0x0800c754   0x00000010   Code   RO         7881    i.vTaskSuspendAll   tasks.o
    0x0800c764   0x0800c764   0x00000090   Code   RO         7882    i.vTaskSwitchContext  tasks.o
    0x0800c7f4   0x0800c7f4   0x00000052   Code   RO         7004    i.validate          ff.o
    0x0800c846   0x0800c846   0x00000002   PAD
    0x0800c848   0x0800c848   0x00000114   Code   RO         8602    i.xPortStartScheduler  port.o
    0x0800c95c   0x0800c95c   0x00000062   Code   RO         7542    i.xQueueGenericCreate  queue.o
    0x0800c9be   0x0800c9be   0x000000f2   Code   RO         7543    i.xQueueGenericCreateStatic  queue.o
    0x0800cab0   0x0800cab0   0x0000009c   Code   RO         7544    i.xQueueGenericReset  queue.o
    0x0800cb4c   0x0800cb4c   0x000001b8   Code   RO         7545    i.xQueueGenericSend  queue.o
    0x0800cd04   0x0800cd04   0x00000108   Code   RO         7546    i.xQueueGenericSendFromISR  queue.o
    0x0800ce0c   0x0800ce0c   0x000000f0   Code   RO         7547    i.xQueueGiveFromISR  queue.o
    0x0800cefc   0x0800cefc   0x00000174   Code   RO         7552    i.xQueueReceive     queue.o
    0x0800d070   0x0800d070   0x000000d6   Code   RO         7553    i.xQueueReceiveFromISR  queue.o
    0x0800d146   0x0800d146   0x00000002   PAD
    0x0800d148   0x0800d148   0x000001c8   Code   RO         7554    i.xQueueSemaphoreTake  queue.o
    0x0800d310   0x0800d310   0x00000094   Code   RO         7883    i.xTaskCheckForTimeOut  tasks.o
    0x0800d3a4   0x0800d3a4   0x00000064   Code   RO         7884    i.xTaskCreate       tasks.o
    0x0800d408   0x0800d408   0x000000c4   Code   RO         7885    i.xTaskCreateStatic  tasks.o
    0x0800d4cc   0x0800d4cc   0x00000020   Code   RO         7889    i.xTaskGetSchedulerState  tasks.o
    0x0800d4ec   0x0800d4ec   0x0000014c   Code   RO         7892    i.xTaskIncrementTick  tasks.o
    0x0800d638   0x0800d638   0x000000d0   Code   RO         7895    i.xTaskPriorityDisinherit  tasks.o
    0x0800d708   0x0800d708   0x000000c8   Code   RO         7896    i.xTaskPriorityInherit  tasks.o
    0x0800d7d0   0x0800d7d0   0x0000009c   Code   RO         7897    i.xTaskRemoveFromEventList  tasks.o
    0x0800d86c   0x0800d86c   0x00000108   Code   RO         7898    i.xTaskResumeAll    tasks.o
    0x0800d974   0x0800d974   0x0000b844   Data   RO          425    .constdata          stm32f769i_discovery_lcd.o
    0x080191b8   0x080191b8   0x00000195   Data   RO          825    .constdata          otm8009a.o
    0x0801934d   0x0801934d   0x00000003   PAD
    0x08019350   0x08019350   0x00000094   Data   RO         1253    .constdata          main.o
    0x080193e4   0x080193e4   0x00000014   Data   RO         1442    .constdata          sd_diskio.o
    0x080193f8   0x080193f8   0x00000018   Data   RO         1883    .constdata          system_stm32f7xx.o
    0x08019410   0x08019410   0x00000008   Data   RO         2663    .constdata          stm32f7xx_hal_dma.o
    0x08019418   0x08019418   0x0000009c   Data   RO         7005    .constdata          ff.o
    0x080194b4   0x080194b4   0x00000081   Data   RO         8974    .constdata          mc_w.l(ctype_o.o)
    0x08019535   0x08019535   0x00000003   PAD
    0x08019538   0x08019538   0x00000004   Data   RO         8975    .constdata          mc_w.l(ctype_o.o)
    0x0801953c   0x0801953c   0x00000061   Data   RO         1079    .conststring        stm32f769i_discovery_ts.o
    0x0801959d   0x0801959d   0x00000003   PAD
    0x080195a0   0x080195a0   0x0000002d   Data   RO         1254    .conststring        main.o
    0x080195cd   0x080195cd   0x00000003   PAD
    0x080195d0   0x080195d0   0x00000020   Data   RO         9035    Region$$Table       anon$$obj.o


    Execution Region RW_IRAM1 (Exec base: 0x20000000, Load base: 0x080195f0, Size: 0x00009b38, Max: 0x00080000, ABSOLUTE, COMPRESSED[0x000000a0])

    Exec Addr    Load Addr    Size         Type   Attr      Idx    E Section Name        Object

    0x20000000   COMPRESSED   0x00000050   Data   RW          426    .data               stm32f769i_discovery_lcd.o
    0x20000050   COMPRESSED   0x00000002   Data   RW          755    .data               stm32f769i_discovery_sdram.o
    0x20000052   COMPRESSED   0x00000002   PAD
    0x20000054   COMPRESSED   0x0000001c   Data   RW          868    .data               gui.o
    0x20000070   COMPRESSED   0x00000054   Data   RW         1080    .data               stm32f769i_discovery_ts.o
    0x200000c4   COMPRESSED   0x0000002d   Data   RW         1151    .data               ft6x06.o
    0x200000f1   COMPRESSED   0x00000003   PAD
    0x200000f4   COMPRESSED   0x00000020   Data   RW         1255    .data               main.o
    0x20000114   COMPRESSED   0x00000001   Data   RW         1443    .data               sd_diskio.o
    0x20000115   COMPRESSED   0x00000005   Data   RW         1499    .data               fatfs.o
    0x2000011a   COMPRESSED   0x00000001   Data   RW         1635    .data               stm32f7xx_it.o
    0x2000011b   COMPRESSED   0x00000001   PAD
    0x2000011c   COMPRESSED   0x00000008   Data   RW         1729    .data               stm32f7xx_hal_msp.o
    0x20000124   COMPRESSED   0x00000004   Data   RW         1884    .data               system_stm32f7xx.o
    0x20000128   COMPRESSED   0x00000009   Data   RW         3182    .data               stm32f7xx_hal.o
    0x20000131   COMPRESSED   0x00000003   PAD
    0x20000134   COMPRESSED   0x00000006   Data   RW         7006    .data               ff.o
    0x2000013a   COMPRESSED   0x00000002   PAD
    0x2000013c   COMPRESSED   0x0000003c   Data   RW         7901    .data               tasks.o
    0x20000178   COMPRESSED   0x00000018   Data   RW         8540    .data               heap_4.o
    0x20000190   COMPRESSED   0x0000000c   Data   RW         8603    .data               port.o
    0x2000019c   COMPRESSED   0x00000004   Data   RW         9004    .data               mc_w.l(errno.o)
    0x200001a0        -       0x00000098   Zero   RW           48    .bss                stm32f769i_discovery.o
    0x20000238        -       0x00000230   Zero   RW          424    .bss                stm32f769i_discovery_lcd.o
    0x20000468        -       0x00000120   Zero   RW          754    .bss                stm32f769i_discovery_sdram.o
    0x20000588        -       0x00000050   Zero   RW          866    .bss                gui.o
    0x200005d8        -       0x00001590   Zero   RW         1252    .bss                main.o
    0x20001b68        -       0x00000254   Zero   RW         1563    .bss                freertos.o
    0x20001dbc        -       0x00000040   Zero   RW         1845    .bss                stm32f7xx_hal_timebase_tim.o
    0x20001dfc        -       0x0000000c   Zero   RW         7291    .bss                ff_gen_drv.o
    0x20001e08        -       0x00000040   Zero   RW         7555    .bss                queue.o
    0x20001e48        -       0x000000f0   Zero   RW         7900    .bss                tasks.o
    0x20001f38        -       0x00003c00   Zero   RW         8539    .bss                heap_4.o
    0x20005b38        -       0x00004000   Zero   RW            1    STACK               startup_stm32f769xx.o


==============================================================================

Image component sizes


      Code (inc. data)   RO Data    RW Data    ZI Data      Debug   Object Name

       210         26          0          0          0       3957   bsp_driver_sd.o
       732         18          0          0          0      33294   cmsis_os.o
       208         24          0          0          0       3789   diskio.o
         0          0          0          0          0      18072   event_groups.o
        32         12          0          5          0       1400   fatfs.o
        24          4          0          0          0        529   fatfs_platform.o
      6282         62        156          6          0      37598   ff.o
       102          6          0          0         12       1623   ff_gen_drv.o
      1638        238          0          0        596       4913   freertos.o
       348         22          0         45          0      11080   ft6x06.o
      3938        362          0         28         80      49947   gui.o
       712         62          0         24      15360       7255   heap_4.o
       148          0          0          0          0       3466   list.o
      3072        472        193         32       5520      50720   main.o
      1176        314        405          0          0       5756   otm8009a.o
       966         86          0         12          0      11713   port.o
      2990         24          0          0         64      20699   queue.o
       288         16         20          1          0       4348   sd_diskio.o
        60         10        504          0      16384        832   startup_stm32f769xx.o
       740         52          0          0        152    1086261   stm32f769i_discovery.o
      1846        148      47172         80        560      17839   stm32f769i_discovery_lcd.o
       752         64          0          2        288       3976   stm32f769i_discovery_sdram.o
       520         60         97         84          0       6005   stm32f769i_discovery_ts.o
       124         22          0          9          0       8386   stm32f7xx_hal.o
       908         40          0          0          0       2611   stm32f7xx_hal_adc.o
       252         22          0          0          0      38542   stm32f7xx_hal_cortex.o
       568         10          8          0          0       3452   stm32f7xx_hal_dma.o
      1088          6          0          0          0       5929   stm32f7xx_hal_dma2d.o
      2756         10          0          0          0      12905   stm32f7xx_hal_dsi.o
       996        104          0          0          0       5694   stm32f7xx_hal_gpio.o
      1850         34          0          0          0      12414   stm32f7xx_hal_i2c.o
       210          0          0          0          0       1899   stm32f7xx_hal_i2c_ex.o
       902          6          0          0          0       2771   stm32f7xx_hal_ltdc.o
        96          0          0          0          0       1111   stm32f7xx_hal_ltdc_ex.o
      1230        142          0          8          0       7923   stm32f7xx_hal_msp.o
       144          8          0          0          0       1240   stm32f7xx_hal_pwr_ex.o
      1928         80          0          0          0       6041   stm32f7xx_hal_rcc.o
      1880         16          0          0          0       2200   stm32f7xx_hal_rcc_ex.o
      3084          0          0          0          0      12976   stm32f7xx_hal_sd.o
       162          0          0          0          0       2660   stm32f7xx_hal_sdram.o
       774         52          0          0          0       6174   stm32f7xx_hal_tim.o
         6          0          0          0          0       2084   stm32f7xx_hal_tim_ex.o
       136         18          0          0         64       1391   stm32f7xx_hal_timebase_tim.o
      1680         48          0          0          0       5725   stm32f7xx_hal_uart.o
       104         20          0          1          0       4906   stm32f7xx_it.o
       324          4          0          0          0       3308   stm32f7xx_ll_fmc.o
      2090         40          0          0          0      23584   stm32f7xx_ll_sdmmc.o
         0          0          0          0          0        392   stream_buffer.o
        88          0          0          0          0       3388   syscall.o
       100         18         24          4          0       1107   system_stm32f7xx.o
      3314        374          0         60        240      25257   tasks.o

    ----------------------------------------------------------------------
     53644       3156      48620        412      39320    1591142   Object Totals
         0          0         32          0          0          0   (incl. Generated)
        66          0          9         11          0          0   (incl. Padding)

    ----------------------------------------------------------------------

      Code (inc. data)   RO Data    RW Data    ZI Data      Debug   Library Member Name

        86          0          0          0          0          0   __dczerorl2.o
       144          0          0          0          0         88   __strtoll.o
        28          0          0          0          0         68   _chval.o
       158          0          0          0          0         92   _strtoul.o
       194          0          0          0          0         96   _strtoull.o
         8          4        133          0          0         68   ctype_o.o
         0          0          0          0          0          0   entry.o
         0          0          0          0          0          0   entry10a.o
         0          0          0          0          0          0   entry11a.o
         8          4          0          0          0          0   entry2.o
         4          0          0          0          0          0   entry5.o
         0          0          0          0          0          0   entry7b.o
         0          0          0          0          0          0   entry8b.o
         8          4          0          0          0          0   entry9a.o
         8          4          0          4          0         68   errno.o
        30          0          0          0          0          0   handlers.o
        36          8          0          0          0         68   init.o
        30          0          0          0          0         68   llshl.o
        32          0          0          0          0         68   llushr.o
        36          0          0          0          0         68   memcpya.o
        36          0          0          0          0        108   memseta.o
       390         10          0          0          0        252   printf1.o
        18          0          0          0          0         68   strcpy.o
       112          0          0          0          0         88   strtol.o
         4          0          0          0          0         68   strtoll.o
        44          0          0          0          0         80   uidiv.o
        98          0          0          0          0         92   uldiv.o

    ----------------------------------------------------------------------
      1520         34        136          4          0       1508   Library Totals
         8          0          3          0          0          0   (incl. Padding)

    ----------------------------------------------------------------------

      Code (inc. data)   RO Data    RW Data    ZI Data      Debug   Library Name

      1512         34        133          4          0       1508   mc_w.l

    ----------------------------------------------------------------------
      1520         34        136          4          0       1508   Library Totals

    ----------------------------------------------------------------------

==============================================================================


      Code (inc. data)   RO Data    RW Data    ZI Data      Debug   

     55164       3190      48756        416      39320    1554506   Grand Totals
     55164       3190      48756        160      39320    1554506   ELF Image Totals (compressed)
     55164       3190      48756        160          0          0   ROM Totals

==============================================================================

    Total RO  Size (Code + RO Data)               103920 ( 101.48kB)
    Total RW  Size (RW Data + ZI Data)             39736 (  38.80kB)
    Total ROM Size (Code + RO Data + RW Data)     104080 ( 101.64kB)

==============================================================================

