Component: ARM Compiler 5.06 update 6 (build 750) Tool: armlink [4d35ed]

==============================================================================

Section Cross References

    startup_stm32f769xx.o(RESET) refers to startup_stm32f769xx.o(STACK) for __initial_sp
    startup_stm32f769xx.o(RESET) refers to startup_stm32f769xx.o(.text) for Reset_Handler
    startup_stm32f769xx.o(RESET) refers to stm32f7xx_it.o(i.NMI_Handler) for NMI_Handler
    startup_stm32f769xx.o(RESET) refers to stm32f7xx_it.o(i.HardFault_Handler) for HardFault_Handler
    startup_stm32f769xx.o(RESET) refers to stm32f7xx_it.o(i.MemManage_Handler) for MemManage_Handler
    startup_stm32f769xx.o(RESET) refers to stm32f7xx_it.o(i.BusFault_Handler) for BusFault_Handler
    startup_stm32f769xx.o(RESET) refers to stm32f7xx_it.o(i.UsageFault_Handler) for UsageFault_Handler
    startup_stm32f769xx.o(RESET) refers to port.o(.emb_text) for SVC_Handler
    startup_stm32f769xx.o(RESET) refers to stm32f7xx_it.o(i.DebugMon_Handler) for DebugMon_Handler
    startup_stm32f769xx.o(RESET) refers to port.o(i.SysTick_Handler) for SysTick_Handler
    startup_stm32f769xx.o(RESET) refers to stm32f7xx_it.o(i.TIM1_UP_TIM10_IRQHandler) for TIM1_UP_TIM10_IRQHandler
    startup_stm32f769xx.o(RESET) refers to stm32f7xx_it.o(i.EXTI15_10_IRQHandler) for EXTI15_10_IRQHandler
    startup_stm32f769xx.o(.text) refers to system_stm32f7xx.o(i.SystemInit) for SystemInit
    startup_stm32f769xx.o(.text) refers to entry.o(.ARM.Collect$$$$00000000) for __main
    stm32f769i_discovery.o(i.AUDIO_IO_Delay) refers to stm32f7xx_hal.o(i.HAL_Delay) for HAL_Delay
    stm32f769i_discovery.o(i.AUDIO_IO_Init) refers to stm32f769i_discovery.o(i.I2Cx_Init) for I2Cx_Init
    stm32f769i_discovery.o(i.AUDIO_IO_Init) refers to stm32f769i_discovery.o(.bss) for hI2cAudioHandler
    stm32f769i_discovery.o(i.AUDIO_IO_Read) refers to stm32f769i_discovery.o(i.I2Cx_ReadMultiple) for I2Cx_ReadMultiple
    stm32f769i_discovery.o(i.AUDIO_IO_Read) refers to stm32f769i_discovery.o(.bss) for hI2cAudioHandler
    stm32f769i_discovery.o(i.AUDIO_IO_Write) refers to stm32f769i_discovery.o(i.I2Cx_WriteMultiple) for I2Cx_WriteMultiple
    stm32f769i_discovery.o(i.AUDIO_IO_Write) refers to stm32f769i_discovery.o(.bss) for hI2cAudioHandler
    stm32f769i_discovery.o(i.BSP_LED_DeInit) refers to stm32f7xx_hal_gpio.o(i.HAL_GPIO_WritePin) for HAL_GPIO_WritePin
    stm32f769i_discovery.o(i.BSP_LED_DeInit) refers to stm32f7xx_hal_gpio.o(i.HAL_GPIO_DeInit) for HAL_GPIO_DeInit
    stm32f769i_discovery.o(i.BSP_LED_DeInit) refers to stm32f769i_discovery.o(.data) for GPIO_PIN
    stm32f769i_discovery.o(i.BSP_LED_Init) refers to stm32f7xx_hal_gpio.o(i.HAL_GPIO_Init) for HAL_GPIO_Init
    stm32f769i_discovery.o(i.BSP_LED_Init) refers to stm32f769i_discovery.o(.data) for GPIO_PIN
    stm32f769i_discovery.o(i.BSP_LED_Off) refers to stm32f7xx_hal_gpio.o(i.HAL_GPIO_WritePin) for HAL_GPIO_WritePin
    stm32f769i_discovery.o(i.BSP_LED_Off) refers to stm32f769i_discovery.o(.data) for GPIO_PIN
    stm32f769i_discovery.o(i.BSP_LED_On) refers to stm32f7xx_hal_gpio.o(i.HAL_GPIO_WritePin) for HAL_GPIO_WritePin
    stm32f769i_discovery.o(i.BSP_LED_On) refers to stm32f769i_discovery.o(.data) for GPIO_PIN
    stm32f769i_discovery.o(i.BSP_LED_Toggle) refers to stm32f7xx_hal_gpio.o(i.HAL_GPIO_TogglePin) for HAL_GPIO_TogglePin
    stm32f769i_discovery.o(i.BSP_LED_Toggle) refers to stm32f769i_discovery.o(.data) for GPIO_PIN
    stm32f769i_discovery.o(i.BSP_PB_DeInit) refers to stm32f7xx_hal_cortex.o(i.HAL_NVIC_DisableIRQ) for HAL_NVIC_DisableIRQ
    stm32f769i_discovery.o(i.BSP_PB_DeInit) refers to stm32f7xx_hal_gpio.o(i.HAL_GPIO_DeInit) for HAL_GPIO_DeInit
    stm32f769i_discovery.o(i.BSP_PB_DeInit) refers to stm32f769i_discovery.o(.constdata) for BUTTON_PIN
    stm32f769i_discovery.o(i.BSP_PB_DeInit) refers to stm32f769i_discovery.o(.data) for BUTTON_PORT
    stm32f769i_discovery.o(i.BSP_PB_GetState) refers to stm32f7xx_hal_gpio.o(i.HAL_GPIO_ReadPin) for HAL_GPIO_ReadPin
    stm32f769i_discovery.o(i.BSP_PB_GetState) refers to stm32f769i_discovery.o(.constdata) for BUTTON_PIN
    stm32f769i_discovery.o(i.BSP_PB_GetState) refers to stm32f769i_discovery.o(.data) for BUTTON_PORT
    stm32f769i_discovery.o(i.BSP_PB_Init) refers to stm32f7xx_hal_gpio.o(i.HAL_GPIO_Init) for HAL_GPIO_Init
    stm32f769i_discovery.o(i.BSP_PB_Init) refers to stm32f7xx_hal_cortex.o(i.HAL_NVIC_SetPriority) for HAL_NVIC_SetPriority
    stm32f769i_discovery.o(i.BSP_PB_Init) refers to stm32f7xx_hal_cortex.o(i.HAL_NVIC_EnableIRQ) for HAL_NVIC_EnableIRQ
    stm32f769i_discovery.o(i.BSP_PB_Init) refers to stm32f769i_discovery.o(.constdata) for BUTTON_PIN
    stm32f769i_discovery.o(i.BSP_PB_Init) refers to stm32f769i_discovery.o(.data) for BUTTON_PORT
    stm32f769i_discovery.o(i.EEPROM_IO_Init) refers to stm32f769i_discovery.o(i.I2Cx_Init) for I2Cx_Init
    stm32f769i_discovery.o(i.EEPROM_IO_Init) refers to stm32f769i_discovery.o(.bss) for hI2cExtHandler
[...]
    HAL_DSI_ShortWrite                       0x0800320f   Thumb Code    66  stm32f7xx_hal_dsi.o(i.HAL_DSI_ShortWrite)
    HAL_DSI_Start                            0x08003251   Thumb Code   104  stm32f7xx_hal_dsi.o(i.HAL_DSI_Start)
    HAL_Delay                                0x080032b9   Thumb Code    36  stm32f7xx_hal.o(i.HAL_Delay)
    HAL_GPIO_DeInit                          0x080033f1   Thumb Code   336  stm32f7xx_hal_gpio.o(i.HAL_GPIO_DeInit)
    HAL_GPIO_EXTI_Callback                   0x08003571   Thumb Code     2  stm32f7xx_hal_gpio.o(i.HAL_GPIO_EXTI_Callback)
    HAL_GPIO_EXTI_IRQHandler                 0x08003575   Thumb Code    24  stm32f7xx_hal_gpio.o(i.HAL_GPIO_EXTI_IRQHandler)
    HAL_GPIO_Init                            0x08003591   Thumb Code   484  stm32f7xx_hal_gpio.o(i.HAL_GPIO_Init)
    HAL_GPIO_ReadPin                         0x080037a9   Thumb Code    16  stm32f7xx_hal_gpio.o(i.HAL_GPIO_ReadPin)
    HAL_GPIO_TogglePin                       0x080037b9   Thumb Code    18  stm32f7xx_hal_gpio.o(i.HAL_GPIO_TogglePin)
    HAL_GPIO_WritePin                        0x080037cb   Thumb Code    12  stm32f7xx_hal_gpio.o(i.HAL_GPIO_WritePin)
    HAL_GetTick                              0x080037d9   Thumb Code     6  stm32f7xx_hal.o(i.HAL_GetTick)
    HAL_I2CEx_ConfigAnalogFilter             0x080037e5   Thumb Code   106  stm32f7xx_hal_i2c_ex.o(i.HAL_I2CEx_ConfigAnalogFilter)
    HAL_I2CEx_ConfigDigitalFilter            0x0800384f   Thumb Code   104  stm32f7xx_hal_i2c_ex.o(i.HAL_I2CEx_ConfigDigitalFilter)
    HAL_I2C_DeInit                           0x080038b7   Thumb Code    60  stm32f7xx_hal_i2c.o(i.HAL_I2C_DeInit)
    HAL_I2C_GetState                         0x080038f3   Thumb Code     8  stm32f7xx_hal_i2c.o(i.HAL_I2C_GetState)
    HAL_I2C_Init                             0x080038fd   Thumb Code   192  stm32f7xx_hal_i2c.o(i.HAL_I2C_Init)
    HAL_I2C_Mem_Read                         0x080039c1   Thumb Code   408  stm32f7xx_hal_i2c.o(i.HAL_I2C_Mem_Read)
    HAL_I2C_Mem_Write                        0x08003b61   Thumb Code   402  stm32f7xx_hal_i2c.o(i.HAL_I2C_Mem_Write)
    HAL_I2C_MspDeInit                        0x08003cf9   Thumb Code    36  stm32f7xx_hal_msp.o(i.HAL_I2C_MspDeInit)
    HAL_I2C_MspInit                          0x08003d29   Thumb Code   116  stm32f7xx_hal_msp.o(i.HAL_I2C_MspInit)
    HAL_IncTick                              0x08003da9   Thumb Code    16  stm32f7xx_hal.o(i.HAL_IncTick)
    HAL_Init                                 0x08003dc1   Thumb Code    44  stm32f7xx_hal.o(i.HAL_Init)
    HAL_InitTick                             0x08003df1   Thumb Code   118  stm32f7xx_hal_timebase_tim.o(i.HAL_InitTick)
    HAL_LTDCEx_StructInitFromVideoConfig     0x08003e79   Thumb Code    96  stm32f7xx_hal_ltdc_ex.o(i.HAL_LTDCEx_StructInitFromVideoConfig)
    HAL_LTDC_ConfigLayer                     0x08003ed9   Thumb Code    94  stm32f7xx_hal_ltdc.o(i.HAL_LTDC_ConfigLayer)
    HAL_LTDC_Init                            0x08003f39   Thumb Code   274  stm32f7xx_hal_ltdc.o(i.HAL_LTDC_Init)
    HAL_LTDC_MspInit                         0x08004051   Thumb Code    40  stm32f7xx_hal_msp.o(i.HAL_LTDC_MspInit)
    HAL_MspInit                              0x08004081   Thumb Code    70  stm32f7xx_hal_msp.o(i.HAL_MspInit)
    HAL_NVIC_EnableIRQ                       0x080040cd   Thumb Code    32  stm32f7xx_hal_cortex.o(i.HAL_NVIC_EnableIRQ)
    HAL_NVIC_SetPriority                     0x080040ed   Thumb Code   124  stm32f7xx_hal_cortex.o(i.HAL_NVIC_SetPriority)
    HAL_NVIC_SetPriorityGrouping             0x08004169   Thumb Code    32  stm32f7xx_hal_cortex.o(i.HAL_NVIC_SetPriorityGrouping)
    HAL_PWREx_EnableOverDrive                0x08004191   Thumb Code   136  stm32f7xx_hal_pwr_ex.o(i.HAL_PWREx_EnableOverDrive)
    HAL_RCCEx_PeriphCLKConfig                0x08004221   Thumb Code  1876  stm32f7xx_hal_rcc_ex.o(i.HAL_RCCEx_PeriphCLKConfig)
    HAL_RCC_ClockConfig                      0x08004979   Thumb Code   382  stm32f7xx_hal_rcc.o(i.HAL_RCC_ClockConfig)
    HAL_RCC_GetClockConfig                   0x08004b09   Thumb Code    58  stm32f7xx_hal_rcc.o(i.HAL_RCC_GetClockConfig)
    HAL_RCC_GetHCLKFreq                      0x08004b4d   Thumb Code     6  stm32f7xx_hal_rcc.o(i.HAL_RCC_GetHCLKFreq)
    HAL_RCC_GetPCLK2Freq                     0x08004b59   Thumb Code    22  stm32f7xx_hal_rcc.o(i.HAL_RCC_GetPCLK2Freq)
    HAL_RCC_GetSysClockFreq                  0x08004b79   Thumb Code   162  stm32f7xx_hal_rcc.o(i.HAL_RCC_GetSysClockFreq)
    HAL_RCC_OscConfig                        0x08004c29   Thumb Code  1204  stm32f7xx_hal_rcc.o(i.HAL_RCC_OscConfig)
    HAL_SDRAM_Init                           0x080050e1   Thumb Code    64  stm32f7xx_hal_sdram.o(i.HAL_SDRAM_Init)
    HAL_SDRAM_MspInit                        0x08005121   Thumb Code    10  stm32f7xx_hal_msp.o(i.HAL_SDRAM_MspInit)
    HAL_SDRAM_ProgramRefreshRate             0x0800512b   Thumb Code    40  stm32f7xx_hal_sdram.o(i.HAL_SDRAM_ProgramRefreshRate)
    HAL_SDRAM_SendCommand                    0x08005153   Thumb Code    58  stm32f7xx_hal_sdram.o(i.HAL_SDRAM_SendCommand)
    HAL_SD_ConfigWideBusOperation            0x0800518d   Thumb Code   168  stm32f7xx_hal_sd.o(i.HAL_SD_ConfigWideBusOperation)
    HAL_SD_GetCardCSD                        0x08005235   Thumb Code   496  stm32f7xx_hal_sd.o(i.HAL_SD_GetCardCSD)
    HAL_SD_GetCardInfo                       0x08005425   Thumb Code    38  stm32f7xx_hal_sd.o(i.HAL_SD_GetCardInfo)
    HAL_SD_GetCardState                      0x0800544b   Thumb Code    40  stm32f7xx_hal_sd.o(i.HAL_SD_GetCardState)
    HAL_SD_Init                              0x08005473   Thumb Code    54  stm32f7xx_hal_sd.o(i.HAL_SD_Init)
    HAL_SD_InitCard                          0x080054a9   Thumb Code   136  stm32f7xx_hal_sd.o(i.HAL_SD_InitCard)
    HAL_SD_MspInit                           0x08005531   Thumb Code   252  stm32f7xx_hal_msp.o(i.HAL_SD_MspInit)
    HAL_SD_ReadBlocks                        0x08005641   Thumb Code   586  stm32f7xx_hal_sd.o(i.HAL_SD_ReadBlocks)
    HAL_SD_WriteBlocks                       0x0800588b   Thumb Code   514  stm32f7xx_hal_sd.o(i.HAL_SD_WriteBlocks)
    HAL_TIMEx_Break2Callback                 0x08005a8d   Thumb Code     2  stm32f7xx_hal_tim_ex.o(i.HAL_TIMEx_Break2Callback)
    HAL_TIMEx_BreakCallback                  0x08005a8f   Thumb Code     2  stm32f7xx_hal_tim_ex.o(i.HAL_TIMEx_BreakCallback)
    HAL_TIMEx_CommutCallback                 0x08005a91   Thumb Code     2  stm32f7xx_hal_tim_ex.o(i.HAL_TIMEx_CommutCallback)
    HAL_TIM_Base_Init                        0x08005a93   Thumb Code    52  stm32f7xx_hal_tim.o(i.HAL_TIM_Base_Init)
    HAL_TIM_Base_MspInit                     0x08005ac7   Thumb Code     2  stm32f7xx_hal_tim.o(i.HAL_TIM_Base_MspInit)
    HAL_TIM_Base_Start_IT                    0x08005ac9   Thumb Code    50  stm32f7xx_hal_tim.o(i.HAL_TIM_Base_Start_IT)
    HAL_TIM_IC_CaptureCallback               0x08005b01   Thumb Code     2  stm32f7xx_hal_tim.o(i.HAL_TIM_IC_CaptureCallback)
    HAL_TIM_IRQHandler                       0x08005b03   Thumb Code   440  stm32f7xx_hal_tim.o(i.HAL_TIM_IRQHandler)
    HAL_TIM_OC_DelayElapsedCallback          0x08005cbb   Thumb Code     2  stm32f7xx_hal_tim.o(i.HAL_TIM_OC_DelayElapsedCallback)
    HAL_TIM_PWM_PulseFinishedCallback        0x08005cbd   Thumb Code     2  stm32f7xx_hal_tim.o(i.HAL_TIM_PWM_PulseFinishedCallback)
    HAL_TIM_PeriodElapsedCallback            0x08005cc1   Thumb Code    18  main.o(i.HAL_TIM_PeriodElapsedCallback)
    HAL_TIM_TriggerCallback                  0x08005cd9   Thumb Code     2  stm32f7xx_hal_tim.o(i.HAL_TIM_TriggerCallback)
    HardFault_Handler                        0x08005cdb   Thumb Code     4  stm32f7xx_it.o(i.HardFault_Handler)
    LCD_DrawBitmap                           0x08006235   Thumb Code   190  gui.o(i.LCD_DrawBitmap)
    MX_FATFS_Init                            0x08006719   Thumb Code    16  fatfs.o(i.MX_FATFS_Init)
    MemManage_Handler                        0x08006a5d   Thumb Code     4  stm32f7xx_it.o(i.MemManage_Handler)
    NMI_Handler                              0x08006a61   Thumb Code     2  stm32f7xx_it.o(i.NMI_Handler)
    OTM8009A_IO_Delay                        0x08006a63   Thumb Code    12  stm32f769i_discovery.o(i.OTM8009A_IO_Delay)
    OTM8009A_Init                            0x08006a71   Thumb Code   862  otm8009a.o(i.OTM8009A_Init)
    OpenBMP                                  0x08006f09   Thumb Code   214  main.o(i.OpenBMP)
    PrintFullness                            0x08006fe9   Thumb Code   144  gui.o(i.PrintFullness)
    ReadImage                                0x08007079   Thumb Code   218  gui.o(i.ReadImage)
    SDMMC_CmdAppCommand                      0x08007289   Thumb Code    58  stm32f7xx_ll_sdmmc.o(i.SDMMC_CmdAppCommand)
    SDMMC_CmdAppOperCommand                  0x080072c5   Thumb Code    56  stm32f7xx_ll_sdmmc.o(i.SDMMC_CmdAppOperCommand)
    SDMMC_CmdBlockLength                     0x08007301   Thumb Code    58  stm32f7xx_ll_sdmmc.o(i.SDMMC_CmdBlockLength)
    SDMMC_CmdBusWidth                        0x0800733b   Thumb Code    58  stm32f7xx_ll_sdmmc.o(i.SDMMC_CmdBusWidth)
    SDMMC_CmdGoIdleState                     0x08007375   Thumb Code    46  stm32f7xx_ll_sdmmc.o(i.SDMMC_CmdGoIdleState)
    SDMMC_CmdOperCond                        0x080073a3   Thumb Code    54  stm32f7xx_ll_sdmmc.o(i.SDMMC_CmdOperCond)
    SDMMC_CmdReadMultiBlock                  0x080073d9   Thumb Code    58  stm32f7xx_ll_sdmmc.o(i.SDMMC_CmdReadMultiBlock)
    SDMMC_CmdReadSingleBlock                 0x08007413   Thumb Code    58  stm32f7xx_ll_sdmmc.o(i.SDMMC_CmdReadSingleBlock)
    SDMMC_CmdSelDesel                        0x0800744d   Thumb Code    60  stm32f7xx_ll_sdmmc.o(i.SDMMC_CmdSelDesel)
    SDMMC_CmdSendCID                         0x08007489   Thumb Code    52  stm32f7xx_ll_sdmmc.o(i.SDMMC_CmdSendCID)
    SDMMC_CmdSendCSD                         0x080074bd   Thumb Code    52  stm32f7xx_ll_sdmmc.o(i.SDMMC_CmdSendCSD)
    SDMMC_CmdSendSCR                         0x080074f1   Thumb Code    58  stm32f7xx_ll_sdmmc.o(i.SDMMC_CmdSendSCR)
    SDMMC_CmdSendStatus                      0x0800752b   Thumb Code    58  stm32f7xx_ll_sdmmc.o(i.SDMMC_CmdSendStatus)
    SDMMC_CmdSetRelAdd                       0x08007565   Thumb Code    58  stm32f7xx_ll_sdmmc.o(i.SDMMC_CmdSetRelAdd)
    SDMMC_CmdStopTransfer                    0x080075a1   Thumb Code    56  stm32f7xx_ll_sdmmc.o(i.SDMMC_CmdStopTransfer)
    SDMMC_CmdWriteMultiBlock                 0x080075dd   Thumb Code    58  stm32f7xx_ll_sdmmc.o(i.SDMMC_CmdWriteMultiBlock)
    SDMMC_CmdWriteSingleBlock                0x08007617   Thumb Code    58  stm32f7xx_ll_sdmmc.o(i.SDMMC_CmdWriteSingleBlock)
    SDMMC_ConfigData                         0x08007651   Thumb Code    44  stm32f7xx_ll_sdmmc.o(i.SDMMC_ConfigData)
    SDMMC_GetCommandResponse                 0x08007a15   Thumb Code     8  stm32f7xx_ll_sdmmc.o(i.SDMMC_GetCommandResponse)
    SDMMC_GetPowerState                      0x08007a1d   Thumb Code    10  stm32f7xx_ll_sdmmc.o(i.SDMMC_GetPowerState)
    SDMMC_GetResponse                        0x08007a27   Thumb Code    22  stm32f7xx_ll_sdmmc.o(i.SDMMC_GetResponse)
    SDMMC_Init                               0x08007a3d   Thumb Code    52  stm32f7xx_ll_sdmmc.o(i.SDMMC_Init)
    SDMMC_PowerState_ON                      0x08007a71   Thumb Code    10  stm32f7xx_ll_sdmmc.o(i.SDMMC_PowerState_ON)
    SDMMC_ReadFIFO                           0x08007a7b   Thumb Code     8  stm32f7xx_ll_sdmmc.o(i.SDMMC_ReadFIFO)
    SDMMC_SendCommand                        0x08007a83   Thumb Code    40  stm32f7xx_ll_sdmmc.o(i.SDMMC_SendCommand)
    SDMMC_WriteFIFO                          0x08007aab   Thumb Code    12  stm32f7xx_ll_sdmmc.o(i.SDMMC_WriteFIFO)
    SD_initialize                            0x08007efd   Thumb Code    32  sd_diskio.o(i.SD_initialize)
    SD_ioctl                                 0x08007f21   Thumb Code   102  sd_diskio.o(i.SD_ioctl)
    SD_read                                  0x08007f8d   Thumb Code    46  sd_diskio.o(i.SD_read)
    SD_status                                0x08007fbb   Thumb Code    12  sd_diskio.o(i.SD_status)
    SD_write                                 0x08007fc7   Thumb Code    46  sd_diskio.o(i.SD_write)
    StartBlinkTask                           0x08007ff5   Thumb Code    20  freertos.o(i.StartBlinkTask)
    StartDefaultTask                         0x0800800d   Thumb Code   228  freertos.o(i.StartDefaultTask)
    StartDrawTask                            0x08008101   Thumb Code   206  freertos.o(i.StartDrawTask)
    StartTouchTask                           0x080081d9   Thumb Code    32  freertos.o(i.StartTouchTask)
    SysTick_Handler                          0x080081fd   Thumb Code    50  port.o(i.SysTick_Handler)
    SystemClock_Config                       0x08008235   Thumb Code   226  main.o(i.SystemClock_Config)
    SystemInit                               0x08008325   Thumb Code    82  system_stm32f7xx.o(i.SystemInit)
    TFT_FillRectangle                        0x08008389   Thumb Code   114  gui.o(i.TFT_FillRectangle)
    TFT_FillScreen                           0x08008405   Thumb Code    58  gui.o(i.TFT_FillScreen)
    TIM1_UP_TIM10_IRQHandler                 0x08008449   Thumb Code    10  stm32f7xx_it.o(i.TIM1_UP_TIM10_IRQHandler)
    TIM_Base_SetConfig                       0x08008459   Thumb Code   170  stm32f7xx_hal_tim.o(i.TIM_Base_SetConfig)
    TS_IO_Init                               0x08008531   Thumb Code    10  stm32f769i_discovery.o(i.TS_IO_Init)
    TS_IO_Read                               0x08008541   Thumb Code    36  stm32f769i_discovery.o(i.TS_IO_Read)
    TS_IO_ReadMultiple                       0x08008569   Thumb Code    32  stm32f769i_discovery.o(i.TS_IO_ReadMultiple)
    TS_IO_Write                              0x0800858d   Thumb Code    32  stm32f769i_discovery.o(i.TS_IO_Write)
    UsageFault_Handler                       0x080085b1   Thumb Code     4  stm32f7xx_it.o(i.UsageFault_Handler)
    __aeabi_errno_addr                       0x080085ed   Thumb Code     4  errno.o(i.__aeabi_errno_addr)
    __rt_errno_addr                          0x080085ed   Thumb Code     0  errno.o(i.__aeabi_errno_addr)
    __scatterload_copy                       0x080085f5   Thumb Code    14  handlers.o(i.__scatterload_copy)
    __scatterload_null                       0x08008603   Thumb Code     2  handlers.o(i.__scatterload_null)
    __scatterload_zeroinit                   0x08008605   Thumb Code    14  handlers.o(i.__scatterload_zeroinit)
    disk_initialize                          0x08008b7d   Thumb Code    40  diskio.o(i.disk_initialize)
    disk_ioctl                               0x08008ba9   Thumb Code    36  diskio.o(i.disk_ioctl)
    disk_read                                0x08008bd1   Thumb Code    42  diskio.o(i.disk_read)
    disk_status                              0x08008c01   Thumb Code    24  diskio.o(i.disk_status)
    disk_write                               0x08008c1d   Thumb Code    42  diskio.o(i.disk_write)
    f_close                                  0x08008c4d   Thumb Code    42  ff.o(i.f_close)
    f_lseek                                  0x08008c77   Thumb Code   872  ff.o(i.f_lseek)
    f_mount                                  0x08008fe1   Thumb Code   122  ff.o(i.f_mount)
    f_open                                   0x08009061   Thumb Code   524  ff.o(i.f_open)
    f_read                                   0x0800926d   Thumb Code   564  ff.o(i.f_read)
    f_sync                                   0x080094a1   Thumb Code   176  ff.o(i.f_sync)
    ff_cre_syncobj                           0x08009551   Thumb Code    38  syscall.o(i.ff_cre_syncobj)
    ff_del_syncobj                           0x08009577   Thumb Code    14  syscall.o(i.ff_del_syncobj)
    ff_rel_grant                             0x08009585   Thumb Code    12  syscall.o(i.ff_rel_grant)
    ff_req_grant                             0x08009591   Thumb Code    24  syscall.o(i.ff_req_grant)
    ft6x06_Init                              0x080099d1   Thumb Code    38  ft6x06.o(i.ft6x06_Init)
    ft6x06_ReadID                            0x080099fd   Thumb Code    18  ft6x06.o(i.ft6x06_ReadID)
    ft6x06_Reset                             0x08009a0f   Thumb Code     2  ft6x06.o(i.ft6x06_Reset)
    ft6x06_TS_ClearIT                        0x08009a11   Thumb Code     2  ft6x06.o(i.ft6x06_TS_ClearIT)
    ft6x06_TS_DetectTouch                    0x08009a19   Thumb Code    58  ft6x06.o(i.ft6x06_TS_DetectTouch)
    ft6x06_TS_DisableIT                      0x08009a59   Thumb Code    20  ft6x06.o(i.ft6x06_TS_DisableIT)
    ft6x06_TS_EnableIT                       0x08009a6d   Thumb Code    20  ft6x06.o(i.ft6x06_TS_EnableIT)
    ft6x06_TS_GetXY                          0x08009a81   Thumb Code   106  ft6x06.o(i.ft6x06_TS_GetXY)
    ft6x06_TS_ITStatus                       0x08009af1   Thumb Code     6  ft6x06.o(i.ft6x06_TS_ITStatus)
    ft6x06_TS_Start                          0x08009af7   Thumb Code    18  ft6x06.o(i.ft6x06_TS_Start)
    get_fattime                              0x08009c3b   Thumb Code     4  fatfs.o(i.get_fattime)
    main                                     0x08009cf9   Thumb Code  2412  main.o(i.main)
    osDelay                                  0x0800a80b   Thumb Code    24  cmsis_os.o(i.osDelay)
    osKernelStart                            0x0800a823   Thumb Code    10  cmsis_os.o(i.osKernelStart)
    osMessageCreate                          0x0800a82d   Thumb Code    40  cmsis_os.o(i.osMessageCreate)
    osMessageGet                             0x0800a855   Thumb Code   150  cmsis_os.o(i.osMessageGet)
    osMessagePut                             0x0800a8f1   Thumb Code    92  cmsis_os.o(i.osMessagePut)
    osSemaphoreCreate                        0x0800a951   Thumb Code    74  cmsis_os.o(i.osSemaphoreCreate)
    osSemaphoreDelete                        0x0800a99b   Thumb Code    24  cmsis_os.o(i.osSemaphoreDelete)
    osSemaphoreRelease                       0x0800a9b5   Thumb Code    76  cmsis_os.o(i.osSemaphoreRelease)
    osSemaphoreWait                          0x0800aa05   Thumb Code   100  cmsis_os.o(i.osSemaphoreWait)
    osThreadCreate                           0x0800aa6d   Thumb Code    94  cmsis_os.o(i.osThreadCreate)
    placePrBar                               0x0800aacb   Thumb Code   158  gui.o(i.placePrBar)
    pvPortMalloc                             0x0800b319   Thumb Code   308  heap_4.o(i.pvPortMalloc)
    pvTaskIncrementMutexHeldCount            0x0800b461   Thumb Code    26  tasks.o(i.pvTaskIncrementMutexHeldCount)
    pxPortInitialiseStack                    0x0800b481   Thumb Code    38  port.o(i.pxPortInitialiseStack)
    uxListRemove                             0x0800b68f   Thumb Code    40  list.o(i.uxListRemove)
    vApplicationGetIdleTaskMemory            0x0800b6b9   Thumb Code    14  freertos.o(i.vApplicationGetIdleTaskMemory)
    vListInitialise                          0x0800b6d1   Thumb Code    26  list.o(i.vListInitialise)
    vListInitialiseItem                      0x0800b6eb   Thumb Code     6  list.o(i.vListInitialiseItem)
    vListInsert                              0x0800b6f1   Thumb Code    52  list.o(i.vListInsert)
    vListInsertEnd                           0x0800b725   Thumb Code    24  list.o(i.vListInsertEnd)
    vPortEnterCritical                       0x0800b73d   Thumb Code    84  port.o(i.vPortEnterCritical)
    vPortExitCritical                        0x0800b799   Thumb Code    60  port.o(i.vPortExitCritical)
    vPortFree                                0x0800b7d9   Thumb Code   148  heap_4.o(i.vPortFree)
    vPortSetupTimerInterrupt                 0x0800b875   Thumb Code    36  port.o(i.vPortSetupTimerInterrupt)
    vPortValidateInterruptPriority           0x0800b89d   Thumb Code   114  port.o(i.vPortValidateInterruptPriority)
    vQueueDelete                             0x0800b91d   Thumb Code    54  queue.o(i.vQueueDelete)
    vQueueUnregisterQueue                    0x0800b955   Thumb Code    44  queue.o(i.vQueueUnregisterQueue)
    vTaskDelay                               0x0800b985   Thumb Code    86  tasks.o(i.vTaskDelay)
    vTaskInternalSetTimeOutState             0x0800b9e5   Thumb Code    14  tasks.o(i.vTaskInternalSetTimeOutState)
    vTaskMissedYield                         0x0800b9fd   Thumb Code     8  tasks.o(i.vTaskMissedYield)
    vTaskPlaceOnEventList                    0x0800ba09   Thumb Code    56  tasks.o(i.vTaskPlaceOnEventList)
    vTaskPriorityDisinheritAfterTimeout      0x0800ba45   Thumb Code   238  tasks.o(i.vTaskPriorityDisinheritAfterTimeout)
    vTaskStartScheduler                      0x0800bb41   Thumb Code   154  tasks.o(i.vTaskStartScheduler)
    vTaskSuspendAll                          0x0800bbf9   Thumb Code    12  tasks.o(i.vTaskSuspendAll)
    vTaskSwitchContext                       0x0800bc09   Thumb Code   122  tasks.o(i.vTaskSwitchContext)
    xPortStartScheduler                      0x0800bced   Thumb Code   252  port.o(i.xPortStartScheduler)
    xQueueGenericCreate                      0x0800be01   Thumb Code    98  queue.o(i.xQueueGenericCreate)
    xQueueGenericCreateStatic                0x0800be63   Thumb Code   242  queue.o(i.xQueueGenericCreateStatic)
    xQueueGenericReset                       0x0800bf55   Thumb Code   150  queue.o(i.xQueueGenericReset)
    xQueueGenericSend                        0x0800bff1   Thumb Code   436  queue.o(i.xQueueGenericSend)
    xQueueGenericSendFromISR                 0x0800c1a9   Thumb Code   264  queue.o(i.xQueueGenericSendFromISR)
    xQueueGiveFromISR                        0x0800c2b1   Thumb Code   240  queue.o(i.xQueueGiveFromISR)
    xQueueReceive                            0x0800c3a1   Thumb Code   368  queue.o(i.xQueueReceive)
    xQueueReceiveFromISR                     0x0800c515   Thumb Code   214  queue.o(i.xQueueReceiveFromISR)
    xQueueSemaphoreTake                      0x0800c5ed   Thumb Code   450  queue.o(i.xQueueSemaphoreTake)
    xTaskCheckForTimeOut                     0x0800c7b5   Thumb Code   140  tasks.o(i.xTaskCheckForTimeOut)
    xTaskCreate                              0x0800c849   Thumb Code   100  tasks.o(i.xTaskCreate)
    xTaskCreateStatic                        0x0800c8ad   Thumb Code   196  tasks.o(i.xTaskCreateStatic)
    xTaskGetSchedulerState                   0x0800c971   Thumb Code    24  tasks.o(i.xTaskGetSchedulerState)
    xTaskIncrementTick                       0x0800c991   Thumb Code   286  tasks.o(i.xTaskIncrementTick)
    xTaskPriorityDisinherit                  0x0800cadd   Thumb Code   196  tasks.o(i.xTaskPriorityDisinherit)
    xTaskPriorityInherit                     0x0800cbad   Thumb Code   186  tasks.o(i.xTaskPriorityInherit)
    xTaskRemoveFromEventList                 0x0800cc75   Thumb Code   132  tasks.o(i.xTaskRemoveFromEventList)
    xTaskResumeAll                           0x0800cd11   Thumb Code   228  tasks.o(i.xTaskResumeAll)
    Font24_Table                             0x0800ce18   Data        6840  stm32f769i_discovery_lcd.o(.constdata)
    Font20_Table                             0x0800e8d0   Data        3800  stm32f769i_discovery_lcd.o(.constdata)
    Font16_Table                             0x0800f7a8   Data        3040  stm32f769i_discovery_lcd.o(.constdata)
    Font12_Table                             0x08010388   Data        1140  stm32f769i_discovery_lcd.o(.constdata)
    Font8_Table                              0x080107fc   Data         760  stm32f769i_discovery_lcd.o(.constdata)
    lcdRegData1                              0x08010af4   Data           4  otm8009a.o(.constdata)
    lcdRegData2                              0x08010af8   Data           3  otm8009a.o(.constdata)
    lcdRegData3                              0x08010afb   Data          17  otm8009a.o(.constdata)
    lcdRegData4                              0x08010b0c   Data          17  otm8009a.o(.constdata)
    lcdRegData5                              0x08010b1d   Data           3  otm8009a.o(.constdata)
    lcdRegData6                              0x08010b20   Data           3  otm8009a.o(.constdata)
    lcdRegData7                              0x08010b23   Data           7  otm8009a.o(.constdata)
    lcdRegData8                              0x08010b2a   Data          15  otm8009a.o(.constdata)
    lcdRegData9                              0x08010b39   Data          15  otm8009a.o(.constdata)
    lcdRegData10                             0x08010b48   Data          11  otm8009a.o(.constdata)
    lcdRegData11                             0x08010b53   Data          11  otm8009a.o(.constdata)
    lcdRegData12                             0x08010b5e   Data          16  otm8009a.o(.constdata)
    lcdRegData13                             0x08010b6e   Data          16  otm8009a.o(.constdata)
    lcdRegData14                             0x08010b7e   Data          11  otm8009a.o(.constdata)
    lcdRegData15                             0x08010b89   Data          16  otm8009a.o(.constdata)
    lcdRegData16                             0x08010b99   Data          16  otm8009a.o(.constdata)
    lcdRegData17                             0x08010ba9   Data          11  otm8009a.o(.constdata)
    lcdRegData18                             0x08010bb4   Data          11  otm8009a.o(.constdata)
    lcdRegData19                             0x08010bbf   Data          11  otm8009a.o(.constdata)
    lcdRegData20                             0x08010bca   Data          16  otm8009a.o(.constdata)
    lcdRegData21                             0x08010bda   Data          16  otm8009a.o(.constdata)
    lcdRegData22                             0x08010bea   Data          11  otm8009a.o(.constdata)
    lcdRegData23                             0x08010bf5   Data          16  otm8009a.o(.constdata)
    lcdRegData24                             0x08010c05   Data          16  otm8009a.o(.constdata)
    lcdRegData25                             0x08010c15   Data           4  otm8009a.o(.constdata)
    lcdRegData27                             0x08010c19   Data           5  otm8009a.o(.constdata)
    lcdRegData28                             0x08010c1e   Data           5  otm8009a.o(.constdata)
    ShortRegData1                            0x08010c23   Data           2  otm8009a.o(.constdata)
    ShortRegData2                            0x08010c25   Data           2  otm8009a.o(.constdata)
    ShortRegData3                            0x08010c27   Data           2  otm8009a.o(.constdata)
    ShortRegData4                            0x08010c29   Data           2  otm8009a.o(.constdata)
    ShortRegData5                            0x08010c2b   Data           2  otm8009a.o(.constdata)
    ShortRegData6                            0x08010c2d   Data           2  otm8009a.o(.constdata)
    ShortRegData7                            0x08010c2f   Data           2  otm8009a.o(.constdata)
    ShortRegData8                            0x08010c31   Data           2  otm8009a.o(.constdata)
    ShortRegData9                            0x08010c33   Data           2  otm8009a.o(.constdata)
    ShortRegData10                           0x08010c35   Data           2  otm8009a.o(.constdata)
    ShortRegData11                           0x08010c37   Data           2  otm8009a.o(.constdata)
    ShortRegData12                           0x08010c39   Data           2  otm8009a.o(.constdata)
    ShortRegData13                           0x08010c3b   Data           2  otm8009a.o(.constdata)
    ShortRegData14                           0x08010c3d   Data           2  otm8009a.o(.constdata)
    ShortRegData15                           0x08010c3f   Data           2  otm8009a.o(.constdata)
    ShortRegData16                           0x08010c41   Data           2  otm8009a.o(.constdata)
    ShortRegData17                           0x08010c43   Data           2  otm8009a.o(.constdata)
    ShortRegData18                           0x08010c45   Data           2  otm8009a.o(.constdata)
    ShortRegData19                           0x08010c47   Data           2  otm8009a.o(.constdata)
    ShortRegData20                           0x08010c49   Data           2  otm8009a.o(.constdata)
    ShortRegData21                           0x08010c4b   Data           2  otm8009a.o(.constdata)
    ShortRegData22                           0x08010c4d   Data           2  otm8009a.o(.constdata)
    ShortRegData23                           0x08010c4f   Data           2  otm8009a.o(.constdata)
    ShortRegData24                           0x08010c51   Data           2  otm8009a.o(.constdata)
    ShortRegData25                           0x08010c53   Data           2  otm8009a.o(.constdata)
    ShortRegData26                           0x08010c55   Data           2  otm8009a.o(.constdata)
    ShortRegData27                           0x08010c57   Data           2  otm8009a.o(.constdata)
    ShortRegData28                           0x08010c59   Data           2  otm8009a.o(.constdata)
    ShortRegData29                           0x08010c5b   Data           2  otm8009a.o(.constdata)
    ShortRegData30                           0x08010c5d   Data           2  otm8009a.o(.constdata)
    ShortRegData31                           0x08010c5f   Data           2  otm8009a.o(.constdata)
    ShortRegData32                           0x08010c61   Data           2  otm8009a.o(.constdata)
    ShortRegData33                           0x08010c63   Data           2  otm8009a.o(.constdata)
    ShortRegData34                           0x08010c65   Data           2  otm8009a.o(.constdata)
    ShortRegData35                           0x08010c67   Data           2  otm8009a.o(.constdata)
    ShortRegData36                           0x08010c69   Data           2  otm8009a.o(.constdata)
    ShortRegData37                           0x08010c6b   Data           2  otm8009a.o(.constdata)
    ShortRegData38                           0x08010c6d   Data           2  otm8009a.o(.constdata)
    ShortRegData39                           0x08010c6f   Data           2  otm8009a.o(.constdata)
    ShortRegData40                           0x08010c71   Data           2  otm8009a.o(.constdata)
    ShortRegData41                           0x08010c73   Data           2  otm8009a.o(.constdata)
    ShortRegData42                           0x08010c75   Data           2  otm8009a.o(.constdata)
    ShortRegData43                           0x08010c77   Data           2  otm8009a.o(.constdata)
    ShortRegData44                           0x08010c79   Data           2  otm8009a.o(.constdata)
    ShortRegData45                           0x08010c7b   Data           2  otm8009a.o(.constdata)
    ShortRegData46                           0x08010c7d   Data           2  otm8009a.o(.constdata)
    ShortRegData47                           0x08010c7f   Data           2  otm8009a.o(.constdata)
    ShortRegData48                           0x08010c81   Data           2  otm8009a.o(.constdata)
    ShortRegData49                           0x08010c83   Data           2  otm8009a.o(.constdata)
    ShortRegData50                           0x08010c85   Data           2  otm8009a.o(.constdata)
    ShortRegData51                           0x08010c87   Data           2  otm8009a.o(.constdata)
    NumberOfOdjectsToLoadFromSD              0x08010c8c   Data           1  main.o(.constdata)
    SD_Driver                                0x08010d10   Data          20  sd_diskio.o(.constdata)
    AHBPrescTable                            0x08010d24   Data          16  system_stm32f7xx.o(.constdata)
    APBPrescTable                            0x08010d34   Data           8  system_stm32f7xx.o(.constdata)
    __ctype_table                            0x08010de0   Data         129  ctype_o.o(.constdata)
    Region$$Table$$Base                      0x08010efc   Number         0  anon$$obj.o(Region$$Table)
    Region$$Table$$Limit                     0x08010f1c   Number         0  anon$$obj.o(Region$$Table)
    Font24                                   0x20000000   Data           8  stm32f769i_discovery_lcd.o(.data)
    Font20                                   0x20000008   Data           8  stm32f769i_discovery_lcd.o(.data)
    Font16                                   0x20000010   Data           8  stm32f769i_discovery_lcd.o(.data)
    Font12                                   0x20000018   Data           8  stm32f769i_discovery_lcd.o(.data)
    Font8                                    0x20000020   Data           8  stm32f769i_discovery_lcd.o(.data)
    lcd_x_size                               0x20000028   Data           4  stm32f769i_discovery_lcd.o(.data)
    lcd_y_size                               0x2000002c   Data           4  stm32f769i_discovery_lcd.o(.data)
    size                                     0x2000003c   Data           4  gui.o(.data)
    width                                    0x20000040   Data           2  gui.o(.data)
    height                                   0x20000042   Data           2  gui.o(.data)
    ex                                       0x20000044   Data           4  gui.o(.data)
    a                                        0x20000048   Data           1  gui.o(.data)
    bytesread                                0x2000004c   Data           4  gui.o(.data)
    I2C_Address                              0x20000055   Data           1  stm32f769i_discovery_ts.o(.data)
    ts_event_string_tab                      0x20000058   Data          16  stm32f769i_discovery_ts.o(.data)
    ts_gesture_id_string_tab                 0x20000068   Data          28  stm32f769i_discovery_ts.o(.data)
    ft6x06_ts_drv                            0x20000094   Data          40  ft6x06.o(.data)
    ft6x06                                   0x200000bc   Data           2  ft6x06.o(.data)
    gui_msg_q                                0x200000c4   Data           4  main.o(.data)
    TOUCH_Queue                              0x200000c8   Data           4  main.o(.data)
    SD_Path                                  0x200000cc   Data           4  main.o(.data)
    ts_status                                0x200000d0   Data           4  main.o(.data)
    defaultTaskHandle                        0x200000d4   Data           4  main.o(.data)
    blinkTaskHandle                          0x200000d8   Data           4  main.o(.data)
    drawTaskHandle                           0x200000dc   Data           4  main.o(.data)
    touchTaskHandle                          0x200000e0   Data           4  main.o(.data)
    retSD                                    0x200000e9   Data           1  fatfs.o(.data)
    SDPath                                   0x200000ea   Data           4  fatfs.o(.data)
    SystemCoreClock                          0x200000f8   Data           4  system_stm32f7xx.o(.data)
    uwTick                                   0x200000fc   Data           4  stm32f7xx_hal.o(.data)
    uwTickPrio                               0x20000100   Data           4  stm32f7xx_hal.o(.data)
    uwTickFreq                               0x20000104   Data           1  stm32f7xx_hal.o(.data)
    pxCurrentTCB                             0x20000110   Data           4  tasks.o(.data)
    hdma2d_discovery                         0x20000278   Data          88  stm32f769i_discovery_lcd.o(.bss)
    hltdc_discovery                          0x200002d0   Data         168  stm32f769i_discovery_lcd.o(.bss)
    hdsi_discovery                           0x20000378   Data          28  stm32f769i_discovery_lcd.o(.bss)
    sdramHandle                              0x2000043c   Data          52  stm32f769i_discovery_sdram.o(.bss)
    TS_State                                 0x2000055c   Data          20  gui.o(.bss)
    b                                        0x20000570   Data          16  gui.o(.bss)
    b1                                       0x20000580   Data          64  gui.o(.bss)
    SDFatFs                                  0x200005c0   Data        4152  main.o(.bss)
    sect                                     0x200015f8   Data        4096  main.o(.bss)
    screens                                  0x200025f8   Data         680  main.o(.bss)
    hadc1                                    0x200028a0   Data          72  main.o(.bss)
    hdma2d                                   0x200028e8   Data          88  main.o(.bss)
    hdsi                                     0x20002940   Data          28  main.o(.bss)
    hi2c1                                    0x2000295c   Data          76  main.o(.bss)
    hltdc                                    0x200029a8   Data         168  main.o(.bss)
    hsd2                                     0x20002a50   Data         132  main.o(.bss)
    hsdram1                                  0x20002ad4   Data          52  main.o(.bss)
    htim1                                    0x20002d5c   Data          64  stm32f7xx_hal_timebase_tim.o(.bss)
    disk                                     0x20002d9c   Data          12  ff_gen_drv.o(.bss)
    xQueueRegistry                           0x20002da8   Data          64  queue.o(.bss)
    __initial_sp                             0x2000aad8   Data           0  startup_stm32f769xx.o(STACK)



==============================================================================

Memory Map of the image

  Image Entry point : 0x080001f9

  Load Region LR_IROM1 (Base: 0x08000000, Size: 0x00011090, Max: 0x00200000, ABSOLUTE, COMPRESSED[0x00010fa4])

    Execution Region ER_IROM1 (Exec base: 0x08000000, Load base: 0x08000000, Size: 0x00010f1c, Max: 0x00200000, ABSOLUTE)

    Exec Addr    Load Addr    Size         Type   Attr      Idx    E Section Name        Object

    0x08000000   0x08000000   0x000001f8   Data   RO            3    RESET               startup_stm32f769xx.o
    0x080001f8   0x080001f8   0x00000000   Code   RO         8402  * .ARM.Collect$$$$00000000  mc_w.l(entry.o)
    0x080001f8   0x080001f8   0x00000004   Code   RO         8682    .ARM.Collect$$$$00000001  mc_w.l(entry2.o)
    0x080001fc   0x080001fc   0x00000004   Code   RO         8685    .ARM.Collect$$$$00000004  mc_w.l(entry5.o)
    0x08000200   0x08000200   0x00000000   Code   RO         8687    .ARM.Collect$$$$00000008  mc_w.l(entry7b.o)
    0x08000200   0x08000200   0x00000000   Code   RO         8689    .ARM.Collect$$$$0000000A  mc_w.l(entry8b.o)
    0x08000200   0x08000200   0x00000008   Code   RO         8690    .ARM.Collect$$$$0000000B  mc_w.l(entry9a.o)
    0x08000208   0x08000208   0x00000000   Code   RO         8692    .ARM.Collect$$$$0000000D  mc_w.l(entry10a.o)
    0x08000208   0x08000208   0x00000000   Code   RO         8694    .ARM.Collect$$$$0000000F  mc_w.l(entry11a.o)
    0x08000208   0x08000208   0x00000004   Code   RO         8683    .ARM.Collect$$$$00002712  mc_w.l(entry2.o)
    0x0800020c   0x0800020c   0x000000c2   Code   RO         8325    .emb_text           port.o
    0x080002ce   0x080002ce   0x00000002   PAD
    0x080002d0   0x080002d0   0x00000024   Code   RO            4    .text               startup_stm32f769xx.o
    0x080002f4   0x080002f4   0x00000062   Code   RO         8405    .text               mc_w.l(uldiv.o)
    0x08000356   0x08000356   0x00000024   Code   RO         8407    .text               mc_w.l(memcpya.o)
    0x0800037a   0x0800037a   0x00000024   Code   RO         8411    .text               mc_w.l(memseta.o)
    0x0800039e   0x0800039e   0x00000012   Code   RO         8413    .text               mc_w.l(strcpy.o)
    0x080003b0   0x080003b0   0x00000070   Code   RO         8678    .text               mc_w.l(strtol.o)
    0x08000420   0x08000420   0x00000004   Code   RO         8680    .text               mc_w.l(strtoll.o)
    0x08000424   0x08000424   0x0000001e   Code   RO         8701    .text               mc_w.l(llshl.o)
    0x08000442   0x08000442   0x00000020   Code   RO         8703    .text               mc_w.l(llushr.o)
    0x08000462   0x08000462   0x00000002   PAD
    0x08000464   0x08000464   0x00000008   Code   RO         8705    .text               mc_w.l(ctype_o.o)
    0x0800046c   0x0800046c   0x0000009e   Code   RO         8740    .text               mc_w.l(_strtoul.o)
    0x0800050a   0x0800050a   0x00000090   Code   RO         8742    .text               mc_w.l(__strtoll.o)
    0x0800059a   0x0800059a   0x00000002   PAD
    0x0800059c   0x0800059c   0x00000024   Code   RO         8755    .text               mc_w.l(init.o)
    0x080005c0   0x080005c0   0x0000001c   Code   RO         8760    .text               mc_w.l(_chval.o)
    0x080005dc   0x080005dc   0x000000c2   Code   RO         8762    .text               mc_w.l(_strtoull.o)
    0x0800069e   0x0800069e   0x00000056   Code   RO         8775    .text               mc_w.l(__dczerorl2.o)
    0x080006f4   0x080006f4   0x00000170   Code   RO         2040    i.ADC_Init          stm32f7xx_hal_adc.o
    0x08000864   0x08000864   0x00000068   Code   RO          369    i.BSP_LCD_DisplayChar  stm32f769i_discovery_lcd.o
    0x080008cc   0x080008cc   0x00000128   Code   RO          372    i.BSP_LCD_DisplayStringAt  stm32f769i_discovery_lcd.o
    0x080009f4   0x080009f4   0x00000030   Code   RO          379    i.BSP_LCD_DrawPixel  stm32f769i_discovery_lcd.o
    0x08000a24   0x08000a24   0x0000000c   Code   RO          390    i.BSP_LCD_GetXSize  stm32f769i_discovery_lcd.o
    0x08000a30   0x08000a30   0x0000000c   Code   RO          391    i.BSP_LCD_GetYSize  stm32f769i_discovery_lcd.o
    0x08000a3c   0x08000a3c   0x0000000a   Code   RO          392    i.BSP_LCD_Init      stm32f769i_discovery_lcd.o
    0x08000a46   0x08000a46   0x00000002   PAD
    0x08000a48   0x08000a48   0x000001e4   Code   RO          393    i.BSP_LCD_InitEx    stm32f769i_discovery_lcd.o
    0x08000c2c   0x08000c2c   0x00000090   Code   RO          394    i.BSP_LCD_LayerDefaultInit  stm32f769i_discovery_lcd.o
    0x08000cbc   0x08000cbc   0x000000e0   Code   RO          396    i.BSP_LCD_MspInit   stm32f769i_discovery_lcd.o
    0x08000d9c   0x08000d9c   0x00000068   Code   RO          398    i.BSP_LCD_Reset     stm32f769i_discovery_lcd.o
    0x08000e04   0x08000e04   0x0000000c   Code   RO          400    i.BSP_LCD_SelectLayer  stm32f769i_discovery_lcd.o
    0x08000e10   0x08000e10   0x0000001c   Code   RO          404    i.BSP_LCD_SetFont   stm32f769i_discovery_lcd.o
    0x08000e2c   0x08000e2c   0x00000018   Code   RO         1688    i.BSP_PlatformIsDetected  fatfs_platform.o
    0x08000e44   0x08000e44   0x0000008c   Code   RO          729    i.BSP_SDRAM_Init    stm32f769i_discovery_sdram.o
    0x08000ed0   0x08000ed0   0x00000098   Code   RO          730    i.BSP_SDRAM_Initialization_sequence  stm32f769i_discovery_sdram.o
    0x08000f68   0x08000f68   0x000001cc   Code   RO          732    i.BSP_SDRAM_MspInit  stm32f769i_discovery_sdram.o
    0x08001134   0x08001134   0x00000014   Code   RO         1443    i.BSP_SD_GetCardInfo  bsp_driver_sd.o
    0x08001148   0x08001148   0x00000018   Code   RO         1444    i.BSP_SD_GetCardState  bsp_driver_sd.o
    0x08001160   0x08001160   0x00000030   Code   RO         1446    i.BSP_SD_Init       bsp_driver_sd.o
    0x08001190   0x08001190   0x00000016   Code   RO         1447    i.BSP_SD_IsDetected  bsp_driver_sd.o
    0x080011a6   0x080011a6   0x00000002   PAD
    0x080011a8   0x080011a8   0x00000030   Code   RO         1448    i.BSP_SD_ReadBlocks  bsp_driver_sd.o
    0x080011d8   0x080011d8   0x00000030   Code   RO         1450    i.BSP_SD_WriteBlocks  bsp_driver_sd.o
    0x08001208   0x08001208   0x00000048   Code   RO         1165    i.BSP_TS_INT_MspInit  stm32f769i_discovery_ts.o
    0x08001250   0x08001250   0x00000058   Code   RO         1166    i.BSP_TS_ITConfig   stm32f769i_discovery_ts.o
    0x080012a8   0x080012a8   0x00000094   Code   RO         1167    i.BSP_TS_Init       stm32f769i_discovery_ts.o
    0x0800133c   0x0800133c   0x00000004   Code   RO         1771    i.BusFault_Handler  stm32f7xx_it.o
    0x08001340   0x08001340   0x00000064   Code   RO          955    i.ConvertLineToARGB8888  gui.o
    0x080013a4   0x080013a4   0x00000094   Code   RO          957    i.DMA2D_DrawImage   gui.o
    0x08001438   0x08001438   0x000000e6   Code   RO         4051    i.DMA2D_SetConfig   stm32f7xx_hal_dma2d.o
    0x0800151e   0x0800151e   0x00000002   PAD
    0x08001520   0x08001520   0x00000034   Code   RO         2767    i.DMA_CalcBaseAndBitshift  stm32f7xx_hal_dma.o
    0x08001554   0x08001554   0x000000aa   Code   RO         2768    i.DMA_CheckFifoParam  stm32f7xx_hal_dma.o
    0x080015fe   0x080015fe   0x00000014   Code   RO         4248    i.DSI_ConfigPacketHeader  stm32f7xx_hal_dsi.o
    0x08001612   0x08001612   0x00000002   PAD
    0x08001614   0x08001614   0x00000034   Code   RO          412    i.DSI_IO_WriteCmd   stm32f769i_discovery_lcd.o
    0x08001648   0x08001648   0x0000004c   Code   RO         4249    i.DSI_ShortWrite    stm32f7xx_hal_dsi.o
    0x08001694   0x08001694   0x00000002   Code   RO         1772    i.DebugMon_Handler  stm32f7xx_it.o
    0x08001696   0x08001696   0x00000002   PAD
    0x08001698   0x08001698   0x00000104   Code   RO          413    i.DrawChar          stm32f769i_discovery_lcd.o
    0x0800179c   0x0800179c   0x000006b4   Code   RO          959    i.DrawNumOnContainer  gui.o
    0x08001e50   0x08001e50   0x00000058   Code   RO          960    i.DrawPercents      gui.o
    0x08001ea8   0x08001ea8   0x00000020   Code   RO         1773    i.EXTI15_10_IRQHandler  stm32f7xx_it.o
    0x08001ec8   0x08001ec8   0x00000014   Code   RO         1321    i.Error_Handler     main.o
    0x08001edc   0x08001edc   0x00000012   Code   RO         7015    i.FATFS_LinkDriver  ff_gen_drv.o
    0x08001eee   0x08001eee   0x00000002   PAD
    0x08001ef0   0x08001ef0   0x00000054   Code   RO         7016    i.FATFS_LinkDriverEx  ff_gen_drv.o
    0x08001f44   0x08001f44   0x00000074   Code   RO         4543    i.FMC_SDRAM_Init    stm32f7xx_ll_fmc.o
    0x08001fb8   0x08001fb8   0x0000000e   Code   RO         4544    i.FMC_SDRAM_ProgramRefreshRate  stm32f7xx_ll_fmc.o
    0x08001fc6   0x08001fc6   0x00000026   Code   RO         4545    i.FMC_SDRAM_SendCommand  stm32f7xx_ll_fmc.o
    0x08001fec   0x08001fec   0x0000009c   Code   RO         4547    i.FMC_SDRAM_Timing_Init  stm32f7xx_ll_fmc.o
    0x08002088   0x08002088   0x000001b4   Code   RO         2042    i.HAL_ADC_ConfigChannel  stm32f7xx_hal_adc.o
    0x0800223c   0x0800223c   0x00000068   Code   RO         2051    i.HAL_ADC_Init      stm32f7xx_hal_adc.o
    0x080022a4   0x080022a4   0x00000078   Code   RO         1842    i.HAL_ADC_MspInit   stm32f7xx_hal_msp.o
    0x0800231c   0x0800231c   0x00000052   Code   RO         4053    i.HAL_DMA2D_BlendingStart  stm32f7xx_hal_dma2d.o
    0x0800236e   0x0800236e   0x00000002   PAD
    0x08002370   0x08002370   0x000000dc   Code   RO         4063    i.HAL_DMA2D_ConfigLayer  stm32f7xx_hal_dma2d.o
    0x0800244c   0x0800244c   0x00000078   Code   RO         4071    i.HAL_DMA2D_Init    stm32f7xx_hal_dma2d.o
    0x080024c4   0x080024c4   0x00000030   Code   RO         1844    i.HAL_DMA2D_MspInit  stm32f7xx_hal_msp.o
    0x080024f4   0x080024f4   0x00000166   Code   RO         4075    i.HAL_DMA2D_PollForTransfer  stm32f7xx_hal_dma2d.o
    0x0800265a   0x0800265a   0x0000004e   Code   RO         4078    i.HAL_DMA2D_Start   stm32f7xx_hal_dma2d.o
    0x080026a8   0x080026a8   0x0000006e   Code   RO         2772    i.HAL_DMA_DeInit    stm32f7xx_hal_dma.o
    0x08002716   0x08002716   0x00000002   PAD
    0x08002718   0x08002718   0x000000ec   Code   RO         2776    i.HAL_DMA_Init      stm32f7xx_hal_dma.o
    0x08002804   0x08002804   0x00000110   Code   RO         4253    i.HAL_DSI_ConfigErrorMonitor  stm32f7xx_hal_dsi.o
    0x08002914   0x08002914   0x00000036   Code   RO         4254    i.HAL_DSI_ConfigFlowControl  stm32f7xx_hal_dsi.o
    0x0800294a   0x0800294a   0x00000122   Code   RO         4255    i.HAL_DSI_ConfigHostTimeouts  stm32f7xx_hal_dsi.o
    0x08002a6c   0x08002a6c   0x000000a2   Code   RO         4256    i.HAL_DSI_ConfigPhyTimer  stm32f7xx_hal_dsi.o
    0x08002b0e   0x08002b0e   0x000002d0   Code   RO         4257    i.HAL_DSI_ConfigVideoMode  stm32f7xx_hal_dsi.o
    0x08002dde   0x08002dde   0x000000c6   Code   RO         4258    i.HAL_DSI_DeInit    stm32f7xx_hal_dsi.o
    0x08002ea4   0x08002ea4   0x000001c0   Code   RO         4271    i.HAL_DSI_Init      stm32f7xx_hal_dsi.o
    0x08003064   0x08003064   0x000000e4   Code   RO         4272    i.HAL_DSI_LongWrite  stm32f7xx_hal_dsi.o
    0x08003148   0x08003148   0x00000020   Code   RO         1845    i.HAL_DSI_MspDeInit  stm32f7xx_hal_msp.o
    0x08003168   0x08003168   0x00000030   Code   RO         1846    i.HAL_DSI_MspInit   stm32f7xx_hal_msp.o
    0x08003198   0x08003198   0x00000036   Code   RO         4280    i.HAL_DSI_SetGenericVCID  stm32f7xx_hal_dsi.o
    0x080031ce   0x080031ce   0x00000040   Code   RO         4282    i.HAL_DSI_SetLowPowerRXFilter  stm32f7xx_hal_dsi.o
    0x0800320e   0x0800320e   0x00000042   Code   RO         4287    i.HAL_DSI_ShortWrite  stm32f7xx_hal_dsi.o
    0x08003250   0x08003250   0x00000068   Code   RO         4289    i.HAL_DSI_Start     stm32f7xx_hal_dsi.o
    0x080032b8   0x080032b8   0x00000028   Code   RO         3277    i.HAL_Delay         stm32f7xx_hal.o
    0x080032e0   0x080032e0   0x00000110   Code   RO         1848    i.HAL_FMC_MspInit   stm32f7xx_hal_msp.o
    0x080033f0   0x080033f0   0x00000180   Code   RO         2701    i.HAL_GPIO_DeInit   stm32f7xx_hal_gpio.o
    0x08003570   0x08003570   0x00000002   Code   RO         2702    i.HAL_GPIO_EXTI_Callback  stm32f7xx_hal_gpio.o
    0x08003572   0x08003572   0x00000002   PAD
    0x08003574   0x08003574   0x0000001c   Code   RO         2703    i.HAL_GPIO_EXTI_IRQHandler  stm32f7xx_hal_gpio.o
    0x08003590   0x08003590   0x00000218   Code   RO         2704    i.HAL_GPIO_Init     stm32f7xx_hal_gpio.o
    0x080037a8   0x080037a8   0x00000010   Code   RO         2706    i.HAL_GPIO_ReadPin  stm32f7xx_hal_gpio.o
    0x080037b8   0x080037b8   0x00000012   Code   RO         2707    i.HAL_GPIO_TogglePin  stm32f7xx_hal_gpio.o
    0x080037ca   0x080037ca   0x0000000c   Code   RO         2708    i.HAL_GPIO_WritePin  stm32f7xx_hal_gpio.o
    0x080037d6   0x080037d6   0x00000002   PAD
    0x080037d8   0x080037d8   0x0000000c   Code   RO         3287    i.HAL_GetTick       stm32f7xx_hal.o
    0x080037e4   0x080037e4   0x0000006a   Code   RO         3937    i.HAL_I2CEx_ConfigAnalogFilter  stm32f7xx_hal_i2c_ex.o
    0x0800384e   0x0800384e   0x00000068   Code   RO         3938    i.HAL_I2CEx_ConfigDigitalFilter  stm32f7xx_hal_i2c_ex.o
    0x080038b6   0x080038b6   0x0000003c   Code   RO         3482    i.HAL_I2C_DeInit    stm32f7xx_hal_i2c.o
    0x080038f2   0x080038f2   0x00000008   Code   RO         3490    i.HAL_I2C_GetState  stm32f7xx_hal_i2c.o
    0x080038fa   0x080038fa   0x00000002   PAD
    0x080038fc   0x080038fc   0x000000c4   Code   RO         3491    i.HAL_I2C_Init      stm32f7xx_hal_i2c.o
    0x080039c0   0x080039c0   0x000001a0   Code   RO         3509    i.HAL_I2C_Mem_Read  stm32f7xx_hal_i2c.o
    0x08003b60   0x08003b60   0x00000198   Code   RO         3512    i.HAL_I2C_Mem_Write  stm32f7xx_hal_i2c.o
    0x08003cf8   0x08003cf8   0x00000030   Code   RO         1849    i.HAL_I2C_MspDeInit  stm32f7xx_hal_msp.o
    0x08003d28   0x08003d28   0x00000080   Code   RO         1850    i.HAL_I2C_MspInit   stm32f7xx_hal_msp.o
    0x08003da8   0x08003da8   0x00000018   Code   RO         3293    i.HAL_IncTick       stm32f7xx_hal.o
    0x08003dc0   0x08003dc0   0x00000030   Code   RO         3294    i.HAL_Init          stm32f7xx_hal.o
    0x08003df0   0x08003df0   0x00000088   Code   RO         1961    i.HAL_InitTick      stm32f7xx_hal_timebase_tim.o
    0x08003e78   0x08003e78   0x00000060   Code   RO         5092    i.HAL_LTDCEx_StructInitFromVideoConfig  stm32f7xx_hal_ltdc_ex.o
    0x08003ed8   0x08003ed8   0x0000005e   Code   RO         4837    i.HAL_LTDC_ConfigLayer  stm32f7xx_hal_ltdc.o
    0x08003f36   0x08003f36   0x00000002   PAD
    0x08003f38   0x08003f38   0x00000118   Code   RO         4854    i.HAL_LTDC_Init     stm32f7xx_hal_ltdc.o
    0x08004050   0x08004050   0x00000030   Code   RO         1852    i.HAL_LTDC_MspInit  stm32f7xx_hal_msp.o
    0x08004080   0x08004080   0x0000004c   Code   RO         1853    i.HAL_MspInit       stm32f7xx_hal_msp.o
    0x080040cc   0x080040cc   0x00000020   Code   RO         3135    i.HAL_NVIC_EnableIRQ  stm32f7xx_hal_cortex.o
    0x080040ec   0x080040ec   0x0000007c   Code   RO         3141    i.HAL_NVIC_SetPriority  stm32f7xx_hal_cortex.o
    0x08004168   0x08004168   0x00000028   Code   RO         3142    i.HAL_NVIC_SetPriorityGrouping  stm32f7xx_hal_cortex.o
    0x08004190   0x08004190   0x00000090   Code   RO         3044    i.HAL_PWREx_EnableOverDrive  stm32f7xx_hal_pwr_ex.o
    0x08004220   0x08004220   0x00000758   Code   RO         2420    i.HAL_RCCEx_PeriphCLKConfig  stm32f7xx_hal_rcc_ex.o
    0x08004978   0x08004978   0x00000190   Code   RO         2313    i.HAL_RCC_ClockConfig  stm32f7xx_hal_rcc.o
    0x08004b08   0x08004b08   0x00000044   Code   RO         2317    i.HAL_RCC_GetClockConfig  stm32f7xx_hal_rcc.o
    0x08004b4c   0x08004b4c   0x0000000c   Code   RO         2318    i.HAL_RCC_GetHCLKFreq  stm32f7xx_hal_rcc.o
    0x08004b58   0x08004b58   0x00000020   Code   RO         2321    i.HAL_RCC_GetPCLK2Freq  stm32f7xx_hal_rcc.o
    0x08004b78   0x08004b78   0x000000b0   Code   RO         2322    i.HAL_RCC_GetSysClockFreq  stm32f7xx_hal_rcc.o
    0x08004c28   0x08004c28   0x000004b8   Code   RO         2325    i.HAL_RCC_OscConfig  stm32f7xx_hal_rcc.o
    0x080050e0   0x080050e0   0x00000040   Code   RO         4684    i.HAL_SDRAM_Init    stm32f7xx_hal_sdram.o
    0x08005120   0x08005120   0x0000000a   Code   RO         1855    i.HAL_SDRAM_MspInit  stm32f7xx_hal_msp.o
    0x0800512a   0x0800512a   0x00000028   Code   RO         4687    i.HAL_SDRAM_ProgramRefreshRate  stm32f7xx_hal_sdram.o
    0x08005152   0x08005152   0x0000003a   Code   RO         4693    i.HAL_SDRAM_SendCommand  stm32f7xx_hal_sdram.o
    0x0800518c   0x0800518c   0x000000a8   Code   RO         5400    i.HAL_SD_ConfigWideBusOperation  stm32f7xx_hal_sd.o
    0x08005234   0x08005234   0x000001f0   Code   RO         5405    i.HAL_SD_GetCardCSD  stm32f7xx_hal_sd.o
    0x08005424   0x08005424   0x00000026   Code   RO         5406    i.HAL_SD_GetCardInfo  stm32f7xx_hal_sd.o
    0x0800544a   0x0800544a   0x00000028   Code   RO         5407    i.HAL_SD_GetCardState  stm32f7xx_hal_sd.o
    0x08005472   0x08005472   0x00000036   Code   RO         5412    i.HAL_SD_Init       stm32f7xx_hal_sd.o
    0x080054a8   0x080054a8   0x00000088   Code   RO         5413    i.HAL_SD_InitCard   stm32f7xx_hal_sd.o
    0x08005530   0x08005530   0x00000110   Code   RO         1857    i.HAL_SD_MspInit    stm32f7xx_hal_msp.o
    0x08005640   0x08005640   0x0000024a   Code   RO         5416    i.HAL_SD_ReadBlocks  stm32f7xx_hal_sd.o
    0x0800588a   0x0800588a   0x00000202   Code   RO         5421    i.HAL_SD_WriteBlocks  stm32f7xx_hal_sd.o
    0x08005a8c   0x08005a8c   0x00000002   Code   RO         6350    i.HAL_TIMEx_Break2Callback  stm32f7xx_hal_tim_ex.o
    0x08005a8e   0x08005a8e   0x00000002   Code   RO         6351    i.HAL_TIMEx_BreakCallback  stm32f7xx_hal_tim_ex.o
    0x08005a90   0x08005a90   0x00000002   Code   RO         6352    i.HAL_TIMEx_CommutCallback  stm32f7xx_hal_tim_ex.o
    0x08005a92   0x08005a92   0x00000034   Code   RO         5654    i.HAL_TIM_Base_Init  stm32f7xx_hal_tim.o
    0x08005ac6   0x08005ac6   0x00000002   Code   RO         5656    i.HAL_TIM_Base_MspInit  stm32f7xx_hal_tim.o
    0x08005ac8   0x08005ac8   0x00000038   Code   RO         5659    i.HAL_TIM_Base_Start_IT  stm32f7xx_hal_tim.o
    0x08005b00   0x08005b00   0x00000002   Code   RO         5683    i.HAL_TIM_IC_CaptureCallback  stm32f7xx_hal_tim.o
    0x08005b02   0x08005b02   0x000001b8   Code   RO         5697    i.HAL_TIM_IRQHandler  stm32f7xx_hal_tim.o
    0x08005cba   0x08005cba   0x00000002   Code   RO         5700    i.HAL_TIM_OC_DelayElapsedCallback  stm32f7xx_hal_tim.o
    0x08005cbc   0x08005cbc   0x00000002   Code   RO         5727    i.HAL_TIM_PWM_PulseFinishedCallback  stm32f7xx_hal_tim.o
    0x08005cbe   0x08005cbe   0x00000002   PAD
    0x08005cc0   0x08005cc0   0x00000018   Code   RO         1322    i.HAL_TIM_PeriodElapsedCallback  main.o
    0x08005cd8   0x08005cd8   0x00000002   Code   RO         5740    i.HAL_TIM_TriggerCallback  stm32f7xx_hal_tim.o
    0x08005cda   0x08005cda   0x00000004   Code   RO         1774    i.HardFault_Handler  stm32f7xx_it.o
    0x08005cde   0x08005cde   0x00000028   Code   RO         3538    i.I2C_Flush_TXDR    stm32f7xx_hal_i2c.o
    0x08005d06   0x08005d06   0x00000002   PAD
    0x08005d08   0x08005d08   0x00000098   Code   RO         3546    i.I2C_IsAcknowledgeFailed  stm32f7xx_hal_i2c.o
    0x08005da0   0x08005da0   0x0000007c   Code   RO         3549    i.I2C_RequestMemoryRead  stm32f7xx_hal_i2c.o
    0x08005e1c   0x08005e1c   0x0000007c   Code   RO         3550    i.I2C_RequestMemoryWrite  stm32f7xx_hal_i2c.o
    0x08005e98   0x08005e98   0x00000034   Code   RO         3553    i.I2C_TransferConfig  stm32f7xx_hal_i2c.o
    0x08005ecc   0x08005ecc   0x0000005e   Code   RO         3554    i.I2C_WaitOnFlagUntilTimeout  stm32f7xx_hal_i2c.o
    0x08005f2a   0x08005f2a   0x00000056   Code   RO         3556    i.I2C_WaitOnSTOPFlagUntilTimeout  stm32f7xx_hal_i2c.o
    0x08005f80   0x08005f80   0x0000005a   Code   RO         3557    i.I2C_WaitOnTXISFlagUntilTimeout  stm32f7xx_hal_i2c.o
    0x08005fda   0x08005fda   0x00000014   Code   RO           35    i.I2Cx_Error        stm32f769i_discovery.o
    0x08005fee   0x08005fee   0x00000002   PAD
    0x08005ff0   0x08005ff0   0x00000050   Code   RO           36    i.I2Cx_Init         stm32f769i_discovery.o
    0x08006040   0x08006040   0x00000180   Code   RO           38    i.I2Cx_MspInit      stm32f769i_discovery.o
    0x080061c0   0x080061c0   0x0000003a   Code   RO           39    i.I2Cx_ReadMultiple  stm32f769i_discovery.o
    0x080061fa   0x080061fa   0x0000003a   Code   RO           40    i.I2Cx_WriteMultiple  stm32f769i_discovery.o
    0x08006234   0x08006234   0x000000c4   Code   RO          961    i.LCD_DrawBitmap    gui.o
    0x080062f8   0x080062f8   0x00000004   Code   RO          415    i.LCD_IO_GetID      stm32f769i_discovery_lcd.o
    0x080062fc   0x080062fc   0x00000210   Code   RO         4873    i.LTDC_SetConfig    stm32f7xx_hal_ltdc.o
    0x0800650c   0x0800650c   0x00000074   Code   RO         1323    i.MX_ADC1_Init      main.o
    0x08006580   0x08006580   0x00000044   Code   RO         1324    i.MX_DMA2D_Init     main.o
    0x080065c4   0x080065c4   0x00000154   Code   RO         1325    i.MX_DSIHOST_DSI_Init  main.o
    0x08006718   0x08006718   0x0000001c   Code   RO         1647    i.MX_FATFS_Init     fatfs.o
    0x08006734   0x08006734   0x00000074   Code   RO         1326    i.MX_FMC_Init       main.o
    0x080067a8   0x080067a8   0x0000016c   Code   RO         1327    i.MX_GPIO_Init      main.o
    0x08006914   0x08006914   0x00000058   Code   RO         1328    i.MX_I2C1_Init      main.o
    0x0800696c   0x0800696c   0x000000c8   Code   RO         1329    i.MX_LTDC_Init      main.o
    0x08006a34   0x08006a34   0x00000028   Code   RO         1330    i.MX_SDMMC2_SD_Init  main.o
    0x08006a5c   0x08006a5c   0x00000004   Code   RO         1775    i.MemManage_Handler  stm32f7xx_it.o
    0x08006a60   0x08006a60   0x00000002   Code   RO         1776    i.NMI_Handler       stm32f7xx_it.o
    0x08006a62   0x08006a62   0x0000000c   Code   RO           41    i.OTM8009A_IO_Delay  stm32f769i_discovery.o
    0x08006a6e   0x08006a6e   0x00000002   PAD
    0x08006a70   0x08006a70   0x00000498   Code   RO          928    i.OTM8009A_Init     otm8009a.o
    0x08006f08   0x08006f08   0x000000e0   Code   RO         1331    i.OpenBMP           main.o
    0x08006fe8   0x08006fe8   0x00000090   Code   RO          962    i.PrintFullness     gui.o
    0x08007078   0x08007078   0x000000f8   Code   RO          963    i.ReadImage         gui.o
    0x08007170   0x08007170   0x0000009c   Code   RO         1332    i.SCB_EnableDCache  main.o
    0x0800720c   0x0800720c   0x0000007c   Code   RO         1333    i.SCB_EnableICache  main.o
    0x08007288   0x08007288   0x0000003a   Code   RO         5121    i.SDMMC_CmdAppCommand  stm32f7xx_ll_sdmmc.o
    0x080072c2   0x080072c2   0x00000002   PAD
    0x080072c4   0x080072c4   0x0000003c   Code   RO         5122    i.SDMMC_CmdAppOperCommand  stm32f7xx_ll_sdmmc.o
    0x08007300   0x08007300   0x0000003a   Code   RO         5123    i.SDMMC_CmdBlockLength  stm32f7xx_ll_sdmmc.o
    0x0800733a   0x0800733a   0x0000003a   Code   RO         5124    i.SDMMC_CmdBusWidth  stm32f7xx_ll_sdmmc.o
    0x08007374   0x08007374   0x0000002e   Code   RO         5128    i.SDMMC_CmdGoIdleState  stm32f7xx_ll_sdmmc.o
    0x080073a2   0x080073a2   0x00000036   Code   RO         5130    i.SDMMC_CmdOperCond  stm32f7xx_ll_sdmmc.o
    0x080073d8   0x080073d8   0x0000003a   Code   RO         5131    i.SDMMC_CmdReadMultiBlock  stm32f7xx_ll_sdmmc.o
    0x08007412   0x08007412   0x0000003a   Code   RO         5132    i.SDMMC_CmdReadSingleBlock  stm32f7xx_ll_sdmmc.o
    0x0800744c   0x0800744c   0x0000003c   Code   RO         5135    i.SDMMC_CmdSelDesel  stm32f7xx_ll_sdmmc.o
    0x08007488   0x08007488   0x00000034   Code   RO         5136    i.SDMMC_CmdSendCID  stm32f7xx_ll_sdmmc.o
    0x080074bc   0x080074bc   0x00000034   Code   RO         5137    i.SDMMC_CmdSendCSD  stm32f7xx_ll_sdmmc.o
    0x080074f0   0x080074f0   0x0000003a   Code   RO         5138    i.SDMMC_CmdSendSCR  stm32f7xx_ll_sdmmc.o
    0x0800752a   0x0800752a   0x0000003a   Code   RO         5139    i.SDMMC_CmdSendStatus  stm32f7xx_ll_sdmmc.o
    0x08007564   0x08007564   0x0000003a   Code   RO         5140    i.SDMMC_CmdSetRelAdd  stm32f7xx_ll_sdmmc.o
    0x0800759e   0x0800759e   0x00000002   PAD
    0x080075a0   0x080075a0   0x0000003c   Code   RO         5142    i.SDMMC_CmdStopTransfer  stm32f7xx_ll_sdmmc.o
    0x080075dc   0x080075dc   0x0000003a   Code   RO         5144    i.SDMMC_CmdWriteMultiBlock  stm32f7xx_ll_sdmmc.o
    0x08007616   0x08007616   0x0000003a   Code   RO         5145    i.SDMMC_CmdWriteSingleBlock  stm32f7xx_ll_sdmmc.o
    0x08007650   0x08007650   0x0000002c   Code   RO         5146    i.SDMMC_ConfigData  stm32f7xx_ll_sdmmc.o
    0x0800767c   0x0800767c   0x00000040   Code   RO         5147    i.SDMMC_GetCmdError  stm32f7xx_ll_sdmmc.o
    0x080076bc   0x080076bc   0x000001a4   Code   RO         5148    i.SDMMC_GetCmdResp1  stm32f7xx_ll_sdmmc.o
    0x08007860   0x08007860   0x0000005c   Code   RO         5149    i.SDMMC_GetCmdResp2  stm32f7xx_ll_sdmmc.o
    0x080078bc   0x080078bc   0x00000050   Code   RO         5150    i.SDMMC_GetCmdResp3  stm32f7xx_ll_sdmmc.o
    0x0800790c   0x0800790c   0x000000b0   Code   RO         5151    i.SDMMC_GetCmdResp6  stm32f7xx_ll_sdmmc.o
    0x080079bc   0x080079bc   0x00000058   Code   RO         5152    i.SDMMC_GetCmdResp7  stm32f7xx_ll_sdmmc.o
    0x08007a14   0x08007a14   0x00000008   Code   RO         5153    i.SDMMC_GetCommandResponse  stm32f7xx_ll_sdmmc.o
    0x08007a1c   0x08007a1c   0x0000000a   Code   RO         5156    i.SDMMC_GetPowerState  stm32f7xx_ll_sdmmc.o
    0x08007a26   0x08007a26   0x00000016   Code   RO         5157    i.SDMMC_GetResponse  stm32f7xx_ll_sdmmc.o
    0x08007a3c   0x08007a3c   0x00000034   Code   RO         5158    i.SDMMC_Init        stm32f7xx_ll_sdmmc.o
    0x08007a70   0x08007a70   0x0000000a   Code   RO         5160    i.SDMMC_PowerState_ON  stm32f7xx_ll_sdmmc.o
    0x08007a7a   0x08007a7a   0x00000008   Code   RO         5161    i.SDMMC_ReadFIFO    stm32f7xx_ll_sdmmc.o
    0x08007a82   0x08007a82   0x00000028   Code   RO         5162    i.SDMMC_SendCommand  stm32f7xx_ll_sdmmc.o
    0x08007aaa   0x08007aaa   0x0000000c   Code   RO         5164    i.SDMMC_WriteFIFO   stm32f7xx_ll_sdmmc.o
    0x08007ab6   0x08007ab6   0x00000002   PAD
    0x08007ab8   0x08007ab8   0x00000028   Code   RO         1527    i.SD_CheckStatus    sd_diskio.o
    0x08007ae0   0x08007ae0   0x0000012c   Code   RO         5429    i.SD_FindSCR        stm32f7xx_hal_sd.o
    0x08007c0c   0x08007c0c   0x000000fc   Code   RO         5430    i.SD_InitCard       stm32f7xx_hal_sd.o
    0x08007d08   0x08007d08   0x000000ee   Code   RO         5432    i.SD_PowerON        stm32f7xx_hal_sd.o
    0x08007df6   0x08007df6   0x00000032   Code   RO         5435    i.SD_SendStatus     stm32f7xx_hal_sd.o
    0x08007e28   0x08007e28   0x0000006a   Code   RO         5436    i.SD_WideBus_Disable  stm32f7xx_hal_sd.o
    0x08007e92   0x08007e92   0x0000006a   Code   RO         5437    i.SD_WideBus_Enable  stm32f7xx_hal_sd.o
    0x08007efc   0x08007efc   0x00000024   Code   RO         1528    i.SD_initialize     sd_diskio.o
    0x08007f20   0x08007f20   0x0000006c   Code   RO         1529    i.SD_ioctl          sd_diskio.o
    0x08007f8c   0x08007f8c   0x0000002e   Code   RO         1530    i.SD_read           sd_diskio.o
    0x08007fba   0x08007fba   0x0000000c   Code   RO         1531    i.SD_status         sd_diskio.o
    0x08007fc6   0x08007fc6   0x0000002e   Code   RO         1532    i.SD_write          sd_diskio.o
    0x08007ff4   0x08007ff4   0x00000018   Code   RO         1712    i.StartBlinkTask    freertos.o
    0x0800800c   0x0800800c   0x000000f4   Code   RO         1713    i.StartDefaultTask  freertos.o
    0x08008100   0x08008100   0x000000d8   Code   RO         1714    i.StartDrawTask     freertos.o
    0x080081d8   0x080081d8   0x00000024   Code   RO         1715    i.StartTouchTask    freertos.o
    0x080081fc   0x080081fc   0x00000038   Code   RO         8326    i.SysTick_Handler   port.o
    0x08008234   0x08008234   0x000000f0   Code   RO         1334    i.SystemClock_Config  main.o
    0x08008324   0x08008324   0x00000064   Code   RO         2001    i.SystemInit        system_stm32f7xx.o
    0x08008388   0x08008388   0x0000007c   Code   RO          964    i.TFT_FillRectangle  gui.o
    0x08008404   0x08008404   0x00000044   Code   RO          965    i.TFT_FillScreen    gui.o
    0x08008448   0x08008448   0x00000010   Code   RO         1777    i.TIM1_UP_TIM10_IRQHandler  stm32f7xx_it.o
    0x08008458   0x08008458   0x000000d8   Code   RO         5742    i.TIM_Base_SetConfig  stm32f7xx_hal_tim.o
    0x08008530   0x08008530   0x00000010   Code   RO           43    i.TS_IO_Init        stm32f769i_discovery.o
    0x08008540   0x08008540   0x00000028   Code   RO           44    i.TS_IO_Read        stm32f769i_discovery.o
    0x08008568   0x08008568   0x00000024   Code   RO           45    i.TS_IO_ReadMultiple  stm32f769i_discovery.o
    0x0800858c   0x0800858c   0x00000024   Code   RO           46    i.TS_IO_Write       stm32f769i_discovery.o
    0x080085b0   0x080085b0   0x00000004   Code   RO         1778    i.UsageFault_Handler  stm32f7xx_it.o
    0x080085b4   0x080085b4   0x00000010   Code   RO         3148    i.__NVIC_GetPriorityGrouping  stm32f7xx_hal_cortex.o
    0x080085c4   0x080085c4   0x00000028   Code   RO         3149    i.__NVIC_SetPriority  stm32f7xx_hal_cortex.o
    0x080085ec   0x080085ec   0x00000008   Code   RO         8733    i.__aeabi_errno_addr  mc_w.l(errno.o)
    0x080085f4   0x080085f4   0x0000000e   Code   RO         8769    i.__scatterload_copy  mc_w.l(handlers.o)
    0x08008602   0x08008602   0x00000002   Code   RO         8770    i.__scatterload_null  mc_w.l(handlers.o)
    0x08008604   0x08008604   0x0000000e   Code   RO         8771    i.__scatterload_zeroinit  mc_w.l(handlers.o)
    0x08008612   0x08008612   0x00000002   PAD
    0x08008614   0x08008614   0x0000007c   Code   RO         6674    i.check_fs          ff.o
    0x08008690   0x08008690   0x00000014   Code   RO         6675    i.chk_chr           ff.o
    0x080086a4   0x080086a4   0x00000036   Code   RO         6676    i.clmt_clust        ff.o
    0x080086da   0x080086da   0x0000001a   Code   RO         6677    i.clust2sect        ff.o
    0x080086f4   0x080086f4   0x000000de   Code   RO         6678    i.create_chain      ff.o
    0x080087d2   0x080087d2   0x00000002   PAD
    0x080087d4   0x080087d4   0x000000e0   Code   RO         6679    i.create_name       ff.o
    0x080088b4   0x080088b4   0x00000060   Code   RO         6680    i.dir_alloc         ff.o
    0x08008914   0x08008914   0x0000006c   Code   RO         6681    i.dir_find          ff.o
    0x08008980   0x08008980   0x0000011a   Code   RO         6682    i.dir_next          ff.o
    0x08008a9a   0x08008a9a   0x0000003c   Code   RO         6684    i.dir_register      ff.o
    0x08008ad6   0x08008ad6   0x000000a6   Code   RO         6686    i.dir_sdi           ff.o
    0x08008b7c   0x08008b7c   0x0000002c   Code   RO         6619    i.disk_initialize   diskio.o
    0x08008ba8   0x08008ba8   0x00000028   Code   RO         6620    i.disk_ioctl        diskio.o
    0x08008bd0   0x08008bd0   0x00000030   Code   RO         6621    i.disk_read         diskio.o
    0x08008c00   0x08008c00   0x0000001c   Code   RO         6622    i.disk_status       diskio.o
    0x08008c1c   0x08008c1c   0x00000030   Code   RO         6623    i.disk_write        diskio.o
    0x08008c4c   0x08008c4c   0x0000002a   Code   RO         6687    i.f_close           ff.o
    0x08008c76   0x08008c76   0x00000368   Code   RO         6691    i.f_lseek           ff.o
    0x08008fde   0x08008fde   0x00000002   PAD
    0x08008fe0   0x08008fe0   0x00000080   Code   RO         6694    i.f_mount           ff.o
    0x08009060   0x08009060   0x0000020c   Code   RO         6695    i.f_open            ff.o
    0x0800926c   0x0800926c   0x00000234   Code   RO         6700    i.f_read            ff.o
    0x080094a0   0x080094a0   0x000000b0   Code   RO         6704    i.f_sync            ff.o
    0x08009550   0x08009550   0x00000026   Code   RO         7065    i.ff_cre_syncobj    syscall.o
    0x08009576   0x08009576   0x0000000e   Code   RO         7066    i.ff_del_syncobj    syscall.o
    0x08009584   0x08009584   0x0000000c   Code   RO         7067    i.ff_rel_grant      syscall.o
    0x08009590   0x08009590   0x00000018   Code   RO         7068    i.ff_req_grant      syscall.o
    0x080095a8   0x080095a8   0x00000354   Code   RO         6708    i.find_volume       ff.o
    0x080098fc   0x080098fc   0x000000ae   Code   RO         6709    i.follow_path       ff.o
    0x080099aa   0x080099aa   0x00000002   PAD
    0x080099ac   0x080099ac   0x00000024   Code   RO         1221    i.ft6x06_GetInstance  ft6x06.o
    0x080099d0   0x080099d0   0x0000002c   Code   RO         1222    i.ft6x06_Init       ft6x06.o
    0x080099fc   0x080099fc   0x00000012   Code   RO         1223    i.ft6x06_ReadID     ft6x06.o
    0x08009a0e   0x08009a0e   0x00000002   Code   RO         1224    i.ft6x06_Reset      ft6x06.o
    0x08009a10   0x08009a10   0x00000002   Code   RO         1225    i.ft6x06_TS_ClearIT  ft6x06.o
    0x08009a12   0x08009a12   0x00000006   Code   RO         1226    i.ft6x06_TS_Configure  ft6x06.o
    0x08009a18   0x08009a18   0x00000040   Code   RO         1227    i.ft6x06_TS_DetectTouch  ft6x06.o
    0x08009a58   0x08009a58   0x00000014   Code   RO         1228    i.ft6x06_TS_DisableIT  ft6x06.o
    0x08009a6c   0x08009a6c   0x00000014   Code   RO         1229    i.ft6x06_TS_EnableIT  ft6x06.o
    0x08009a80   0x08009a80   0x00000070   Code   RO         1232    i.ft6x06_TS_GetXY   ft6x06.o
    0x08009af0   0x08009af0   0x00000006   Code   RO         1233    i.ft6x06_TS_ITStatus  ft6x06.o
    0x08009af6   0x08009af6   0x00000012   Code   RO         1234    i.ft6x06_TS_Start   ft6x06.o
    0x08009b08   0x08009b08   0x00000132   Code   RO         6710    i.get_fat           ff.o
    0x08009c3a   0x08009c3a   0x00000004   Code   RO         1648    i.get_fattime       fatfs.o
    0x08009c3e   0x08009c3e   0x00000048   Code   RO         6712    i.get_ldnumber      ff.o
    0x08009c86   0x08009c86   0x00000010   Code   RO         7895    i.inHandlerMode     cmsis_os.o
    0x08009c96   0x08009c96   0x00000026   Code   RO         6713    i.ld_clust          ff.o
    0x08009cbc   0x08009cbc   0x00000018   Code   RO         6714    i.ld_dword          ff.o
    0x08009cd4   0x08009cd4   0x0000000c   Code   RO         6715    i.ld_word           ff.o
    0x08009ce0   0x08009ce0   0x00000016   Code   RO         6716    i.lock_fs           ff.o
    0x08009cf6   0x08009cf6   0x00000002   PAD
    0x08009cf8   0x08009cf8   0x00000a80   Code   RO         1335    i.main              main.o
    0x0800a778   0x0800a778   0x0000000e   Code   RO         7897    i.makeFreeRtosPriority  cmsis_os.o
    0x0800a786   0x0800a786   0x00000024   Code   RO         6717    i.mem_cmp           ff.o
    0x0800a7aa   0x0800a7aa   0x0000001a   Code   RO         6718    i.mem_cpy           ff.o
    0x0800a7c4   0x0800a7c4   0x00000012   Code   RO         6719    i.mem_set           ff.o
    0x0800a7d6   0x0800a7d6   0x00000034   Code   RO         6720    i.move_window       ff.o
    0x0800a80a   0x0800a80a   0x00000018   Code   RO         7899    i.osDelay           cmsis_os.o
    0x0800a822   0x0800a822   0x0000000a   Code   RO         7902    i.osKernelStart     cmsis_os.o
    0x0800a82c   0x0800a82c   0x00000028   Code   RO         7911    i.osMessageCreate   cmsis_os.o
    0x0800a854   0x0800a854   0x0000009c   Code   RO         7913    i.osMessageGet      cmsis_os.o
    0x0800a8f0   0x0800a8f0   0x00000060   Code   RO         7915    i.osMessagePut      cmsis_os.o
    0x0800a950   0x0800a950   0x0000004a   Code   RO         7928    i.osSemaphoreCreate  cmsis_os.o
    0x0800a99a   0x0800a99a   0x00000018   Code   RO         7929    i.osSemaphoreDelete  cmsis_os.o
    0x0800a9b2   0x0800a9b2   0x00000002   PAD
    0x0800a9b4   0x0800a9b4   0x00000050   Code   RO         7931    i.osSemaphoreRelease  cmsis_os.o
    0x0800aa04   0x0800aa04   0x00000068   Code   RO         7932    i.osSemaphoreWait   cmsis_os.o
    0x0800aa6c   0x0800aa6c   0x0000005e   Code   RO         7936    i.osThreadCreate    cmsis_os.o
    0x0800aaca   0x0800aaca   0x0000009e   Code   RO          967    i.placePrBar        gui.o
    0x0800ab68   0x0800ab68   0x00000098   Code   RO         7583    i.prvAddCurrentTaskToDelayedList  tasks.o
    0x0800ac00   0x0800ac00   0x000000b4   Code   RO         7584    i.prvAddNewTaskToReadyList  tasks.o
    0x0800acb4   0x0800acb4   0x00000048   Code   RO         7585    i.prvCheckTasksWaitingTermination  tasks.o
    0x0800acfc   0x0800acfc   0x0000002a   Code   RO         7258    i.prvCopyDataFromQueue  queue.o
    0x0800ad26   0x0800ad26   0x0000007c   Code   RO         7259    i.prvCopyDataToQueue  queue.o
    0x0800ada2   0x0800ada2   0x00000054   Code   RO         7586    i.prvDeleteTCB      tasks.o
    0x0800adf6   0x0800adf6   0x00000014   Code   RO         7260    i.prvGetDisinheritPriorityAfterTimeout  queue.o
    0x0800ae0a   0x0800ae0a   0x00000002   PAD
    0x0800ae0c   0x0800ae0c   0x0000007c   Code   RO         8264    i.prvHeapInit       heap_4.o
    0x0800ae88   0x0800ae88   0x00000028   Code   RO         7587    i.prvIdleTask       tasks.o
    0x0800aeb0   0x0800aeb0   0x00000026   Code   RO         7262    i.prvInitialiseNewQueue  queue.o
    0x0800aed6   0x0800aed6   0x000000ae   Code   RO         7588    i.prvInitialiseNewTask  tasks.o
    0x0800af84   0x0800af84   0x00000068   Code   RO         7589    i.prvInitialiseTaskLists  tasks.o
    0x0800afec   0x0800afec   0x00000068   Code   RO         8265    i.prvInsertBlockIntoFreeList  heap_4.o
    0x0800b054   0x0800b054   0x0000001a   Code   RO         7263    i.prvIsQueueEmpty   queue.o
    0x0800b06e   0x0800b06e   0x0000001e   Code   RO         7264    i.prvIsQueueFull    queue.o
    0x0800b08c   0x0800b08c   0x00000034   Code   RO         7590    i.prvResetNextTaskUnblockTime  tasks.o
    0x0800b0c0   0x0800b0c0   0x00000048   Code   RO         8327    i.prvTaskExitError  port.o
    0x0800b108   0x0800b108   0x0000007e   Code   RO         7265    i.prvUnlockQueue    queue.o
    0x0800b186   0x0800b186   0x00000190   Code   RO         6721    i.put_fat           ff.o
    0x0800b316   0x0800b316   0x00000002   PAD
    0x0800b318   0x0800b318   0x00000148   Code   RO         8266    i.pvPortMalloc      heap_4.o
    0x0800b460   0x0800b460   0x00000020   Code   RO         7592    i.pvTaskIncrementMutexHeldCount  tasks.o
    0x0800b480   0x0800b480   0x0000002c   Code   RO         8328    i.pxPortInitialiseStack  port.o
    0x0800b4ac   0x0800b4ac   0x0000009a   Code   RO         6725    i.remove_chain      ff.o
    0x0800b546   0x0800b546   0x00000024   Code   RO         6726    i.st_clust          ff.o
    0x0800b56a   0x0800b56a   0x00000018   Code   RO         6727    i.st_dword          ff.o
    0x0800b582   0x0800b582   0x0000000c   Code   RO         6728    i.st_word           ff.o
    0x0800b58e   0x0800b58e   0x00000002   PAD
    0x0800b590   0x0800b590   0x00000090   Code   RO         6729    i.sync_fs           ff.o
    0x0800b620   0x0800b620   0x00000052   Code   RO         6730    i.sync_window       ff.o
    0x0800b672   0x0800b672   0x0000001c   Code   RO         6731    i.unlock_fs         ff.o
    0x0800b68e   0x0800b68e   0x00000028   Code   RO         7218    i.uxListRemove      list.o
    0x0800b6b6   0x0800b6b6   0x00000002   PAD
    0x0800b6b8   0x0800b6b8   0x00000018   Code   RO         1716    i.vApplicationGetIdleTaskMemory  freertos.o
    0x0800b6d0   0x0800b6d0   0x0000001a   Code   RO         7219    i.vListInitialise   list.o
    0x0800b6ea   0x0800b6ea   0x00000006   Code   RO         7220    i.vListInitialiseItem  list.o
    0x0800b6f0   0x0800b6f0   0x00000034   Code   RO         7221    i.vListInsert       list.o
    0x0800b724   0x0800b724   0x00000018   Code   RO         7222    i.vListInsertEnd    list.o
    0x0800b73c   0x0800b73c   0x0000005c   Code   RO         8330    i.vPortEnterCritical  port.o
    0x0800b798   0x0800b798   0x00000040   Code   RO         8331    i.vPortExitCritical  port.o
    0x0800b7d8   0x0800b7d8   0x0000009c   Code   RO         8267    i.vPortFree         heap_4.o
    0x0800b874   0x0800b874   0x00000028   Code   RO         8332    i.vPortSetupTimerInterrupt  port.o
    0x0800b89c   0x0800b89c   0x00000080   Code   RO         8333    i.vPortValidateInterruptPriority  port.o
    0x0800b91c   0x0800b91c   0x00000036   Code   RO         7270    i.vQueueDelete      queue.o
    0x0800b952   0x0800b952   0x00000002   PAD
    0x0800b954   0x0800b954   0x00000030   Code   RO         7271    i.vQueueUnregisterQueue  queue.o
    0x0800b984   0x0800b984   0x00000060   Code   RO         7598    i.vTaskDelay        tasks.o
    0x0800b9e4   0x0800b9e4   0x00000018   Code   RO         7601    i.vTaskInternalSetTimeOutState  tasks.o
    0x0800b9fc   0x0800b9fc   0x0000000c   Code   RO         7602    i.vTaskMissedYield  tasks.o
    0x0800ba08   0x0800ba08   0x0000003c   Code   RO         7604    i.vTaskPlaceOnEventList  tasks.o
    0x0800ba44   0x0800ba44   0x000000fc   Code   RO         7606    i.vTaskPriorityDisinheritAfterTimeout  tasks.o
    0x0800bb40   0x0800bb40   0x000000b8   Code   RO         7611    i.vTaskStartScheduler  tasks.o
    0x0800bbf8   0x0800bbf8   0x00000010   Code   RO         7613    i.vTaskSuspendAll   tasks.o
    0x0800bc08   0x0800bc08   0x00000090   Code   RO         7614    i.vTaskSwitchContext  tasks.o
    0x0800bc98   0x0800bc98   0x00000052   Code   RO         6732    i.validate          ff.o
    0x0800bcea   0x0800bcea   0x00000002   PAD
    0x0800bcec   0x0800bcec   0x00000114   Code   RO         8334    i.xPortStartScheduler  port.o
    0x0800be00   0x0800be00   0x00000062   Code   RO         7274    i.xQueueGenericCreate  queue.o
    0x0800be62   0x0800be62   0x000000f2   Code   RO         7275    i.xQueueGenericCreateStatic  queue.o
    0x0800bf54   0x0800bf54   0x0000009c   Code   RO         7276    i.xQueueGenericReset  queue.o
    0x0800bff0   0x0800bff0   0x000001b8   Code   RO         7277    i.xQueueGenericSend  queue.o
    0x0800c1a8   0x0800c1a8   0x00000108   Code   RO         7278    i.xQueueGenericSendFromISR  queue.o
    0x0800c2b0   0x0800c2b0   0x000000f0   Code   RO         7279    i.xQueueGiveFromISR  queue.o
    0x0800c3a0   0x0800c3a0   0x00000174   Code   RO         7284    i.xQueueReceive     queue.o
    0x0800c514   0x0800c514   0x000000d6   Code   RO         7285    i.xQueueReceiveFromISR  queue.o
    0x0800c5ea   0x0800c5ea   0x00000002   PAD
    0x0800c5ec   0x0800c5ec   0x000001c8   Code   RO         7286    i.xQueueSemaphoreTake  queue.o
    0x0800c7b4   0x0800c7b4   0x00000094   Code   RO         7615    i.xTaskCheckForTimeOut  tasks.o
    0x0800c848   0x0800c848   0x00000064   Code   RO         7616    i.xTaskCreate       tasks.o
    0x0800c8ac   0x0800c8ac   0x000000c4   Code   RO         7617    i.xTaskCreateStatic  tasks.o
    0x0800c970   0x0800c970   0x00000020   Code   RO         7621    i.xTaskGetSchedulerState  tasks.o
    0x0800c990   0x0800c990   0x0000014c   Code   RO         7624    i.xTaskIncrementTick  tasks.o
    0x0800cadc   0x0800cadc   0x000000d0   Code   RO         7627    i.xTaskPriorityDisinherit  tasks.o
    0x0800cbac   0x0800cbac   0x000000c8   Code   RO         7628    i.xTaskPriorityInherit  tasks.o
    0x0800cc74   0x0800cc74   0x0000009c   Code   RO         7629    i.xTaskRemoveFromEventList  tasks.o
    0x0800cd10   0x0800cd10   0x00000108   Code   RO         7630    i.xTaskResumeAll    tasks.o
    0x0800ce18   0x0800ce18   0x00003cdc   Data   RO          419    .constdata          stm32f769i_discovery_lcd.o
    0x08010af4   0x08010af4   0x00000195   Data   RO          929    .constdata          otm8009a.o
    0x08010c89   0x08010c89   0x00000003   PAD
    0x08010c8c   0x08010c8c   0x00000084   Data   RO         1337    .constdata          main.o
    0x08010d10   0x08010d10   0x00000014   Data   RO         1533    .constdata          sd_diskio.o
    0x08010d24   0x08010d24   0x00000018   Data   RO         2002    .constdata          system_stm32f7xx.o
    0x08010d3c   0x08010d3c   0x00000008   Data   RO         2782    .constdata          stm32f7xx_hal_dma.o
    0x08010d44   0x08010d44   0x0000009c   Data   RO         6733    .constdata          ff.o
    0x08010de0   0x08010de0   0x00000081   Data   RO         8706    .constdata          mc_w.l(ctype_o.o)
    0x08010e61   0x08010e61   0x00000003   PAD
    0x08010e64   0x08010e64   0x00000004   Data   RO         8707    .constdata          mc_w.l(ctype_o.o)
    0x08010e68   0x08010e68   0x00000061   Data   RO         1169    .conststring        stm32f769i_discovery_ts.o
    0x08010ec9   0x08010ec9   0x00000003   PAD
    0x08010ecc   0x08010ecc   0x0000002d   Data   RO         1338    .conststring        main.o
    0x08010ef9   0x08010ef9   0x00000003   PAD
    0x08010efc   0x08010efc   0x00000020   Data   RO         8767    Region$$Table       anon$$obj.o


    Execution Region RW_IRAM1 (Exec base: 0x20000000, Load base: 0x08010f1c, Size: 0x0000aad8, Max: 0x00080000, ABSOLUTE, COMPRESSED[0x00000088])

    Exec Addr    Load Addr    Size         Type   Attr      Idx    E Section Name        Object

    0x20000000   COMPRESSED   0x00000034   Data   RW          420    .data               stm32f769i_discovery_lcd.o
    0x20000034   COMPRESSED   0x00000002   Data   RW          739    .data               stm32f769i_discovery_sdram.o
    0x20000036   COMPRESSED   0x00000002   PAD
    0x20000038   COMPRESSED   0x00000018   Data   RW          970    .data               gui.o
    0x20000050   COMPRESSED   0x00000044   Data   RW         1170    .data               stm32f769i_discovery_ts.o
    0x20000094   COMPRESSED   0x0000002d   Data   RW         1235    .data               ft6x06.o
    0x200000c1   COMPRESSED   0x00000003   PAD
    0x200000c4   COMPRESSED   0x00000024   Data   RW         1339    .data               main.o
    0x200000e8   COMPRESSED   0x00000001   Data   RW         1534    .data               sd_diskio.o
    0x200000e9   COMPRESSED   0x00000005   Data   RW         1650    .data               fatfs.o
    0x200000ee   COMPRESSED   0x00000002   PAD
    0x200000f0   COMPRESSED   0x00000008   Data   RW         1858    .data               stm32f7xx_hal_msp.o
    0x200000f8   COMPRESSED   0x00000004   Data   RW         2003    .data               system_stm32f7xx.o
    0x200000fc   COMPRESSED   0x00000009   Data   RW         3301    .data               stm32f7xx_hal.o
    0x20000105   COMPRESSED   0x00000003   PAD
    0x20000108   COMPRESSED   0x00000006   Data   RW         6734    .data               ff.o
    0x2000010e   COMPRESSED   0x00000002   PAD
    0x20000110   COMPRESSED   0x0000003c   Data   RW         7633    .data               tasks.o
    0x2000014c   COMPRESSED   0x00000018   Data   RW         8272    .data               heap_4.o
    0x20000164   COMPRESSED   0x0000000c   Data   RW         8335    .data               port.o
    0x20000170   COMPRESSED   0x00000004   Data   RW         8736    .data               mc_w.l(errno.o)
    0x20000174        -       0x00000098   Zero   RW           48    .bss                stm32f769i_discovery.o
    0x2000020c        -       0x00000230   Zero   RW          418    .bss                stm32f769i_discovery_lcd.o
    0x2000043c        -       0x00000120   Zero   RW          738    .bss                stm32f769i_discovery_sdram.o
    0x2000055c        -       0x00000064   Zero   RW          968    .bss                gui.o
    0x200005c0        -       0x00002548   Zero   RW         1336    .bss                main.o
    0x20002b08        -       0x00000254   Zero   RW         1717    .bss                freertos.o
    0x20002d5c        -       0x00000040   Zero   RW         1964    .bss                stm32f7xx_hal_timebase_tim.o
    0x20002d9c        -       0x0000000c   Zero   RW         7019    .bss                ff_gen_drv.o
    0x20002da8        -       0x00000040   Zero   RW         7287    .bss                queue.o
    0x20002de8        -       0x000000f0   Zero   RW         7632    .bss                tasks.o
    0x20002ed8        -       0x00003c00   Zero   RW         8271    .bss                heap_4.o
    0x20006ad8        -       0x00004000   Zero   RW            1    STACK               startup_stm32f769xx.o


==============================================================================

Image component sizes


      Code (inc. data)   RO Data    RW Data    ZI Data      Debug   Object Name

       210         26          0          0          0       3929   bsp_driver_sd.o
       732         18          0          0          0      33222   cmsis_os.o
       208         24          0          0          0       3765   diskio.o
         0          0          0          0          0      18056   event_groups.o
        32         12          0          5          0       1384   fatfs.o
        24          4          0          0          0        525   fatfs_platform.o
      6282         62        156          6          0      37434   ff.o
       102          6          0          0         12       1611   ff_gen_drv.o
       544         44          0          0        596       3838   freertos.o
       348         22          0         45          0      11016   ft6x06.o
      2990        150          0         24        100      41660   gui.o
       712         62          0         24      15360       7227   heap_4.o
       148          0          0          0          0       3442   list.o
      4808        876        177         36       9544      53612   main.o
      1176        314        405          0          0       5744   otm8009a.o
       966         86          0         12          0      11665   port.o
      2990         24          0          0         64      20619   queue.o
       288         16         20          1          0      39120   sd_diskio.o
        36          8        504          0      16384        816   startup_stm32f769xx.o
       740         52          0          0        152    1069365   stm32f769i_discovery.o
      1794        132      15580         52        560      15939   stm32f769i_discovery_lcd.o
       752         64          0          2        288    1062924   stm32f769i_discovery_sdram.o
       308         44         97         68          0       4934   stm32f769i_discovery_ts.o
       124         22          0          9          0       8358   stm32f7xx_hal.o
       908         40          0          0          0       2595   stm32f7xx_hal_adc.o
       252         22          0          0          0      38518   stm32f7xx_hal_cortex.o
       568         10          8          0          0       3432   stm32f7xx_hal_dma.o
      1088          6          0          0          0       5901   stm32f7xx_hal_dma2d.o
      2756         10          0          0          0      12845   stm32f7xx_hal_dsi.o
       996        104          0          0          0       5662   stm32f7xx_hal_gpio.o
      1850         34          0          0          0      12358   stm32f7xx_hal_i2c.o
       210          0          0          0          0       1887   stm32f7xx_hal_i2c_ex.o
       902          6          0          0          0       2755   stm32f7xx_hal_ltdc.o
        96          0          0          0          0       1103   stm32f7xx_hal_ltdc_ex.o
      1102        130          0          8          0       7168   stm32f7xx_hal_msp.o
       144          8          0          0          0       1232   stm32f7xx_hal_pwr_ex.o
      1896         70          0          0          0       5446   stm32f7xx_hal_rcc.o
      1880         16          0          0          0       2192   stm32f7xx_hal_rcc_ex.o
      3084          0          0          0          0      12916   stm32f7xx_hal_sd.o
       162          0          0          0          0       2644   stm32f7xx_hal_sdram.o
       774         52          0          0          0       6134   stm32f7xx_hal_tim.o
         6          0          0          0          0       2068   stm32f7xx_hal_tim_ex.o
       136         18          0          0         64       1379   stm32f7xx_hal_timebase_tim.o
        68         12          0          0          0       3615   stm32f7xx_it.o
       324          4          0          0          0       3288   stm32f7xx_ll_fmc.o
      2090         40          0          0          0      23452   stm32f7xx_ll_sdmmc.o
         0          0          0          0          0        392   stream_buffer.o
        88          0          0          0          0       3364   syscall.o
       100         18         24          4          0       1095   system_stm32f7xx.o
      3314        374          0         60        240      25145   tasks.o

    ----------------------------------------------------------------------
     51172       3042      17012        368      43364    2648791   Object Totals
         0          0         32          0          0          0   (incl. Generated)
        64          0          9         12          0          0   (incl. Padding)

    ----------------------------------------------------------------------

      Code (inc. data)   RO Data    RW Data    ZI Data      Debug   Library Member Name

        86          0          0          0          0          0   __dczerorl2.o
       144          0          0          0          0         88   __strtoll.o
        28          0          0          0          0         68   _chval.o
       158          0          0          0          0         92   _strtoul.o
       194          0          0          0          0         96   _strtoull.o
         8          4        133          0          0         68   ctype_o.o
         0          0          0          0          0          0   entry.o
         0          0          0          0          0          0   entry10a.o
         0          0          0          0          0          0   entry11a.o
         8          4          0          0          0          0   entry2.o
         4          0          0          0          0          0   entry5.o
         0          0          0          0          0          0   entry7b.o
         0          0          0          0          0          0   entry8b.o
         8          4          0          0          0          0   entry9a.o
         8          4          0          4          0         68   errno.o
        30          0          0          0          0          0   handlers.o
        36          8          0          0          0         68   init.o
        30          0          0          0          0         68   llshl.o
        32          0          0          0          0         68   llushr.o
        36          0          0          0          0         68   memcpya.o
        36          0          0          0          0        108   memseta.o
        18          0          0          0          0         68   strcpy.o
       112          0          0          0          0         88   strtol.o
         4          0          0          0          0         68   strtoll.o
        98          0          0          0          0         92   uldiv.o

    ----------------------------------------------------------------------
      1084         24        136          4          0       1176   Library Totals
         6          0          3          0          0          0   (incl. Padding)

    ----------------------------------------------------------------------

      Code (inc. data)   RO Data    RW Data    ZI Data      Debug   Library Name

      1078         24        133          4          0       1176   mc_w.l

    ----------------------------------------------------------------------
      1084         24        136          4          0       1176   Library Totals

    ----------------------------------------------------------------------

==============================================================================


      Code (inc. data)   RO Data    RW Data    ZI Data      Debug   

     52256       3066      17148        372      43364    2613531   Grand Totals
     52256       3066      17148        136      43364    2613531   ELF Image Totals (compressed)
     52256       3066      17148        136          0          0   ROM Totals

==============================================================================

    Total RO  Size (Code + RO Data)                69404 (  67.78kB)
    Total RW  Size (RW Data + ZI Data)             43736 (  42.71kB)
    Total ROM Size (Code + RO Data + RW Data)      69540 (  67.91kB)

==============================================================================

